ARM GAS  C:\Users\pashk\AppData\Local\Temp\cc50po5K.s 			page 1


   1              		.cpu cortex-m4
   2              		.arch armv7e-m
   3              		.fpu fpv4-sp-d16
   4              		.eabi_attribute 27, 1
   5              		.eabi_attribute 28, 1
   6              		.eabi_attribute 20, 1
   7              		.eabi_attribute 21, 1
   8              		.eabi_attribute 23, 3
   9              		.eabi_attribute 24, 1
  10              		.eabi_attribute 25, 1
  11              		.eabi_attribute 26, 1
  12              		.eabi_attribute 30, 1
  13              		.eabi_attribute 34, 1
  14              		.eabi_attribute 18, 4
  15              		.file	"it_handlers.c"
  16              		.text
  17              	.Ltext0:
  18              		.cfi_sections	.debug_frame
  19              		.file 1 "Core/Src/it_handlers.c"
  20              		.section	.text.EXTI15_10_IRQHandler,"ax",%progbits
  21              		.align	1
  22              		.global	EXTI15_10_IRQHandler
  23              		.syntax unified
  24              		.thumb
  25              		.thumb_func
  27              	EXTI15_10_IRQHandler:
  28              	.LFB130:
   1:Core/Src/it_handlers.c **** #include "init.h"
   2:Core/Src/it_handlers.c **** #include "it_handlers.h"
   3:Core/Src/it_handlers.c **** 
   4:Core/Src/it_handlers.c **** extern uint8_t LedState;
   5:Core/Src/it_handlers.c **** uint8_t BtnCount;
   6:Core/Src/it_handlers.c **** void EXTI15_10_IRQHandler(void)
   7:Core/Src/it_handlers.c **** {
  29              		.loc 1 7 1 view -0
  30              		.cfi_startproc
  31              		@ args = 0, pretend = 0, frame = 0
  32              		@ frame_needed = 0, uses_anonymous_args = 0
  33              		@ link register save eliminated.
   8:Core/Src/it_handlers.c ****     BtnCount++;
  34              		.loc 1 8 5 view .LVU1
  35              		.loc 1 8 13 is_stmt 0 view .LVU2
  36 0000 0A4A     		ldr	r2, .L3
  37 0002 1378     		ldrb	r3, [r2]	@ zero_extendqisi2
  38 0004 0133     		adds	r3, r3, #1
  39 0006 DBB2     		uxtb	r3, r3
  40 0008 1370     		strb	r3, [r2]
   9:Core/Src/it_handlers.c ****     if(BtnCount >=2)
  41              		.loc 1 9 5 is_stmt 1 view .LVU3
  42              		.loc 1 9 7 is_stmt 0 view .LVU4
  43 000a 012B     		cmp	r3, #1
  44 000c 08D9     		bls	.L2
  10:Core/Src/it_handlers.c ****     {
  11:Core/Src/it_handlers.c ****         LedState = !LedState;
  45              		.loc 1 11 9 is_stmt 1 view .LVU5
  46              		.loc 1 11 20 is_stmt 0 view .LVU6
  47 000e 084A     		ldr	r2, .L3+4
ARM GAS  C:\Users\pashk\AppData\Local\Temp\cc50po5K.s 			page 2


  48 0010 1378     		ldrb	r3, [r2]	@ zero_extendqisi2
  49 0012 B3FA83F3 		clz	r3, r3
  50 0016 5B09     		lsrs	r3, r3, #5
  51              		.loc 1 11 18 view .LVU7
  52 0018 1370     		strb	r3, [r2]
  12:Core/Src/it_handlers.c ****         BtnCount = 0;
  53              		.loc 1 12 9 is_stmt 1 view .LVU8
  54              		.loc 1 12 18 is_stmt 0 view .LVU9
  55 001a 044B     		ldr	r3, .L3
  56 001c 0022     		movs	r2, #0
  57 001e 1A70     		strb	r2, [r3]
  58              	.L2:
  13:Core/Src/it_handlers.c ****     }
  14:Core/Src/it_handlers.c ****     SET_BIT(EXTI->PR, EXTI_PR_PR1);
  59              		.loc 1 14 5 is_stmt 1 view .LVU10
  60 0020 044A     		ldr	r2, .L3+8
  61 0022 5369     		ldr	r3, [r2, #20]
  62 0024 43F00203 		orr	r3, r3, #2
  63 0028 5361     		str	r3, [r2, #20]
  15:Core/Src/it_handlers.c **** }...
  64              		.loc 1 15 1 is_stmt 0 view .LVU11
  65 002a 7047     		bx	lr
  66              	.L4:
  67              		.align	2
  68              	.L3:
  69 002c 00000000 		.word	BtnCount
  70 0030 00000000 		.word	LedState
  71 0034 003C0140 		.word	1073822720
  72              		.cfi_endproc
  73              	.LFE130:
  75              		.global	BtnCount
  76              		.section	.bss.BtnCount,"aw",%nobits
  79              	BtnCount:
  80 0000 00       		.space	1
  81              		.text
  82              	.Letext0:
  83              		.file 2 "C:/Users/pashk/Desktop/\302\240/tools/Make/xpack-arm-none-eabi-gcc-13.2.1-1.1-win32-x64/x
  84              		.file 3 "C:/Users/pashk/Desktop/\302\240/tools/Make/xpack-arm-none-eabi-gcc-13.2.1-1.1-win32-x64/x
  85              		.file 4 "CMSIS/Devices/STM32F4xx/Inc/STM32F411xE/stm32f411xe.h"
ARM GAS  C:\Users\pashk\AppData\Local\Temp\cc50po5K.s 			page 3


DEFINED SYMBOLS
                            *ABS*:00000000 it_handlers.c
C:\Users\pashk\AppData\Local\Temp\cc50po5K.s:21     .text.EXTI15_10_IRQHandler:00000000 $t
C:\Users\pashk\AppData\Local\Temp\cc50po5K.s:27     .text.EXTI15_10_IRQHandler:00000000 EXTI15_10_IRQHandler
C:\Users\pashk\AppData\Local\Temp\cc50po5K.s:69     .text.EXTI15_10_IRQHandler:0000002c $d
C:\Users\pashk\AppData\Local\Temp\cc50po5K.s:79     .bss.BtnCount:00000000 BtnCount
C:\Users\pashk\AppData\Local\Temp\cc50po5K.s:80     .bss.BtnCount:00000000 $d

UNDEFINED SYMBOLS
LedState
