ARM GAS  C:\Users\pashk\AppData\Local\Temp\ccotRKW0.s 			page 1


   1              		.cpu cortex-m4
   2              		.arch armv7e-m
   3              		.fpu fpv4-sp-d16
   4              		.eabi_attribute 27, 1
   5              		.eabi_attribute 28, 1
   6              		.eabi_attribute 20, 1
   7              		.eabi_attribute 21, 1
   8              		.eabi_attribute 23, 3
   9              		.eabi_attribute 24, 1
  10              		.eabi_attribute 25, 1
  11              		.eabi_attribute 26, 1
  12              		.eabi_attribute 30, 1
  13              		.eabi_attribute 34, 1
  14              		.eabi_attribute 18, 4
  15              		.file	"main.c"
  16              		.text
  17              	.Ltext0:
  18              		.cfi_sections	.debug_frame
  19              		.file 1 "Core/Src/main.c"
  20              		.section	.text.main,"ax",%progbits
  21              		.align	1
  22              		.global	main
  23              		.syntax unified
  24              		.thumb
  25              		.thumb_func
  27              	main:
  28              	.LFB130:
   1:Core/Src/main.c **** #include "init.h"
   2:Core/Src/main.c **** 
   3:Core/Src/main.c **** int main(void)
   4:Core/Src/main.c **** {
  29              		.loc 1 4 1 view -0
  30              		.cfi_startproc
  31              		@ Volatile: function does not return.
  32              		@ args = 0, pretend = 0, frame = 0
  33              		@ frame_needed = 0, uses_anonymous_args = 0
  34              		@ link register save eliminated.
  35              	.L2:
   5:Core/Src/main.c ****     while (1)
  36              		.loc 1 5 5 view .LVU1
   6:Core/Src/main.c ****     {
   7:Core/Src/main.c ****         SET_GPIO_A5;
  37              		.loc 1 7 9 discriminator 1 view .LVU2
  38 0000 014B     		ldr	r3, .L3
  39 0002 2022     		movs	r2, #32
  40 0004 9A61     		str	r2, [r3, #24]
   5:Core/Src/main.c ****     while (1)
  41              		.loc 1 5 11 view .LVU3
  42 0006 FBE7     		b	.L2
  43              	.L4:
  44              		.align	2
  45              	.L3:
  46 0008 00000240 		.word	1073872896
  47              		.cfi_endproc
  48              	.LFE130:
  50              		.text
  51              	.Letext0:
ARM GAS  C:\Users\pashk\AppData\Local\Temp\ccotRKW0.s 			page 2


  52              		.file 2 "C:/Users/pashk/Desktop/\302\240/tools/Make/xpack-arm-none-eabi-gcc-13.2.1-1.1-win32-x64/x
  53              		.file 3 "C:/Users/pashk/Desktop/\302\240/tools/Make/xpack-arm-none-eabi-gcc-13.2.1-1.1-win32-x64/x
ARM GAS  C:\Users\pashk\AppData\Local\Temp\ccotRKW0.s 			page 3


DEFINED SYMBOLS
                            *ABS*:00000000 main.c
C:\Users\pashk\AppData\Local\Temp\ccotRKW0.s:21     .text.main:00000000 $t
C:\Users\pashk\AppData\Local\Temp\ccotRKW0.s:27     .text.main:00000000 main
C:\Users\pashk\AppData\Local\Temp\ccotRKW0.s:46     .text.main:00000008 $d

NO UNDEFINED SYMBOLS
