Archive member included to satisfy reference by file (symbol)

C:/Users/pashk/Desktop/ /tools/Make/xpack-arm-none-eabi-gcc-13.2.1-1.1-win32-x64/xpack-arm-none-eabi-gcc-13.2.1-1.1/bin/../lib/gcc/arm-none-eabi/13.2.1/../../../../arm-none-eabi/lib/thumb/v7e-m+fp/hard\libc_nano.a(libc_a-atexit.o)
                              C:/Users/pashk/Desktop/ /tools/Make/xpack-arm-none-eabi-gcc-13.2.1-1.1-win32-x64/xpack-arm-none-eabi-gcc-13.2.1-1.1/bin/../lib/gcc/arm-none-eabi/13.2.1/../../../../arm-none-eabi/lib/thumb/v7e-m+fp/hard/crt0.o (atexit)
C:/Users/pashk/Desktop/ /tools/Make/xpack-arm-none-eabi-gcc-13.2.1-1.1-win32-x64/xpack-arm-none-eabi-gcc-13.2.1-1.1/bin/../lib/gcc/arm-none-eabi/13.2.1/../../../../arm-none-eabi/lib/thumb/v7e-m+fp/hard\libc_nano.a(libc_a-exit.o)
                              C:/Users/pashk/Desktop/ /tools/Make/xpack-arm-none-eabi-gcc-13.2.1-1.1-win32-x64/xpack-arm-none-eabi-gcc-13.2.1-1.1/bin/../lib/gcc/arm-none-eabi/13.2.1/../../../../arm-none-eabi/lib/thumb/v7e-m+fp/hard/crt0.o (exit)
C:/Users/pashk/Desktop/ /tools/Make/xpack-arm-none-eabi-gcc-13.2.1-1.1-win32-x64/xpack-arm-none-eabi-gcc-13.2.1-1.1/bin/../lib/gcc/arm-none-eabi/13.2.1/../../../../arm-none-eabi/lib/thumb/v7e-m+fp/hard\libc_nano.a(libc_a-findfp.o)
                              C:/Users/pashk/Desktop/ /tools/Make/xpack-arm-none-eabi-gcc-13.2.1-1.1-win32-x64/xpack-arm-none-eabi-gcc-13.2.1-1.1/bin/../lib/gcc/arm-none-eabi/13.2.1/../../../../arm-none-eabi/lib/thumb/v7e-m+fp/hard\libc_nano.a(libc_a-exit.o) (__stdio_exit_handler)
C:/Users/pashk/Desktop/ /tools/Make/xpack-arm-none-eabi-gcc-13.2.1-1.1-win32-x64/xpack-arm-none-eabi-gcc-13.2.1-1.1/bin/../lib/gcc/arm-none-eabi/13.2.1/../../../../arm-none-eabi/lib/thumb/v7e-m+fp/hard\libc_nano.a(libc_a-fwalk.o)
                              C:/Users/pashk/Desktop/ /tools/Make/xpack-arm-none-eabi-gcc-13.2.1-1.1-win32-x64/xpack-arm-none-eabi-gcc-13.2.1-1.1/bin/../lib/gcc/arm-none-eabi/13.2.1/../../../../arm-none-eabi/lib/thumb/v7e-m+fp/hard\libc_nano.a(libc_a-findfp.o) (_fwalk_sglue)
C:/Users/pashk/Desktop/ /tools/Make/xpack-arm-none-eabi-gcc-13.2.1-1.1-win32-x64/xpack-arm-none-eabi-gcc-13.2.1-1.1/bin/../lib/gcc/arm-none-eabi/13.2.1/../../../../arm-none-eabi/lib/thumb/v7e-m+fp/hard\libc_nano.a(libc_a-printf.o)
                              build_F411RE/main.o (printf)
C:/Users/pashk/Desktop/ /tools/Make/xpack-arm-none-eabi-gcc-13.2.1-1.1-win32-x64/xpack-arm-none-eabi-gcc-13.2.1-1.1/bin/../lib/gcc/arm-none-eabi/13.2.1/../../../../arm-none-eabi/lib/thumb/v7e-m+fp/hard\libc_nano.a(libc_a-puts.o)
                              build_F411RE/main.o (puts)
C:/Users/pashk/Desktop/ /tools/Make/xpack-arm-none-eabi-gcc-13.2.1-1.1-win32-x64/xpack-arm-none-eabi-gcc-13.2.1-1.1/bin/../lib/gcc/arm-none-eabi/13.2.1/../../../../arm-none-eabi/lib/thumb/v7e-m+fp/hard\libc_nano.a(libc_a-stdio.o)
                              C:/Users/pashk/Desktop/ /tools/Make/xpack-arm-none-eabi-gcc-13.2.1-1.1-win32-x64/xpack-arm-none-eabi-gcc-13.2.1-1.1/bin/../lib/gcc/arm-none-eabi/13.2.1/../../../../arm-none-eabi/lib/thumb/v7e-m+fp/hard\libc_nano.a(libc_a-findfp.o) (__sread)
C:/Users/pashk/Desktop/ /tools/Make/xpack-arm-none-eabi-gcc-13.2.1-1.1-win32-x64/xpack-arm-none-eabi-gcc-13.2.1-1.1/bin/../lib/gcc/arm-none-eabi/13.2.1/../../../../arm-none-eabi/lib/thumb/v7e-m+fp/hard\libc_nano.a(libc_a-wbuf.o)
                              C:/Users/pashk/Desktop/ /tools/Make/xpack-arm-none-eabi-gcc-13.2.1-1.1-win32-x64/xpack-arm-none-eabi-gcc-13.2.1-1.1/bin/../lib/gcc/arm-none-eabi/13.2.1/../../../../arm-none-eabi/lib/thumb/v7e-m+fp/hard\libc_nano.a(libc_a-puts.o) (__swbuf_r)
C:/Users/pashk/Desktop/ /tools/Make/xpack-arm-none-eabi-gcc-13.2.1-1.1-win32-x64/xpack-arm-none-eabi-gcc-13.2.1-1.1/bin/../lib/gcc/arm-none-eabi/13.2.1/../../../../arm-none-eabi/lib/thumb/v7e-m+fp/hard\libc_nano.a(libc_a-wsetup.o)
                              C:/Users/pashk/Desktop/ /tools/Make/xpack-arm-none-eabi-gcc-13.2.1-1.1-win32-x64/xpack-arm-none-eabi-gcc-13.2.1-1.1/bin/../lib/gcc/arm-none-eabi/13.2.1/../../../../arm-none-eabi/lib/thumb/v7e-m+fp/hard\libc_nano.a(libc_a-puts.o) (__swsetup_r)
C:/Users/pashk/Desktop/ /tools/Make/xpack-arm-none-eabi-gcc-13.2.1-1.1-win32-x64/xpack-arm-none-eabi-gcc-13.2.1-1.1/bin/../lib/gcc/arm-none-eabi/13.2.1/../../../../arm-none-eabi/lib/thumb/v7e-m+fp/hard\libc_nano.a(libc_a-memset.o)
                              C:/Users/pashk/Desktop/ /tools/Make/xpack-arm-none-eabi-gcc-13.2.1-1.1-win32-x64/xpack-arm-none-eabi-gcc-13.2.1-1.1/bin/../lib/gcc/arm-none-eabi/13.2.1/../../../../arm-none-eabi/lib/thumb/v7e-m+fp/hard/crt0.o (memset)
C:/Users/pashk/Desktop/ /tools/Make/xpack-arm-none-eabi-gcc-13.2.1-1.1-win32-x64/xpack-arm-none-eabi-gcc-13.2.1-1.1/bin/../lib/gcc/arm-none-eabi/13.2.1/../../../../arm-none-eabi/lib/thumb/v7e-m+fp/hard\libc_nano.a(libc_a-closer.o)
[...]
Memory Configuration

Name             Origin             Length             Attributes
RAM              0x20000000         0x00020000         xrw
FLASH            0x08000000         0x00080000         xr
*default*        0x00000000         0xffffffff

Linker script and memory map

LOAD C:/Users/pashk/Desktop/ /tools/Make/xpack-arm-none-eabi-gcc-13.2.1-1.1-win32-x64/xpack-arm-none-eabi-gcc-13.2.1-1.1/bin/../lib/gcc/arm-none-eabi/13.2.1/thumb/v7e-m+fp/hard/crti.o
LOAD C:/Users/pashk/Desktop/ /tools/Make/xpack-arm-none-eabi-gcc-13.2.1-1.1-win32-x64/xpack-arm-none-eabi-gcc-13.2.1-1.1/bin/../lib/gcc/arm-none-eabi/13.2.1/thumb/v7e-m+fp/hard/crtbegin.o
LOAD C:/Users/pashk/Desktop/ /tools/Make/xpack-arm-none-eabi-gcc-13.2.1-1.1-win32-x64/xpack-arm-none-eabi-gcc-13.2.1-1.1/bin/../lib/gcc/arm-none-eabi/13.2.1/../../../../arm-none-eabi/lib/thumb/v7e-m+fp/hard/crt0.o
LOAD build_F411RE/system_stm32f4xx.o
LOAD build_F411RE/syscalls.o
LOAD build_F411RE/sysmem.o
LOAD build_F411RE/main.o
LOAD build_F411RE/init.o
LOAD build_F411RE/handlers.o
LOAD build_F411RE/task.o
LOAD build_F411RE/core.o
LOAD build_F411RE/i2c.o
LOAD build_F411RE/MPU6050.o
LOAD build_F411RE/sys_init.o
LOAD build_F411RE/syscalls.o
LOAD build_F411RE/sysmem.o
LOAD build_F411RE/time_base.o
LOAD build_F411RE/uart.o
LOAD build_F411RE/startup_stm32f411xe.o
LOAD C:/Users/pashk/Desktop/ /tools/Make/xpack-arm-none-eabi-gcc-13.2.1-1.1-win32-x64/xpack-arm-none-eabi-gcc-13.2.1-1.1/bin/../lib/gcc/arm-none-eabi/13.2.1/../../../../arm-none-eabi/lib/thumb/v7e-m+fp/hard\libc_nano.a
LOAD C:/Users/pashk/Desktop/ /tools/Make/xpack-arm-none-eabi-gcc-13.2.1-1.1-win32-x64/xpack-arm-none-eabi-gcc-13.2.1-1.1/bin/../lib/gcc/arm-none-eabi/13.2.1/../../../../arm-none-eabi/lib/thumb/v7e-m+fp/hard\libm.a
LOAD C:/Users/pashk/Desktop/ /tools/Make/xpack-arm-none-eabi-gcc-13.2.1-1.1-win32-x64/xpack-arm-none-eabi-gcc-13.2.1-1.1/bin/../lib/gcc/arm-none-eabi/13.2.1/../../../../arm-none-eabi/lib/thumb/v7e-m+fp/hard\libnosys.a
START GROUP
LOAD C:/Users/pashk/Desktop/ /tools/Make/xpack-arm-none-eabi-gcc-13.2.1-1.1-win32-x64/xpack-arm-none-eabi-gcc-13.2.1-1.1/bin/../lib/gcc/arm-none-eabi/13.2.1/thumb/v7e-m+fp/hard\libgcc.a
LOAD C:/Users/pashk/Desktop/ /tools/Make/xpack-arm-none-eabi-gcc-13.2.1-1.1-win32-x64/xpack-arm-none-eabi-gcc-13.2.1-1.1/bin/../lib/gcc/arm-none-eabi/13.2.1/../../../../arm-none-eabi/lib/thumb/v7e-m+fp/hard\libc_nano.a
END GROUP
START GROUP
LOAD C:/Users/pashk/Desktop/ /tools/Make/xpack-arm-none-eabi-gcc-13.2.1-1.1-win32-x64/xpack-arm-none-eabi-gcc-13.2.1-1.1/bin/../lib/gcc/arm-none-eabi/13.2.1/thumb/v7e-m+fp/hard\libgcc.a
LOAD C:/Users/pashk/Desktop/ /tools/Make/xpack-arm-none-eabi-gcc-13.2.1-1.1-win32-x64/xpack-arm-none-eabi-gcc-13.2.1-1.1/bin/../lib/gcc/arm-none-eabi/13.2.1/../../../../arm-none-eabi/lib/thumb/v7e-m+fp/hard\libc_nano.a
END GROUP
LOAD C:/Users/pashk/Desktop/ /tools/Make/xpack-arm-none-eabi-gcc-13.2.1-1.1-win32-x64/xpack-arm-none-eabi-gcc-13.2.1-1.1/bin/../lib/gcc/arm-none-eabi/13.2.1/thumb/v7e-m+fp/hard/crtend.o
LOAD C:/Users/pashk/Desktop/ /tools/Make/xpack-arm-none-eabi-gcc-13.2.1-1.1-win32-x64/xpack-arm-none-eabi-gcc-13.2.1-1.1/bin/../lib/gcc/arm-none-eabi/13.2.1/thumb/v7e-m+fp/hard/crtn.o
                0x20020000                        _estack = 0x20020000
                0x00000200                        _Min_Heap_Size = 0x200
                0x00000400                        _Min_Stack_Size = 0x400

.isr_vector     0x08000000      0x198
                0x08000000                        . = ALIGN (0x4)
 *(.isr_vector)
 .isr_vector    0x08000000      0x198 build_F411RE/startup_stm32f411xe.o
                0x08000000                g_pfnVectors
                0x08000198                        . = ALIGN (0x4)

.text           0x080001a0     0x1a9c
                0x080001a0                        . = ALIGN (0x4)
 *(.text)
 .text          0x080001a0       0xa0 C:/Users/pashk/Desktop/ /tools/Make/xpack-arm-none-eabi-gcc-13.2.1-1.1-win32-x64/xpack-arm-none-eabi-gcc-13.2.1-1.1/bin/../lib/gcc/arm-none-eabi/13.2.1/../../../../arm-none-eabi/lib/thumb/v7e-m+fp/hard\libc_nano.a(libc_a-memchr.o)
                0x080001a0                memchr
 .text          0x08000240      0x378 C:/Users/pashk/Desktop/ /tools/Make/xpack-arm-none-eabi-gcc-13.2.1-1.1-win32-x64/xpack-arm-none-eabi-gcc-13.2.1-1.1/bin/../lib/gcc/arm-none-eabi/13.2.1/thumb/v7e-m+fp/hard\libgcc.a(_arm_addsubdf3.o)
                0x08000240                __aeabi_drsub
                0x08000248                __aeabi_dsub
                0x08000248                __subdf3
                0x0800024c                __aeabi_dadd
                0x0800024c                __adddf3
                0x080004c4                __floatunsidf
                0x080004c4                __aeabi_ui2d
                0x080004e4                __floatsidf
                0x080004e4                __aeabi_i2d
                0x08000508                __aeabi_f2d
                0x08000508                __extendsfdf2
                0x0800054c                __floatundidf
                0x0800054c                __aeabi_ul2d
                0x0800055c                __floatdidf
                0x0800055c                __aeabi_l2d
 *(.text*)
 .text.__do_global_dtors_aux
                0x080005b8       0x24 C:/Users/pashk/Desktop/ /tools/Make/xpack-arm-none-eabi-gcc-13.2.1-1.1-win32-x64/xpack-arm-none-eabi-gcc-13.2.1-1.1/bin/../lib/gcc/arm-none-eabi/13.2.1/thumb/v7e-m+fp/hard/crtbegin.o
 .text.frame_dummy
                0x080005dc       0x1c C:/Users/pashk/Desktop/ /tools/Make/xpack-arm-none-eabi-gcc-13.2.1-1.1-win32-x64/xpack-arm-none-eabi-gcc-13.2.1-1.1/bin/../lib/gcc/arm-none-eabi/13.2.1/thumb/v7e-m+fp/hard/crtbegin.o
 .text.SystemInit
                0x080005f8       0x14 build_F411RE/system_stm32f4xx.o
                0x080005f8                SystemInit
 .text._read    0x0800060c       0x20 build_F411RE/syscalls.o
                0x0800060c                _read
 .text._write   0x0800062c       0x1c build_F411RE/syscalls.o
                0x0800062c                _write
 .text._close   0x08000648        0x6 build_F411RE/syscalls.o
                0x08000648                _close
 .text._fstat   0x0800064e        0xa build_F411RE/syscalls.o
                0x0800064e                _fstat
 .text._isatty  0x08000658        0x4 build_F411RE/syscalls.o
                0x08000658                _isatty
 .text._lseek   0x0800065c        0x4 build_F411RE/syscalls.o
                0x0800065c                _lseek
 .text._sbrk    0x08000660       0x48 build_F411RE/sysmem.o
                0x08000660                _sbrk
 .text.main     0x080006a8       0x90 build_F411RE/main.o
                0x080006a8                main
 .text.i2c_init
                0x08000738       0x70 build_F411RE/i2c.o
                0x08000738                i2c_init
 .text.i2c_readByte
                0x080007a8       0xa4 build_F411RE/i2c.o
                0x080007a8                i2c_readByte
 .text.i2c_writeByte
                0x0800084c       0x70 build_F411RE/i2c.o
                0x0800084c                i2c_writeByte
 .text.i2c_ReadMulti
                0x080008bc       0xc8 build_F411RE/i2c.o
                0x080008bc                i2c_ReadMulti
 .text.MPU6050_Set_SMPRT_DIV
                0x08000984        0xe build_F411RE/MPU6050.o
                0x08000984                MPU6050_Set_SMPRT_DIV
 *fill*         0x08000992        0x2 
 .text.MPU6050_Config
                0x08000994       0xe4 build_F411RE/MPU6050.o
                0x08000994                MPU6050_Config
 .text.MPU6050_Get_Accel_RawData
                0x08000a78       0x90 build_F411RE/MPU6050.o
                0x08000a78                MPU6050_Get_Accel_RawData
 .text.MPU6050_Get_Accel_Scale
                0x08000b08       0x6c build_F411RE/MPU6050.o
                0x08000b08                MPU6050_Get_Accel_Scale
 .text.Ticks_Init
                0x08000b74       0x2c build_F411RE/time_base.o
                0x08000b74                Ticks_Init
 .text.SysTick_Handler
                0x08000ba0       0x10 build_F411RE/time_base.o
                0x08000ba0                SysTick_Handler
 .text.get_Ticks
                0x08000bb0        0xc build_F411RE/time_base.o
                0x08000bb0                get_Ticks
 .text.delay    0x08000bbc       0x16 build_F411RE/time_base.o
                0x08000bbc                delay
 .text.compute_uart_bd
                0x08000bd2        0xc build_F411RE/uart.o
 .text.uart_set_baudrate
                0x08000bde       0x10 build_F411RE/uart.o
 *fill*         0x08000bee        0x2 
 .text.uart2_rxtx_init
                0x08000bf0       0xa4 build_F411RE/uart.o
                0x08000bf0                uart2_rxtx_init
 .text.uart2_write
                0x08000c94       0x18 build_F411RE/uart.o
                0x08000c94                uart2_write
 .text.__io_putchar
                0x08000cac        0xc build_F411RE/uart.o
                0x08000cac                __io_putchar
 .text.Reset_Handler
                0x08000cb8       0x50 build_F411RE/startup_stm32f411xe.o
                0x08000cb8                Reset_Handler
 .text.Default_Handler
                0x08000d08        0x2 build_F411RE/startup_stm32f411xe.o
                0x08000d08                RTC_Alarm_IRQHandler
                0x08000d08                EXTI2_IRQHandler
                0x08000d08                DebugMon_Handler
                0x08000d08                SPI4_IRQHandler
                0x08000d08                TIM1_CC_IRQHandler
                0x08000d08                DMA2_Stream5_IRQHandler
                0x08000d08                HardFault_Handler
                0x08000d08                DMA1_Stream5_IRQHandler
                0x08000d08                PVD_IRQHandler
                0x08000d08                SDIO_IRQHandler
                0x08000d08                TAMP_STAMP_IRQHandler
                0x08000d08                PendSV_Handler
                0x08000d08                NMI_Handler
                0x08000d08                EXTI3_IRQHandler
                0x08000d08                TIM1_UP_TIM10_IRQHandler
                0x08000d08                I2C3_ER_IRQHandler
                0x08000d08                EXTI0_IRQHandler
                0x08000d08                I2C2_EV_IRQHandler
                0x08000d08                DMA1_Stream2_IRQHandler
                0x08000d08                FPU_IRQHandler
                0x08000d08                UsageFault_Handler
                0x08000d08                DMA2_Stream2_IRQHandler
                0x08000d08                SPI1_IRQHandler
                0x08000d08                TIM1_BRK_TIM9_IRQHandler
                0x08000d08                DMA2_Stream3_IRQHandler
                0x08000d08                USART6_IRQHandler
                0x08000d08                DMA2_Stream0_IRQHandler
                0x08000d08                TIM4_IRQHandler
                0x08000d08                I2C1_EV_IRQHandler
                0x08000d08                DMA1_Stream6_IRQHandler
                0x08000d08                DMA1_Stream1_IRQHandler
                0x08000d08                TIM3_IRQHandler
                0x08000d08                RCC_IRQHandler
                0x08000d08                Default_Handler
                0x08000d08                EXTI15_10_IRQHandler
                0x08000d08                ADC_IRQHandler
                0x08000d08                DMA1_Stream7_IRQHandler
                0x08000d08                SPI5_IRQHandler
                0x08000d08                TIM5_IRQHandler
                0x08000d08                DMA2_Stream7_IRQHandler
                0x08000d08                I2C3_EV_IRQHandler
                0x08000d08                EXTI9_5_IRQHandler
                0x08000d08                RTC_WKUP_IRQHandler
                0x08000d08                SPI2_IRQHandler
                0x08000d08                MemManage_Handler
                0x08000d08                DMA1_Stream0_IRQHandler
                0x08000d08                SVC_Handler
                0x08000d08                EXTI4_IRQHandler
                0x08000d08                WWDG_IRQHandler
                0x08000d08                TIM2_IRQHandler
                0x08000d08                OTG_FS_WKUP_IRQHandler
                0x08000d08                TIM1_TRG_COM_TIM11_IRQHandler
                0x08000d08                EXTI1_IRQHandler
                0x08000d08                USART2_IRQHandler
                0x08000d08                I2C2_ER_IRQHandler
                0x08000d08                DMA2_Stream1_IRQHandler
                0x08000d08                FLASH_IRQHandler
                0x08000d08                DMA2_Stream4_IRQHandler
                0x08000d08                BusFault_Handler
                0x08000d08                USART1_IRQHandler
                0x08000d08                OTG_FS_IRQHandler
                0x08000d08                SPI3_IRQHandler
                0x08000d08                DMA1_Stream4_IRQHandler
                0x08000d08                I2C1_ER_IRQHandler
                0x08000d08                DMA2_Stream6_IRQHandler
                0x08000d08                DMA1_Stream3_IRQHandler
 *fill*         0x08000d0a        0x2 
 .text.std      0x08000d0c       0x6c C:/Users/pashk/Desktop/ /tools/Make/xpack-arm-none-eabi-gcc-13.2.1-1.1-win32-x64/xpack-arm-none-eabi-gcc-13.2.1-1.1/bin/../lib/gcc/arm-none-eabi/13.2.1/../../../../arm-none-eabi/lib/thumb/v7e-m+fp/hard\libc_nano.a(libc_a-findfp.o)
 .text.stdio_exit_handler
                0x08000d78       0x18 C:/Users/pashk/Desktop/ /tools/Make/xpack-arm-none-eabi-gcc-13.2.1-1.1-win32-x64/xpack-arm-none-eabi-gcc-13.2.1-1.1/bin/../lib/gcc/arm-none-eabi/13.2.1/../../../../arm-none-eabi/lib/thumb/v7e-m+fp/hard\libc_nano.a(libc_a-findfp.o)
 .text.cleanup_stdio
                0x08000d90       0x40 C:/Users/pashk/Desktop/ /tools/Make/xpack-arm-none-eabi-gcc-13.2.1-1.1-win32-x64/xpack-arm-none-eabi-gcc-13.2.1-1.1/bin/../lib/gcc/arm-none-eabi/13.2.1/../../../../arm-none-eabi/lib/thumb/v7e-m+fp/hard\libc_nano.a(libc_a-findfp.o)
 .text.global_stdio_init.part.0
                0x08000dd0       0x3c C:/Users/pashk/Desktop/ /tools/Make/xpack-arm-none-eabi-gcc-13.2.1-1.1-win32-x64/xpack-arm-none-eabi-gcc-13.2.1-1.1/bin/../lib/gcc/arm-none-eabi/13.2.1/../../../../arm-none-eabi/lib/thumb/v7e-m+fp/hard\libc_nano.a(libc_a-findfp.o)
 .text.__sfp_lock_acquire
                0x08000e0c        0xc C:/Users/pashk/Desktop/ /tools/Make/xpack-arm-none-eabi-gcc-13.2.1-1.1-win32-x64/xpack-arm-none-eabi-gcc-13.2.1-1.1/bin/../lib/gcc/arm-none-eabi/13.2.1/../../../../arm-none-eabi/lib/thumb/v7e-m+fp/hard\libc_nano.a(libc_a-findfp.o)
                0x08000e0c                __sfp_lock_acquire
 .text.__sfp_lock_release
                0x08000e18        0xc C:/Users/pashk/Desktop/ /tools/Make/xpack-arm-none-eabi-gcc-13.2.1-1.1-win32-x64/xpack-arm-none-eabi-gcc-13.2.1-1.1/bin/../lib/gcc/arm-none-eabi/13.2.1/../../../../arm-none-eabi/lib/thumb/v7e-m+fp/hard\libc_nano.a(libc_a-findfp.o)
                0x08000e18                __sfp_lock_release
 .text.__sinit  0x08000e24       0x30 C:/Users/pashk/Desktop/ /tools/Make/xpack-arm-none-eabi-gcc-13.2.1-1.1-win32-x64/xpack-arm-none-eabi-gcc-13.2.1-1.1/bin/../lib/gcc/arm-none-eabi/13.2.1/../../../../arm-none-eabi/lib/thumb/v7e-m+fp/hard\libc_nano.a(libc_a-findfp.o)
                0x08000e24                __sinit
 .text._fwalk_sglue
                0x08000e54       0x3c C:/Users/pashk/Desktop/ /tools/Make/xpack-arm-none-eabi-gcc-13.2.1-1.1-win32-x64/xpack-arm-none-eabi-gcc-13.2.1-1.1/bin/../lib/gcc/arm-none-eabi/13.2.1/../../../../arm-none-eabi/lib/thumb/v7e-m+fp/hard\libc_nano.a(libc_a-fwalk.o)
                0x08000e54                _fwalk_sglue
 .text.printf   0x08000e90       0x24 C:/Users/pashk/Desktop/ /tools/Make/xpack-arm-none-eabi-gcc-13.2.1-1.1-win32-x64/xpack-arm-none-eabi-gcc-13.2.1-1.1/bin/../lib/gcc/arm-none-eabi/13.2.1/../../../../arm-none-eabi/lib/thumb/v7e-m+fp/hard\libc_nano.a(libc_a-printf.o)
                0x08000e90                iprintf
                0x08000e90                printf
 .text._puts_r  0x08000eb4       0xaa C:/Users/pashk/Desktop/ /tools/Make/xpack-arm-none-eabi-gcc-13.2.1-1.1-win32-x64/xpack-arm-none-eabi-gcc-13.2.1-1.1/bin/../lib/gcc/arm-none-eabi/13.2.1/../../../../arm-none-eabi/lib/thumb/v7e-m+fp/hard\libc_nano.a(libc_a-puts.o)
                0x08000eb4                _puts_r
 *fill*         0x08000f5e        0x2 
 .text.puts     0x08000f60       0x10 C:/Users/pashk/Desktop/ /tools/Make/xpack-arm-none-eabi-gcc-13.2.1-1.1-win32-x64/xpack-arm-none-eabi-gcc-13.2.1-1.1/bin/../lib/gcc/arm-none-eabi/13.2.1/../../../../arm-none-eabi/lib/thumb/v7e-m+fp/hard\libc_nano.a(libc_a-puts.o)
                0x08000f60                puts
 .text.__sread  0x08000f70       0x22 C:/Users/pashk/Desktop/ /tools/Make/xpack-arm-none-eabi-gcc-13.2.1-1.1-win32-x64/xpack-arm-none-eabi-gcc-13.2.1-1.1/bin/../lib/gcc/arm-none-eabi/13.2.1/../../../../arm-none-eabi/lib/thumb/v7e-m+fp/hard\libc_nano.a(libc_a-stdio.o)
                0x08000f70                __sread
 .text.__swrite
                0x08000f92       0x38 C:/Users/pashk/Desktop/ /tools/Make/xpack-arm-none-eabi-gcc-13.2.1-1.1-win32-x64/xpack-arm-none-eabi-gcc-13.2.1-1.1/bin/../lib/gcc/arm-none-eabi/13.2.1/../../../../arm-none-eabi/lib/thumb/v7e-m+fp/hard\libc_nano.a(libc_a-stdio.o)
                0x08000f92                __swrite
 .text.__sseek  0x08000fca       0x24 C:/Users/pashk/Desktop/ /tools/Make/xpack-arm-none-eabi-gcc-13.2.1-1.1-win32-x64/xpack-arm-none-eabi-gcc-13.2.1-1.1/bin/../lib/gcc/arm-none-eabi/13.2.1/../../../../arm-none-eabi/lib/thumb/v7e-m+fp/hard\libc_nano.a(libc_a-stdio.o)
                0x08000fca                __sseek
 .text.__sclose
                0x08000fee        0x8 C:/Users/pashk/Desktop/ /tools/Make/xpack-arm-none-eabi-gcc-13.2.1-1.1-win32-x64/xpack-arm-none-eabi-gcc-13.2.1-1.1/bin/../lib/gcc/arm-none-eabi/13.2.1/../../../../arm-none-eabi/lib/thumb/v7e-m+fp/hard\libc_nano.a(libc_a-stdio.o)
                0x08000fee                __sclose
 .text.__swbuf_r
                0x08000ff6       0x7c C:/Users/pashk/Desktop/ /tools/Make/xpack-arm-none-eabi-gcc-13.2.1-1.1-win32-x64/xpack-arm-none-eabi-gcc-13.2.1-1.1/bin/../lib/gcc/arm-none-eabi/13.2.1/../../../../arm-none-eabi/lib/thumb/v7e-m+fp/hard\libc_nano.a(libc_a-wbuf.o)
                0x08000ff6                __swbuf_r
 *fill*         0x08001072        0x2 
 .text.__swsetup_r
                0x08001074       0xac C:/Users/pashk/Desktop/ /tools/Make/xpack-arm-none-eabi-gcc-13.2.1-1.1-win32-x64/xpack-arm-none-eabi-gcc-13.2.1-1.1/bin/../lib/gcc/arm-none-eabi/13.2.1/../../../../arm-none-eabi/lib/thumb/v7e-m+fp/hard\libc_nano.a(libc_a-wsetup.o)
                0x08001074                __swsetup_r
 .text.memset   0x08001120       0x10 C:/Users/pashk/Desktop/ /tools/Make/xpack-arm-none-eabi-gcc-13.2.1-1.1-win32-x64/xpack-arm-none-eabi-gcc-13.2.1-1.1/bin/../lib/gcc/arm-none-eabi/13.2.1/../../../../arm-none-eabi/lib/thumb/v7e-m+fp/hard\libc_nano.a(libc_a-memset.o)
                0x08001120                memset
 .text._close_r
                0x08001130       0x20 C:/Users/pashk/Desktop/ /tools/Make/xpack-arm-none-eabi-gcc-13.2.1-1.1-win32-x64/xpack-arm-none-eabi-gcc-13.2.1-1.1/bin/../lib/gcc/arm-none-eabi/13.2.1/../../../../arm-none-eabi/lib/thumb/v7e-m+fp/hard\libc_nano.a(libc_a-closer.o)
                0x08001130                _close_r
 .text._lseek_r
                0x08001150       0x24 C:/Users/pashk/Desktop/ /tools/Make/xpack-arm-none-eabi-gcc-13.2.1-1.1-win32-x64/xpack-arm-none-eabi-gcc-13.2.1-1.1/bin/../lib/gcc/arm-none-eabi/13.2.1/../../../../arm-none-eabi/lib/thumb/v7e-m+fp/hard\libc_nano.a(libc_a-lseekr.o)
                0x08001150                _lseek_r
 .text._read_r  0x08001174       0x24 C:/Users/pashk/Desktop/ /tools/Make/xpack-arm-none-eabi-gcc-13.2.1-1.1-win32-x64/xpack-arm-none-eabi-gcc-13.2.1-1.1/bin/../lib/gcc/arm-none-eabi/13.2.1/../../../../arm-none-eabi/lib/thumb/v7e-m+fp/hard\libc_nano.a(libc_a-readr.o)
                0x08001174                _read_r
 .text._write_r
                0x08001198       0x24 C:/Users/pashk/Desktop/ /tools/Make/xpack-arm-none-eabi-gcc-13.2.1-1.1-win32-x64/xpack-arm-none-eabi-gcc-13.2.1-1.1/bin/../lib/gcc/arm-none-eabi/13.2.1/../../../../arm-none-eabi/lib/thumb/v7e-m+fp/hard\libc_nano.a(libc_a-writer.o)
                0x08001198                _write_r
 .text.__errno  0x080011bc        0xc C:/Users/pashk/Desktop/ /tools/Make/xpack-arm-none-eabi-gcc-13.2.1-1.1-win32-x64/xpack-arm-none-eabi-gcc-13.2.1-1.1/bin/../lib/gcc/arm-none-eabi/13.2.1/../../../../arm-none-eabi/lib/thumb/v7e-m+fp/hard\libc_nano.a(libc_a-errno.o)
                0x080011bc                __errno
 .text.__libc_init_array
                0x080011c8       0x48 C:/Users/pashk/Desktop/ /tools/Make/xpack-arm-none-eabi-gcc-13.2.1-1.1-win32-x64/xpack-arm-none-eabi-gcc-13.2.1-1.1/bin/../lib/gcc/arm-none-eabi/13.2.1/../../../../arm-none-eabi/lib/thumb/v7e-m+fp/hard\libc_nano.a(libc_a-init.o)
                0x080011c8                __libc_init_array
 .text.__retarget_lock_init_recursive
                0x08001210        0x2 C:/Users/pashk/Desktop/ /tools/Make/xpack-arm-none-eabi-gcc-13.2.1-1.1-win32-x64/xpack-arm-none-eabi-gcc-13.2.1-1.1/bin/../lib/gcc/arm-none-eabi/13.2.1/../../../../arm-none-eabi/lib/thumb/v7e-m+fp/hard\libc_nano.a(libc_a-lock.o)
                0x08001210                __retarget_lock_init_recursive
 .text.__retarget_lock_acquire_recursive
                0x08001212        0x2 C:/Users/pashk/Desktop/ /tools/Make/xpack-arm-none-eabi-gcc-13.2.1-1.1-win32-x64/xpack-arm-none-eabi-gcc-13.2.1-1.1/bin/../lib/gcc/arm-none-eabi/13.2.1/../../../../arm-none-eabi/lib/thumb/v7e-m+fp/hard\libc_nano.a(libc_a-lock.o)
                0x08001212                __retarget_lock_acquire_recursive
 .text.__retarget_lock_release_recursive
                0x08001214        0x2 C:/Users/pashk/Desktop/ /tools/Make/xpack-arm-none-eabi-gcc-13.2.1-1.1-win32-x64/xpack-arm-none-eabi-gcc-13.2.1-1.1/bin/../lib/gcc/arm-none-eabi/13.2.1/../../../../arm-none-eabi/lib/thumb/v7e-m+fp/hard\libc_nano.a(libc_a-lock.o)
                0x08001214                __retarget_lock_release_recursive
 *fill*         0x08001216        0x2 
 .text._free_r  0x08001218       0x94 C:/Users/pashk/Desktop/ /tools/Make/xpack-arm-none-eabi-gcc-13.2.1-1.1-win32-x64/xpack-arm-none-eabi-gcc-13.2.1-1.1/bin/../lib/gcc/arm-none-eabi/13.2.1/../../../../arm-none-eabi/lib/thumb/v7e-m+fp/hard\libc_nano.a(libc_a-freer.o)
                0x08001218                _free_r
 .text.sbrk_aligned
                0x080012ac       0x44 C:/Users/pashk/Desktop/ /tools/Make/xpack-arm-none-eabi-gcc-13.2.1-1.1-win32-x64/xpack-arm-none-eabi-gcc-13.2.1-1.1/bin/../lib/gcc/arm-none-eabi/13.2.1/../../../../arm-none-eabi/lib/thumb/v7e-m+fp/hard\libc_nano.a(libc_a-mallocr.o)
 .text._malloc_r
                0x080012f0      0x100 C:/Users/pashk/Desktop/ /tools/Make/xpack-arm-none-eabi-gcc-13.2.1-1.1-win32-x64/xpack-arm-none-eabi-gcc-13.2.1-1.1/bin/../lib/gcc/arm-none-eabi/13.2.1/../../../../arm-none-eabi/lib/thumb/v7e-m+fp/hard\libc_nano.a(libc_a-mallocr.o)
                0x080012f0                _malloc_r
 .text.__malloc_lock
                0x080013f0        0xc C:/Users/pashk/Desktop/ /tools/Make/xpack-arm-none-eabi-gcc-13.2.1-1.1-win32-x64/xpack-arm-none-eabi-gcc-13.2.1-1.1/bin/../lib/gcc/arm-none-eabi/13.2.1/../../../../arm-none-eabi/lib/thumb/v7e-m+fp/hard\libc_nano.a(libc_a-mlock.o)
                0x080013f0                __malloc_lock
 .text.__malloc_unlock
                0x080013fc        0xc C:/Users/pashk/Desktop/ /tools/Make/xpack-arm-none-eabi-gcc-13.2.1-1.1-win32-x64/xpack-arm-none-eabi-gcc-13.2.1-1.1/bin/../lib/gcc/arm-none-eabi/13.2.1/../../../../arm-none-eabi/lib/thumb/v7e-m+fp/hard\libc_nano.a(libc_a-mlock.o)
                0x080013fc                __malloc_unlock
 .text.__sfputc_r
                0x08001408       0x2e C:/Users/pashk/Desktop/ /tools/Make/xpack-arm-none-eabi-gcc-13.2.1-1.1-win32-x64/xpack-arm-none-eabi-gcc-13.2.1-1.1/bin/../lib/gcc/arm-none-eabi/13.2.1/../../../../arm-none-eabi/lib/thumb/v7e-m+fp/hard\libc_nano.a(libc_a-nano-vfprintf.o)
 .text.__sfputs_r
                0x08001436       0x24 C:/Users/pashk/Desktop/ /tools/Make/xpack-arm-none-eabi-gcc-13.2.1-1.1-win32-x64/xpack-arm-none-eabi-gcc-13.2.1-1.1/bin/../lib/gcc/arm-none-eabi/13.2.1/../../../../arm-none-eabi/lib/thumb/v7e-m+fp/hard\libc_nano.a(libc_a-nano-vfprintf.o)
                0x08001436                __sfputs_r
 *fill*         0x0800145a        0x2 
 .text._vfprintf_r
                0x0800145c      0x230 C:/Users/pashk/Desktop/ /tools/Make/xpack-arm-none-eabi-gcc-13.2.1-1.1-win32-x64/xpack-arm-none-eabi-gcc-13.2.1-1.1/bin/../lib/gcc/arm-none-eabi/13.2.1/../../../../arm-none-eabi/lib/thumb/v7e-m+fp/hard\libc_nano.a(libc_a-nano-vfprintf.o)
                0x0800145c                _vfprintf_r
                0x0800145c                _vfiprintf_r
 .text._printf_common
                0x0800168c       0xda C:/Users/pashk/Desktop/ /tools/Make/xpack-arm-none-eabi-gcc-13.2.1-1.1-win32-x64/xpack-arm-none-eabi-gcc-13.2.1-1.1/bin/../lib/gcc/arm-none-eabi/13.2.1/../../../../arm-none-eabi/lib/thumb/v7e-m+fp/hard\libc_nano.a(libc_a-nano-vfprintf_i.o)
                0x0800168c                _printf_common
 *fill*         0x08001766        0x2 
 .text._printf_i
                0x08001768      0x23c C:/Users/pashk/Desktop/ /tools/Make/xpack-arm-none-eabi-gcc-13.2.1-1.1-win32-x64/xpack-arm-none-eabi-gcc-13.2.1-1.1/bin/../lib/gcc/arm-none-eabi/13.2.1/../../../../arm-none-eabi/lib/thumb/v7e-m+fp/hard\libc_nano.a(libc_a-nano-vfprintf_i.o)
                0x08001768                _printf_i
 .text.__sflush_r
                0x080019a4      0x108 C:/Users/pashk/Desktop/ /tools/Make/xpack-arm-none-eabi-gcc-13.2.1-1.1-win32-x64/xpack-arm-none-eabi-gcc-13.2.1-1.1/bin/../lib/gcc/arm-none-eabi/13.2.1/../../../../arm-none-eabi/lib/thumb/v7e-m+fp/hard\libc_nano.a(libc_a-fflush.o)
                0x080019a4                __sflush_r
 .text._fflush_r
                0x08001aac       0x50 C:/Users/pashk/Desktop/ /tools/Make/xpack-arm-none-eabi-gcc-13.2.1-1.1-win32-x64/xpack-arm-none-eabi-gcc-13.2.1-1.1/bin/../lib/gcc/arm-none-eabi/13.2.1/../../../../arm-none-eabi/lib/thumb/v7e-m+fp/hard\libc_nano.a(libc_a-fflush.o)
                0x08001aac                _fflush_r
 .text.__swhatbuf_r
                0x08001afc       0x4c C:/Users/pashk/Desktop/ /tools/Make/xpack-arm-none-eabi-gcc-13.2.1-1.1-win32-x64/xpack-arm-none-eabi-gcc-13.2.1-1.1/bin/../lib/gcc/arm-none-eabi/13.2.1/../../../../arm-none-eabi/lib/thumb/v7e-m+fp/hard\libc_nano.a(libc_a-makebuf.o)
                0x08001afc                __swhatbuf_r
 .text.__smakebuf_r
                0x08001b48       0x78 C:/Users/pashk/Desktop/ /tools/Make/xpack-arm-none-eabi-gcc-13.2.1-1.1-win32-x64/xpack-arm-none-eabi-gcc-13.2.1-1.1/bin/../lib/gcc/arm-none-eabi/13.2.1/../../../../arm-none-eabi/lib/thumb/v7e-m+fp/hard\libc_nano.a(libc_a-makebuf.o)
                0x08001b48                __smakebuf_r
 .text._fstat_r
                0x08001bc0       0x24 C:/Users/pashk/Desktop/ /tools/Make/xpack-arm-none-eabi-gcc-13.2.1-1.1-win32-x64/xpack-arm-none-eabi-gcc-13.2.1-1.1/bin/../lib/gcc/arm-none-eabi/13.2.1/../../../../arm-none-eabi/lib/thumb/v7e-m+fp/hard\libc_nano.a(libc_a-fstatr.o)
                0x08001bc0                _fstat_r
 .text._isatty_r
                0x08001be4       0x20 C:/Users/pashk/Desktop/ /tools/Make/xpack-arm-none-eabi-gcc-13.2.1-1.1-win32-x64/xpack-arm-none-eabi-gcc-13.2.1-1.1/bin/../lib/gcc/arm-none-eabi/13.2.1/../../../../arm-none-eabi/lib/thumb/v7e-m+fp/hard\libc_nano.a(libc_a-isattyr.o)
                0x08001be4                _isatty_r
 .text._sbrk_r  0x08001c04       0x20 C:/Users/pashk/Desktop/ /tools/Make/xpack-arm-none-eabi-gcc-13.2.1-1.1-win32-x64/xpack-arm-none-eabi-gcc-13.2.1-1.1/bin/../lib/gcc/arm-none-eabi/13.2.1/../../../../arm-none-eabi/lib/thumb/v7e-m+fp/hard\libc_nano.a(libc_a-sbrkr.o)
                0x08001c04                _sbrk_r
 *(.glue_7)
 .glue_7        0x08001c24        0x0 linker stubs
 *(.glue_7t)
 .glue_7t       0x08001c24        0x0 linker stubs
 *(.eh_frame)
 .eh_frame      0x08001c24        0x0 C:/Users/pashk/Desktop/ /tools/Make/xpack-arm-none-eabi-gcc-13.2.1-1.1-win32-x64/xpack-arm-none-eabi-gcc-13.2.1-1.1/bin/../lib/gcc/arm-none-eabi/13.2.1/thumb/v7e-m+fp/hard/crtbegin.o
 *(.init)
 .init          0x08001c24        0x4 C:/Users/pashk/Desktop/ /tools/Make/xpack-arm-none-eabi-gcc-13.2.1-1.1-win32-x64/xpack-arm-none-eabi-gcc-13.2.1-1.1/bin/../lib/gcc/arm-none-eabi/13.2.1/thumb/v7e-m+fp/hard/crti.o
                0x08001c24                _init
 .init          0x08001c28        0x8 C:/Users/pashk/Desktop/ /tools/Make/xpack-arm-none-eabi-gcc-13.2.1-1.1-win32-x64/xpack-arm-none-eabi-gcc-13.2.1-1.1/bin/../lib/gcc/arm-none-eabi/13.2.1/thumb/v7e-m+fp/hard/crtn.o
 *(.fini)
 .fini          0x08001c30        0x4 C:/Users/pashk/Desktop/ /tools/Make/xpack-arm-none-eabi-gcc-13.2.1-1.1-win32-x64/xpack-arm-none-eabi-gcc-13.2.1-1.1/bin/../lib/gcc/arm-none-eabi/13.2.1/thumb/v7e-m+fp/hard/crti.o
                0x08001c30                _fini
 .fini          0x08001c34        0x8 C:/Users/pashk/Desktop/ /tools/Make/xpack-arm-none-eabi-gcc-13.2.1-1.1-win32-x64/xpack-arm-none-eabi-gcc-13.2.1-1.1/bin/../lib/gcc/arm-none-eabi/13.2.1/thumb/v7e-m+fp/hard/crtn.o
                0x08001c3c                        . = ALIGN (0x4)
                0x08001c3c                        _etext = .

.vfp11_veneer   0x08001c3c        0x0
 .vfp11_veneer  0x08001c3c        0x0 linker stubs

.v4_bx          0x08001c3c        0x0
 .v4_bx         0x08001c3c        0x0 linker stubs

.iplt           0x08001c3c        0x0
 .iplt          0x08001c3c        0x0 C:/Users/pashk/Desktop/ /tools/Make/xpack-arm-none-eabi-gcc-13.2.1-1.1-win32-x64/xpack-arm-none-eabi-gcc-13.2.1-1.1/bin/../lib/gcc/arm-none-eabi/13.2.1/thumb/v7e-m+fp/hard/crtbegin.o

.rodata         0x08001c3c       0x78
                0x08001c3c                        . = ALIGN (0x4)
 *(.rodata)
 *(.rodata*)
 .rodata.main.str1.4
                0x08001c3c       0x44 build_F411RE/main.o
 .rodata._vfprintf_r.str1.1
                0x08001c80       0x33 C:/Users/pashk/Desktop/ /tools/Make/xpack-arm-none-eabi-gcc-13.2.1-1.1-win32-x64/xpack-arm-none-eabi-gcc-13.2.1-1.1/bin/../lib/gcc/arm-none-eabi/13.2.1/../../../../arm-none-eabi/lib/thumb/v7e-m+fp/hard\libc_nano.a(libc_a-nano-vfprintf.o)
                                 0x11 (size before relaxing)
 .rodata._printf_i.str1.1
                0x08001cb3       0x22 C:/Users/pashk/Desktop/ /tools/Make/xpack-arm-none-eabi-gcc-13.2.1-1.1-win32-x64/xpack-arm-none-eabi-gcc-13.2.1-1.1/bin/../lib/gcc/arm-none-eabi/13.2.1/../../../../arm-none-eabi/lib/thumb/v7e-m+fp/hard\libc_nano.a(libc_a-nano-vfprintf_i.o)
                0x08001cd8                        . = ALIGN (0x4)
 *fill*         0x08001cb3        0x1 

.ARM.extab
 *(.ARM.extab* .gnu.linkonce.armextab.*)

.ARM            0x08001cb4        0x8
                0x08001cb4                        __exidx_start = .
 *(.ARM.exidx*)
 .ARM.exidx     0x08001cb4        0x8 C:/Users/pashk/Desktop/ /tools/Make/xpack-arm-none-eabi-gcc-13.2.1-1.1-win32-x64/xpack-arm-none-eabi-gcc-13.2.1-1.1/bin/../lib/gcc/arm-none-eabi/13.2.1/../../../../arm-none-eabi/lib/thumb/v7e-m+fp/hard\libc_nano.a(libc_a-memchr.o)
                0x08001cbc                        __exidx_end = .

.rel.dyn        0x08001cbc        0x0
 .rel.iplt      0x08001cbc        0x0 C:/Users/pashk/Desktop/ /tools/Make/xpack-arm-none-eabi-gcc-13.2.1-1.1-win32-x64/xpack-arm-none-eabi-gcc-13.2.1-1.1/bin/../lib/gcc/arm-none-eabi/13.2.1/thumb/v7e-m+fp/hard/crtbegin.o

.preinit_array  0x08001cbc        0x0
                0x08001cbc                        PROVIDE (__preinit_array_start = .)
 *(.preinit_array*)
                0x08001cbc                        PROVIDE (__preinit_array_end = .)

.init_array     0x08001cbc        0x4
                0x08001cbc                        PROVIDE (__init_array_start = .)
 *(SORT_BY_NAME(.init_array.*))
 *(.init_array*)
 .init_array    0x08001cbc        0x4 C:/Users/pashk/Desktop/ /tools/Make/xpack-arm-none-eabi-gcc-13.2.1-1.1-win32-x64/xpack-arm-none-eabi-gcc-13.2.1-1.1/bin/../lib/gcc/arm-none-eabi/13.2.1/thumb/v7e-m+fp/hard/crtbegin.o
                0x08001cc0                        PROVIDE (__init_array_end = .)

.fini_array     0x08001cc0        0x4
                0x08001cc0                        PROVIDE (__fini_array_start = .)
 *(SORT_BY_NAME(.fini_array.*))
 *(.fini_array*)
 .fini_array    0x08001cc0        0x4 C:/Users/pashk/Desktop/ /tools/Make/xpack-arm-none-eabi-gcc-13.2.1-1.1-win32-x64/xpack-arm-none-eabi-gcc-13.2.1-1.1/bin/../lib/gcc/arm-none-eabi/13.2.1/thumb/v7e-m+fp/hard/crtbegin.o
                0x08001cc4                        PROVIDE (__fini_array_end = .)
                0x08001cc4                        _sidata = LOADADDR (.data)

.data           0x20000000       0x5c load address 0x08001cc4
                0x20000000                        . = ALIGN (0x4)
                0x20000000                        _sdata = .
 *(.data)
 *(.data*)
 .data.__sglue  0x20000000        0xc C:/Users/pashk/Desktop/ /tools/Make/xpack-arm-none-eabi-gcc-13.2.1-1.1-win32-x64/xpack-arm-none-eabi-gcc-13.2.1-1.1/bin/../lib/gcc/arm-none-eabi/13.2.1/../../../../arm-none-eabi/lib/thumb/v7e-m+fp/hard\libc_nano.a(libc_a-findfp.o)
                0x20000000                __sglue
 .data._impure_ptr
                0x2000000c        0x4 C:/Users/pashk/Desktop/ /tools/Make/xpack-arm-none-eabi-gcc-13.2.1-1.1-win32-x64/xpack-arm-none-eabi-gcc-13.2.1-1.1/bin/../lib/gcc/arm-none-eabi/13.2.1/../../../../arm-none-eabi/lib/thumb/v7e-m+fp/hard\libc_nano.a(libc_a-impure.o)
                0x2000000c                _impure_ptr
 .data._impure_data
                0x20000010       0x4c C:/Users/pashk/Desktop/ /tools/Make/xpack-arm-none-eabi-gcc-13.2.1-1.1-win32-x64/xpack-arm-none-eabi-gcc-13.2.1-1.1/bin/../lib/gcc/arm-none-eabi/13.2.1/../../../../arm-none-eabi/lib/thumb/v7e-m+fp/hard\libc_nano.a(libc_a-impure.o)
                0x20000010                _impure_data
                0x2000005c                        . = ALIGN (0x4)
                0x2000005c                        _edata = .

.igot.plt       0x2000005c        0x0 load address 0x08001d20
 .igot.plt      0x2000005c        0x0 C:/Users/pashk/Desktop/ /tools/Make/xpack-arm-none-eabi-gcc-13.2.1-1.1-win32-x64/xpack-arm-none-eabi-gcc-13.2.1-1.1/bin/../lib/gcc/arm-none-eabi/13.2.1/thumb/v7e-m+fp/hard/crtbegin.o
                0x2000005c                        . = ALIGN (0x4)

.bss            0x2000005c      0x188 load address 0x08001d20
                0x2000005c                        _sbss = .
                0x2000005c                        __bss_start__ = _sbss
 *(.bss)
 *(.bss*)
 .bss.completed.1
                0x2000005c        0x1 C:/Users/pashk/Desktop/ /tools/Make/xpack-arm-none-eabi-gcc-13.2.1-1.1-win32-x64/xpack-arm-none-eabi-gcc-13.2.1-1.1/bin/../lib/gcc/arm-none-eabi/13.2.1/thumb/v7e-m+fp/hard/crtbegin.o
 *fill*         0x2000005d        0x3 
 .bss.object.0  0x20000060       0x18 C:/Users/pashk/Desktop/ /tools/Make/xpack-arm-none-eabi-gcc-13.2.1-1.1-win32-x64/xpack-arm-none-eabi-gcc-13.2.1-1.1/bin/../lib/gcc/arm-none-eabi/13.2.1/thumb/v7e-m+fp/hard/crtbegin.o
 .bss.__sbrk_heap_end
                0x20000078        0x4 build_F411RE/sysmem.o
 .bss.previous  0x2000007c        0x4 build_F411RE/main.o
                0x2000007c                previous
 .bss.inited    0x20000080        0x1 build_F411RE/i2c.o
                0x20000080                inited
 *fill*         0x20000081        0x3 
 .bss.GyroRW    0x20000084        0x6 build_F411RE/MPU6050.o
 *fill*         0x2000008a        0x2 
 .bss.gyroScalingFactor
                0x2000008c        0x4 build_F411RE/MPU6050.o
 .bss.accelScalingFactor
                0x20000090        0x4 build_F411RE/MPU6050.o
 .bss.current_ticks
                0x20000094        0x4 build_F411RE/time_base.o
                0x20000094                current_ticks
 .bss.__sf      0x20000098      0x138 C:/Users/pashk/Desktop/ /tools/Make/xpack-arm-none-eabi-gcc-13.2.1-1.1-win32-x64/xpack-arm-none-eabi-gcc-13.2.1-1.1/bin/../lib/gcc/arm-none-eabi/13.2.1/../../../../arm-none-eabi/lib/thumb/v7e-m+fp/hard\libc_nano.a(libc_a-findfp.o)
                0x20000098                __sf
 .bss.__stdio_exit_handler
                0x200001d0        0x4 C:/Users/pashk/Desktop/ /tools/Make/xpack-arm-none-eabi-gcc-13.2.1-1.1-win32-x64/xpack-arm-none-eabi-gcc-13.2.1-1.1/bin/../lib/gcc/arm-none-eabi/13.2.1/../../../../arm-none-eabi/lib/thumb/v7e-m+fp/hard\libc_nano.a(libc_a-findfp.o)
                0x200001d0                __stdio_exit_handler
 .bss.errno     0x200001d4        0x4 C:/Users/pashk/Desktop/ /tools/Make/xpack-arm-none-eabi-gcc-13.2.1-1.1-win32-x64/xpack-arm-none-eabi-gcc-13.2.1-1.1/bin/../lib/gcc/arm-none-eabi/13.2.1/../../../../arm-none-eabi/lib/thumb/v7e-m+fp/hard\libc_nano.a(libc_a-reent.o)
                0x200001d4                errno
 .bss.__lock___malloc_recursive_mutex
                0x200001d8        0x1 C:/Users/pashk/Desktop/ /tools/Make/xpack-arm-none-eabi-gcc-13.2.1-1.1-win32-x64/xpack-arm-none-eabi-gcc-13.2.1-1.1/bin/../lib/gcc/arm-none-eabi/13.2.1/../../../../arm-none-eabi/lib/thumb/v7e-m+fp/hard\libc_nano.a(libc_a-lock.o)
                0x200001d8                __lock___malloc_recursive_mutex
 .bss.__lock___sfp_recursive_mutex
                0x200001d9        0x1 C:/Users/pashk/Desktop/ /tools/Make/xpack-arm-none-eabi-gcc-13.2.1-1.1-win32-x64/xpack-arm-none-eabi-gcc-13.2.1-1.1/bin/../lib/gcc/arm-none-eabi/13.2.1/../../../../arm-none-eabi/lib/thumb/v7e-m+fp/hard\libc_nano.a(libc_a-lock.o)
                0x200001d9                __lock___sfp_recursive_mutex
 *fill*         0x200001da        0x2 
 .bss.__malloc_sbrk_start
                0x200001dc        0x4 C:/Users/pashk/Desktop/ /tools/Make/xpack-arm-none-eabi-gcc-13.2.1-1.1-win32-x64/xpack-arm-none-eabi-gcc-13.2.1-1.1/bin/../lib/gcc/arm-none-eabi/13.2.1/../../../../arm-none-eabi/lib/thumb/v7e-m+fp/hard\libc_nano.a(libc_a-mallocr.o)
                0x200001dc                __malloc_sbrk_start
 .bss.__malloc_free_list
                0x200001e0        0x4 C:/Users/pashk/Desktop/ /tools/Make/xpack-arm-none-eabi-gcc-13.2.1-1.1-win32-x64/xpack-arm-none-eabi-gcc-13.2.1-1.1/bin/../lib/gcc/arm-none-eabi/13.2.1/../../../../arm-none-eabi/lib/thumb/v7e-m+fp/hard\libc_nano.a(libc_a-mallocr.o)
                0x200001e0                __malloc_free_list
 *(COMMON)
                0x200001e4                        . = ALIGN (0x4)
                0x200001e4                        _ebss = .
                0x200001e4                        __bss_end__ = _ebss

._user_heap_stack
                0x200001e4      0x604 load address 0x08001d20
                0x200001e8                        . = ALIGN (0x8)
 *fill*         0x200001e4        0x4 
                [!provide]                        PROVIDE (end = .)
                0x200001e8                        PROVIDE (_end = .)
                0x200003e8                        . = (. + _Min_Heap_Size)
 *fill*         0x200001e8      0x200 
                0x200007e8                        . = (. + _Min_Stack_Size)
 *fill*         0x200003e8      0x400 
                0x200007e8                        . = ALIGN (0x8)

/DISCARD/
 libc.a(*)
 libm.a(*)
 libgcc.a(*)

.ARM.attributes
                0x00000000       0x30
 *(.ARM.attributes)
 .ARM.attributes
                0x00000000       0x22 C:/Users/pashk/Desktop/ /tools/Make/xpack-arm-none-eabi-gcc-13.2.1-1.1-win32-x64/xpack-arm-none-eabi-gcc-13.2.1-1.1/bin/../lib/gcc/arm-none-eabi/13.2.1/thumb/v7e-m+fp/hard/crti.o
 .ARM.attributes
                0x00000022       0x34 C:/Users/pashk/Desktop/ /tools/Make/xpack-arm-none-eabi-gcc-13.2.1-1.1-win32-x64/xpack-arm-none-eabi-gcc-13.2.1-1.1/bin/../lib/gcc/arm-none-eabi/13.2.1/thumb/v7e-m+fp/hard/crtbegin.o
 .ARM.attributes
                0x00000056       0x34 build_F411RE/system_stm32f4xx.o
 .ARM.attributes
                0x0000008a       0x34 build_F411RE/syscalls.o
 .ARM.attributes
                0x000000be       0x34 build_F411RE/sysmem.o
 .ARM.attributes
                0x000000f2       0x34 build_F411RE/main.o
 .ARM.attributes
                0x00000126       0x34 build_F411RE/i2c.o
 .ARM.attributes
                0x0000015a       0x34 build_F411RE/MPU6050.o
 .ARM.attributes
                0x0000018e       0x34 build_F411RE/time_base.o
 .ARM.attributes
                0x000001c2       0x34 build_F411RE/uart.o
 .ARM.attributes
                0x000001f6       0x21 build_F411RE/startup_stm32f411xe.o
 .ARM.attributes
                0x00000217       0x34 C:/Users/pashk/Desktop/ /tools/Make/xpack-arm-none-eabi-gcc-13.2.1-1.1-win32-x64/xpack-arm-none-eabi-gcc-13.2.1-1.1/bin/../lib/gcc/arm-none-eabi/13.2.1/../../../../arm-none-eabi/lib/thumb/v7e-m+fp/hard\libc_nano.a(libc_a-findfp.o)
 .ARM.attributes
                0x0000024b       0x34 C:/Users/pashk/Desktop/ /tools/Make/xpack-arm-none-eabi-gcc-13.2.1-1.1-win32-x64/xpack-arm-none-eabi-gcc-13.2.1-1.1/bin/../lib/gcc/arm-none-eabi/13.2.1/../../../../arm-none-eabi/lib/thumb/v7e-m+fp/hard\libc_nano.a(libc_a-fwalk.o)
 .ARM.attributes
                0x0000027f       0x34 C:/Users/pashk/Desktop/ /tools/Make/xpack-arm-none-eabi-gcc-13.2.1-1.1-win32-x64/xpack-arm-none-eabi-gcc-13.2.1-1.1/bin/../lib/gcc/arm-none-eabi/13.2.1/../../../../arm-none-eabi/lib/thumb/v7e-m+fp/hard\libc_nano.a(libc_a-printf.o)
 .ARM.attributes
                0x000002b3       0x34 C:/Users/pashk/Desktop/ /tools/Make/xpack-arm-none-eabi-gcc-13.2.1-1.1-win32-x64/xpack-arm-none-eabi-gcc-13.2.1-1.1/bin/../lib/gcc/arm-none-eabi/13.2.1/../../../../arm-none-eabi/lib/thumb/v7e-m+fp/hard\libc_nano.a(libc_a-puts.o)
 .ARM.attributes
                0x000002e7       0x34 C:/Users/pashk/Desktop/ /tools/Make/xpack-arm-none-eabi-gcc-13.2.1-1.1-win32-x64/xpack-arm-none-eabi-gcc-13.2.1-1.1/bin/../lib/gcc/arm-none-eabi/13.2.1/../../../../arm-none-eabi/lib/thumb/v7e-m+fp/hard\libc_nano.a(libc_a-stdio.o)
 .ARM.attributes
                0x0000031b       0x34 C:/Users/pashk/Desktop/ /tools/Make/xpack-arm-none-eabi-gcc-13.2.1-1.1-win32-x64/xpack-arm-none-eabi-gcc-13.2.1-1.1/bin/../lib/gcc/arm-none-eabi/13.2.1/../../../../arm-none-eabi/lib/thumb/v7e-m+fp/hard\libc_nano.a(libc_a-wbuf.o)
 .ARM.attributes
                0x0000034f       0x34 C:/Users/pashk/Desktop/ /tools/Make/xpack-arm-none-eabi-gcc-13.2.1-1.1-win32-x64/xpack-arm-none-eabi-gcc-13.2.1-1.1/bin/../lib/gcc/arm-none-eabi/13.2.1/../../../../arm-none-eabi/lib/thumb/v7e-m+fp/hard\libc_nano.a(libc_a-wsetup.o)
 .ARM.attributes
                0x00000383       0x34 C:/Users/pashk/Desktop/ /tools/Make/xpack-arm-none-eabi-gcc-13.2.1-1.1-win32-x64/xpack-arm-none-eabi-gcc-13.2.1-1.1/bin/../lib/gcc/arm-none-eabi/13.2.1/../../../../arm-none-eabi/lib/thumb/v7e-m+fp/hard\libc_nano.a(libc_a-memset.o)
 .ARM.attributes
                0x000003b7       0x34 C:/Users/pashk/Desktop/ /tools/Make/xpack-arm-none-eabi-gcc-13.2.1-1.1-win32-x64/xpack-arm-none-eabi-gcc-13.2.1-1.1/bin/../lib/gcc/arm-none-eabi/13.2.1/../../../../arm-none-eabi/lib/thumb/v7e-m+fp/hard\libc_nano.a(libc_a-closer.o)
 .ARM.attributes
                0x000003eb       0x34 C:/Users/pashk/Desktop/ /tools/Make/xpack-arm-none-eabi-gcc-13.2.1-1.1-win32-x64/xpack-arm-none-eabi-gcc-13.2.1-1.1/bin/../lib/gcc/arm-none-eabi/13.2.1/../../../../arm-none-eabi/lib/thumb/v7e-m+fp/hard\libc_nano.a(libc_a-reent.o)
 .ARM.attributes
                0x0000041f       0x34 C:/Users/pashk/Desktop/ /tools/Make/xpack-arm-none-eabi-gcc-13.2.1-1.1-win32-x64/xpack-arm-none-eabi-gcc-13.2.1-1.1/bin/../lib/gcc/arm-none-eabi/13.2.1/../../../../arm-none-eabi/lib/thumb/v7e-m+fp/hard\libc_nano.a(libc_a-impure.o)
 .ARM.attributes
                0x00000453       0x34 C:/Users/pashk/Desktop/ /tools/Make/xpack-arm-none-eabi-gcc-13.2.1-1.1-win32-x64/xpack-arm-none-eabi-gcc-13.2.1-1.1/bin/../lib/gcc/arm-none-eabi/13.2.1/../../../../arm-none-eabi/lib/thumb/v7e-m+fp/hard\libc_nano.a(libc_a-lseekr.o)
 .ARM.attributes
                0x00000487       0x34 C:/Users/pashk/Desktop/ /tools/Make/xpack-arm-none-eabi-gcc-13.2.1-1.1-win32-x64/xpack-arm-none-eabi-gcc-13.2.1-1.1/bin/../lib/gcc/arm-none-eabi/13.2.1/../../../../arm-none-eabi/lib/thumb/v7e-m+fp/hard\libc_nano.a(libc_a-readr.o)
 .ARM.attributes
                0x000004bb       0x34 C:/Users/pashk/Desktop/ /tools/Make/xpack-arm-none-eabi-gcc-13.2.1-1.1-win32-x64/xpack-arm-none-eabi-gcc-13.2.1-1.1/bin/../lib/gcc/arm-none-eabi/13.2.1/../../../../arm-none-eabi/lib/thumb/v7e-m+fp/hard\libc_nano.a(libc_a-writer.o)
 .ARM.attributes
                0x000004ef       0x34 C:/Users/pashk/Desktop/ /tools/Make/xpack-arm-none-eabi-gcc-13.2.1-1.1-win32-x64/xpack-arm-none-eabi-gcc-13.2.1-1.1/bin/../lib/gcc/arm-none-eabi/13.2.1/../../../../arm-none-eabi/lib/thumb/v7e-m+fp/hard\libc_nano.a(libc_a-errno.o)
 .ARM.attributes
                0x00000523       0x34 C:/Users/pashk/Desktop/ /tools/Make/xpack-arm-none-eabi-gcc-13.2.1-1.1-win32-x64/xpack-arm-none-eabi-gcc-13.2.1-1.1/bin/../lib/gcc/arm-none-eabi/13.2.1/../../../../arm-none-eabi/lib/thumb/v7e-m+fp/hard\libc_nano.a(libc_a-init.o)
 .ARM.attributes
                0x00000557       0x34 C:/Users/pashk/Desktop/ /tools/Make/xpack-arm-none-eabi-gcc-13.2.1-1.1-win32-x64/xpack-arm-none-eabi-gcc-13.2.1-1.1/bin/../lib/gcc/arm-none-eabi/13.2.1/../../../../arm-none-eabi/lib/thumb/v7e-m+fp/hard\libc_nano.a(libc_a-lock.o)
 .ARM.attributes
                0x0000058b       0x34 C:/Users/pashk/Desktop/ /tools/Make/xpack-arm-none-eabi-gcc-13.2.1-1.1-win32-x64/xpack-arm-none-eabi-gcc-13.2.1-1.1/bin/../lib/gcc/arm-none-eabi/13.2.1/../../../../arm-none-eabi/lib/thumb/v7e-m+fp/hard\libc_nano.a(libc_a-freer.o)
 .ARM.attributes
                0x000005bf       0x34 C:/Users/pashk/Desktop/ /tools/Make/xpack-arm-none-eabi-gcc-13.2.1-1.1-win32-x64/xpack-arm-none-eabi-gcc-13.2.1-1.1/bin/../lib/gcc/arm-none-eabi/13.2.1/../../../../arm-none-eabi/lib/thumb/v7e-m+fp/hard\libc_nano.a(libc_a-mallocr.o)
 .ARM.attributes
                0x000005f3       0x34 C:/Users/pashk/Desktop/ /tools/Make/xpack-arm-none-eabi-gcc-13.2.1-1.1-win32-x64/xpack-arm-none-eabi-gcc-13.2.1-1.1/bin/../lib/gcc/arm-none-eabi/13.2.1/../../../../arm-none-eabi/lib/thumb/v7e-m+fp/hard\libc_nano.a(libc_a-mlock.o)
 .ARM.attributes
                0x00000627       0x34 C:/Users/pashk/Desktop/ /tools/Make/xpack-arm-none-eabi-gcc-13.2.1-1.1-win32-x64/xpack-arm-none-eabi-gcc-13.2.1-1.1/bin/../lib/gcc/arm-none-eabi/13.2.1/../../../../arm-none-eabi/lib/thumb/v7e-m+fp/hard\libc_nano.a(libc_a-nano-vfprintf.o)
 .ARM.attributes
                0x0000065b       0x34 C:/Users/pashk/Desktop/ /tools/Make/xpack-arm-none-eabi-gcc-13.2.1-1.1-win32-x64/xpack-arm-none-eabi-gcc-13.2.1-1.1/bin/../lib/gcc/arm-none-eabi/13.2.1/../../../../arm-none-eabi/lib/thumb/v7e-m+fp/hard\libc_nano.a(libc_a-nano-vfprintf_i.o)
 .ARM.attributes
                0x0000068f       0x34 C:/Users/pashk/Desktop/ /tools/Make/xpack-arm-none-eabi-gcc-13.2.1-1.1-win32-x64/xpack-arm-none-eabi-gcc-13.2.1-1.1/bin/../lib/gcc/arm-none-eabi/13.2.1/../../../../arm-none-eabi/lib/thumb/v7e-m+fp/hard\libc_nano.a(libc_a-fflush.o)
 .ARM.attributes
                0x000006c3       0x34 C:/Users/pashk/Desktop/ /tools/Make/xpack-arm-none-eabi-gcc-13.2.1-1.1-win32-x64/xpack-arm-none-eabi-gcc-13.2.1-1.1/bin/../lib/gcc/arm-none-eabi/13.2.1/../../../../arm-none-eabi/lib/thumb/v7e-m+fp/hard\libc_nano.a(libc_a-makebuf.o)
 .ARM.attributes
                0x000006f7       0x34 C:/Users/pashk/Desktop/ /tools/Make/xpack-arm-none-eabi-gcc-13.2.1-1.1-win32-x64/xpack-arm-none-eabi-gcc-13.2.1-1.1/bin/../lib/gcc/arm-none-eabi/13.2.1/../../../../arm-none-eabi/lib/thumb/v7e-m+fp/hard\libc_nano.a(libc_a-fstatr.o)
 .ARM.attributes
                0x0000072b       0x34 C:/Users/pashk/Desktop/ /tools/Make/xpack-arm-none-eabi-gcc-13.2.1-1.1-win32-x64/xpack-arm-none-eabi-gcc-13.2.1-1.1/bin/../lib/gcc/arm-none-eabi/13.2.1/../../../../arm-none-eabi/lib/thumb/v7e-m+fp/hard\libc_nano.a(libc_a-isattyr.o)
 .ARM.attributes
                0x0000075f       0x34 C:/Users/pashk/Desktop/ /tools/Make/xpack-arm-none-eabi-gcc-13.2.1-1.1-win32-x64/xpack-arm-none-eabi-gcc-13.2.1-1.1/bin/../lib/gcc/arm-none-eabi/13.2.1/../../../../arm-none-eabi/lib/thumb/v7e-m+fp/hard\libc_nano.a(libc_a-sbrkr.o)
 .ARM.attributes
                0x00000793       0x1c C:/Users/pashk/Desktop/ /tools/Make/xpack-arm-none-eabi-gcc-13.2.1-1.1-win32-x64/xpack-arm-none-eabi-gcc-13.2.1-1.1/bin/../lib/gcc/arm-none-eabi/13.2.1/../../../../arm-none-eabi/lib/thumb/v7e-m+fp/hard\libc_nano.a(libc_a-memchr.o)
 .ARM.attributes
                0x000007af       0x22 C:/Users/pashk/Desktop/ /tools/Make/xpack-arm-none-eabi-gcc-13.2.1-1.1-win32-x64/xpack-arm-none-eabi-gcc-13.2.1-1.1/bin/../lib/gcc/arm-none-eabi/13.2.1/thumb/v7e-m+fp/hard\libgcc.a(_arm_addsubdf3.o)
 .ARM.attributes
                0x000007d1       0x22 C:/Users/pashk/Desktop/ /tools/Make/xpack-arm-none-eabi-gcc-13.2.1-1.1-win32-x64/xpack-arm-none-eabi-gcc-13.2.1-1.1/bin/../lib/gcc/arm-none-eabi/13.2.1/thumb/v7e-m+fp/hard/crtn.o
OUTPUT(build_F411RE/STM32F411RE.elf elf32-littlearm)
LOAD linker stubs
LOAD C:/Users/pashk/Desktop/ /tools/Make/xpack-arm-none-eabi-gcc-13.2.1-1.1-win32-x64/xpack-arm-none-eabi-gcc-13.2.1-1.1/bin/../lib/gcc/arm-none-eabi/13.2.1/../../../../arm-none-eabi/lib/thumb/v7e-m+fp/hard\libc.a
LOAD C:/Users/pashk/Desktop/ /tools/Make/xpack-arm-none-eabi-gcc-13.2.1-1.1-win32-x64/xpack-arm-none-eabi-gcc-13.2.1-1.1/bin/../lib/gcc/arm-none-eabi/13.2.1/../../../../arm-none-eabi/lib/thumb/v7e-m+fp/hard\libm.a
LOAD C:/Users/pashk/Desktop/ /tools/Make/xpack-arm-none-eabi-gcc-13.2.1-1.1-win32-x64/xpack-arm-none-eabi-gcc-13.2.1-1.1/bin/../lib/gcc/arm-none-eabi/13.2.1/thumb/v7e-m+fp/hard\libgcc.a

.comment        0x00000000       0x39
 .comment       0x00000000       0x39 C:/Users/pashk/Desktop/ /tools/Make/xpack-arm-none-eabi-gcc-13.2.1-1.1-win32-x64/xpack-arm-none-eabi-gcc-13.2.1-1.1/bin/../lib/gcc/arm-none-eabi/13.2.1/thumb/v7e-m+fp/hard/crtbegin.o
                                 0x3a (size before relaxing)
 .comment       0x00000039       0x3a build_F411RE/system_stm32f4xx.o
 .comment       0x00000039       0x3a build_F411RE/syscalls.o
 .comment       0x00000039       0x3a build_F411RE/sysmem.o
 .comment       0x00000039       0x3a build_F411RE/main.o
 .comment       0x00000039       0x3a build_F411RE/i2c.o
 .comment       0x00000039       0x3a build_F411RE/MPU6050.o
 .comment       0x00000039       0x3a build_F411RE/time_base.o
 .comment       0x00000039       0x3a build_F411RE/uart.o
 .comment       0x00000039       0x3a C:/Users/pashk/Desktop/ /tools/Make/xpack-arm-none-eabi-gcc-13.2.1-1.1-win32-x64/xpack-arm-none-eabi-gcc-13.2.1-1.1/bin/../lib/gcc/arm-none-eabi/13.2.1/../../../../arm-none-eabi/lib/thumb/v7e-m+fp/hard\libc_nano.a(libc_a-findfp.o)
 .comment       0x00000039       0x3a C:/Users/pashk/Desktop/ /tools/Make/xpack-arm-none-eabi-gcc-13.2.1-1.1-win32-x64/xpack-arm-none-eabi-gcc-13.2.1-1.1/bin/../lib/gcc/arm-none-eabi/13.2.1/../../../../arm-none-eabi/lib/thumb/v7e-m+fp/hard\libc_nano.a(libc_a-fwalk.o)
 .comment       0x00000039       0x3a C:/Users/pashk/Desktop/ /tools/Make/xpack-arm-none-eabi-gcc-13.2.1-1.1-win32-x64/xpack-arm-none-eabi-gcc-13.2.1-1.1/bin/../lib/gcc/arm-none-eabi/13.2.1/../../../../arm-none-eabi/lib/thumb/v7e-m+fp/hard\libc_nano.a(libc_a-printf.o)
 .comment       0x00000039       0x3a C:/Users/pashk/Desktop/ /tools/Make/xpack-arm-none-eabi-gcc-13.2.1-1.1-win32-x64/xpack-arm-none-eabi-gcc-13.2.1-1.1/bin/../lib/gcc/arm-none-eabi/13.2.1/../../../../arm-none-eabi/lib/thumb/v7e-m+fp/hard\libc_nano.a(libc_a-puts.o)
 .comment       0x00000039       0x3a C:/Users/pashk/Desktop/ /tools/Make/xpack-arm-none-eabi-gcc-13.2.1-1.1-win32-x64/xpack-arm-none-eabi-gcc-13.2.1-1.1/bin/../lib/gcc/arm-none-eabi/13.2.1/../../../../arm-none-eabi/lib/thumb/v7e-m+fp/hard\libc_nano.a(libc_a-stdio.o)
 .comment       0x00000039       0x3a C:/Users/pashk/Desktop/ /tools/Make/xpack-arm-none-eabi-gcc-13.2.1-1.1-win32-x64/xpack-arm-none-eabi-gcc-13.2.1-1.1/bin/../lib/gcc/arm-none-eabi/13.2.1/../../../../arm-none-eabi/lib/thumb/v7e-m+fp/hard\libc_nano.a(libc_a-wbuf.o)
 .comment       0x00000039       0x3a C:/Users/pashk/Desktop/ /tools/Make/xpack-arm-none-eabi-gcc-13.2.1-1.1-win32-x64/xpack-arm-none-eabi-gcc-13.2.1-1.1/bin/../lib/gcc/arm-none-eabi/13.2.1/../../../../arm-none-eabi/lib/thumb/v7e-m+fp/hard\libc_nano.a(libc_a-wsetup.o)
 .comment       0x00000039       0x3a C:/Users/pashk/Desktop/ /tools/Make/xpack-arm-none-eabi-gcc-13.2.1-1.1-win32-x64/xpack-arm-none-eabi-gcc-13.2.1-1.1/bin/../lib/gcc/arm-none-eabi/13.2.1/../../../../arm-none-eabi/lib/thumb/v7e-m+fp/hard\libc_nano.a(libc_a-memset.o)
 .comment       0x00000039       0x3a C:/Users/pashk/Desktop/ /tools/Make/xpack-arm-none-eabi-gcc-13.2.1-1.1-win32-x64/xpack-arm-none-eabi-gcc-13.2.1-1.1/bin/../lib/gcc/arm-none-eabi/13.2.1/../../../../arm-none-eabi/lib/thumb/v7e-m+fp/hard\libc_nano.a(libc_a-closer.o)
 .comment       0x00000039       0x3a C:/Users/pashk/Desktop/ /tools/Make/xpack-arm-none-eabi-gcc-13.2.1-1.1-win32-x64/xpack-arm-none-eabi-gcc-13.2.1-1.1/bin/../lib/gcc/arm-none-eabi/13.2.1/../../../../arm-none-eabi/lib/thumb/v7e-m+fp/hard\libc_nano.a(libc_a-reent.o)
 .comment       0x00000039       0x3a C:/Users/pashk/Desktop/ /tools/Make/xpack-arm-none-eabi-gcc-13.2.1-1.1-win32-x64/xpack-arm-none-eabi-gcc-13.2.1-1.1/bin/../lib/gcc/arm-none-eabi/13.2.1/../../../../arm-none-eabi/lib/thumb/v7e-m+fp/hard\libc_nano.a(libc_a-impure.o)
 .comment       0x00000039       0x3a C:/Users/pashk/Desktop/ /tools/Make/xpack-arm-none-eabi-gcc-13.2.1-1.1-win32-x64/xpack-arm-none-eabi-gcc-13.2.1-1.1/bin/../lib/gcc/arm-none-eabi/13.2.1/../../../../arm-none-eabi/lib/thumb/v7e-m+fp/hard\libc_nano.a(libc_a-lseekr.o)
 .comment       0x00000039       0x3a C:/Users/pashk/Desktop/ /tools/Make/xpack-arm-none-eabi-gcc-13.2.1-1.1-win32-x64/xpack-arm-none-eabi-gcc-13.2.1-1.1/bin/../lib/gcc/arm-none-eabi/13.2.1/../../../../arm-none-eabi/lib/thumb/v7e-m+fp/hard\libc_nano.a(libc_a-readr.o)
 .comment       0x00000039       0x3a C:/Users/pashk/Desktop/ /tools/Make/xpack-arm-none-eabi-gcc-13.2.1-1.1-win32-x64/xpack-arm-none-eabi-gcc-13.2.1-1.1/bin/../lib/gcc/arm-none-eabi/13.2.1/../../../../arm-none-eabi/lib/thumb/v7e-m+fp/hard\libc_nano.a(libc_a-writer.o)
 .comment       0x00000039       0x3a C:/Users/pashk/Desktop/ /tools/Make/xpack-arm-none-eabi-gcc-13.2.1-1.1-win32-x64/xpack-arm-none-eabi-gcc-13.2.1-1.1/bin/../lib/gcc/arm-none-eabi/13.2.1/../../../../arm-none-eabi/lib/thumb/v7e-m+fp/hard\libc_nano.a(libc_a-errno.o)
 .comment       0x00000039       0x3a C:/Users/pashk/Desktop/ /tools/Make/xpack-arm-none-eabi-gcc-13.2.1-1.1-win32-x64/xpack-arm-none-eabi-gcc-13.2.1-1.1/bin/../lib/gcc/arm-none-eabi/13.2.1/../../../../arm-none-eabi/lib/thumb/v7e-m+fp/hard\libc_nano.a(libc_a-init.o)
 .comment       0x00000039       0x3a C:/Users/pashk/Desktop/ /tools/Make/xpack-arm-none-eabi-gcc-13.2.1-1.1-win32-x64/xpack-arm-none-eabi-gcc-13.2.1-1.1/bin/../lib/gcc/arm-none-eabi/13.2.1/../../../../arm-none-eabi/lib/thumb/v7e-m+fp/hard\libc_nano.a(libc_a-lock.o)
 .comment       0x00000039       0x3a C:/Users/pashk/Desktop/ /tools/Make/xpack-arm-none-eabi-gcc-13.2.1-1.1-win32-x64/xpack-arm-none-eabi-gcc-13.2.1-1.1/bin/../lib/gcc/arm-none-eabi/13.2.1/../../../../arm-none-eabi/lib/thumb/v7e-m+fp/hard\libc_nano.a(libc_a-freer.o)
 .comment       0x00000039       0x3a C:/Users/pashk/Desktop/ /tools/Make/xpack-arm-none-eabi-gcc-13.2.1-1.1-win32-x64/xpack-arm-none-eabi-gcc-13.2.1-1.1/bin/../lib/gcc/arm-none-eabi/13.2.1/../../../../arm-none-eabi/lib/thumb/v7e-m+fp/hard\libc_nano.a(libc_a-mallocr.o)
 .comment       0x00000039       0x3a C:/Users/pashk/Desktop/ /tools/Make/xpack-arm-none-eabi-gcc-13.2.1-1.1-win32-x64/xpack-arm-none-eabi-gcc-13.2.1-1.1/bin/../lib/gcc/arm-none-eabi/13.2.1/../../../../arm-none-eabi/lib/thumb/v7e-m+fp/hard\libc_nano.a(libc_a-mlock.o)
 .comment       0x00000039       0x3a C:/Users/pashk/Desktop/ /tools/Make/xpack-arm-none-eabi-gcc-13.2.1-1.1-win32-x64/xpack-arm-none-eabi-gcc-13.2.1-1.1/bin/../lib/gcc/arm-none-eabi/13.2.1/../../../../arm-none-eabi/lib/thumb/v7e-m+fp/hard\libc_nano.a(libc_a-nano-vfprintf.o)
 .comment       0x00000039       0x3a C:/Users/pashk/Desktop/ /tools/Make/xpack-arm-none-eabi-gcc-13.2.1-1.1-win32-x64/xpack-arm-none-eabi-gcc-13.2.1-1.1/bin/../lib/gcc/arm-none-eabi/13.2.1/../../../../arm-none-eabi/lib/thumb/v7e-m+fp/hard\libc_nano.a(libc_a-nano-vfprintf_i.o)
 .comment       0x00000039       0x3a C:/Users/pashk/Desktop/ /tools/Make/xpack-arm-none-eabi-gcc-13.2.1-1.1-win32-x64/xpack-arm-none-eabi-gcc-13.2.1-1.1/bin/../lib/gcc/arm-none-eabi/13.2.1/../../../../arm-none-eabi/lib/thumb/v7e-m+fp/hard\libc_nano.a(libc_a-fflush.o)
 .comment       0x00000039       0x3a C:/Users/pashk/Desktop/ /tools/Make/xpack-arm-none-eabi-gcc-13.2.1-1.1-win32-x64/xpack-arm-none-eabi-gcc-13.2.1-1.1/bin/../lib/gcc/arm-none-eabi/13.2.1/../../../../arm-none-eabi/lib/thumb/v7e-m+fp/hard\libc_nano.a(libc_a-makebuf.o)
 .comment       0x00000039       0x3a C:/Users/pashk/Desktop/ /tools/Make/xpack-arm-none-eabi-gcc-13.2.1-1.1-win32-x64/xpack-arm-none-eabi-gcc-13.2.1-1.1/bin/../lib/gcc/arm-none-eabi/13.2.1/../../../../arm-none-eabi/lib/thumb/v7e-m+fp/hard\libc_nano.a(libc_a-fstatr.o)
 .comment       0x00000039       0x3a C:/Users/pashk/Desktop/ /tools/Make/xpack-arm-none-eabi-gcc-13.2.1-1.1-win32-x64/xpack-arm-none-eabi-gcc-13.2.1-1.1/bin/../lib/gcc/arm-none-eabi/13.2.1/../../../../arm-none-eabi/lib/thumb/v7e-m+fp/hard\libc_nano.a(libc_a-isattyr.o)
 .comment       0x00000039       0x3a C:/Users/pashk/Desktop/ /tools/Make/xpack-arm-none-eabi-gcc-13.2.1-1.1-win32-x64/xpack-arm-none-eabi-gcc-13.2.1-1.1/bin/../lib/gcc/arm-none-eabi/13.2.1/../../../../arm-none-eabi/lib/thumb/v7e-m+fp/hard\libc_nano.a(libc_a-sbrkr.o)

.debug_info     0x00000000     0x2e0f
 .debug_info    0x00000000      0x5de build_F411RE/system_stm32f4xx.o
 .debug_info    0x000005de      0x848 build_F411RE/syscalls.o
 .debug_info    0x00000e26      0x18c build_F411RE/sysmem.o
 .debug_info    0x00000fb2      0x3e0 build_F411RE/main.o
 .debug_info    0x00001392      0x6e1 build_F411RE/i2c.o
 .debug_info    0x00001a73      0x824 build_F411RE/MPU6050.o
 .debug_info    0x00002297      0x4e7 build_F411RE/time_base.o
 .debug_info    0x0000277e      0x58e build_F411RE/uart.o
 .debug_info    0x00002d0c       0x30 build_F411RE/startup_stm32f411xe.o
 .debug_info    0x00002d3c       0xd3 C:/Users/pashk/Desktop/ /tools/Make/xpack-arm-none-eabi-gcc-13.2.1-1.1-win32-x64/xpack-arm-none-eabi-gcc-13.2.1-1.1/bin/../lib/gcc/arm-none-eabi/13.2.1/thumb/v7e-m+fp/hard\libgcc.a(_arm_addsubdf3.o)

.debug_abbrev   0x00000000      0xc0d
 .debug_abbrev  0x00000000      0x11b build_F411RE/system_stm32f4xx.o
 .debug_abbrev  0x0000011b      0x1e3 build_F411RE/syscalls.o
 .debug_abbrev  0x000002fe       0xeb build_F411RE/sysmem.o
 .debug_abbrev  0x000003e9      0x180 build_F411RE/main.o
 .debug_abbrev  0x00000569      0x193 build_F411RE/i2c.o
 .debug_abbrev  0x000006fc      0x19c build_F411RE/MPU6050.o
 .debug_abbrev  0x00000898      0x1b9 build_F411RE/time_base.o
 .debug_abbrev  0x00000a51      0x177 build_F411RE/uart.o
 .debug_abbrev  0x00000bc8       0x1d build_F411RE/startup_stm32f411xe.o
 .debug_abbrev  0x00000be5       0x28 C:/Users/pashk/Desktop/ /tools/Make/xpack-arm-none-eabi-gcc-13.2.1-1.1-win32-x64/xpack-arm-none-eabi-gcc-13.2.1-1.1/bin/../lib/gcc/arm-none-eabi/13.2.1/thumb/v7e-m+fp/hard\libgcc.a(_arm_addsubdf3.o)

.debug_loc      0x00000000     0x11ed
 .debug_loc     0x00000000      0x181 build_F411RE/system_stm32f4xx.o
 .debug_loc     0x00000181      0x583 build_F411RE/syscalls.o
 .debug_loc     0x00000704       0x90 build_F411RE/sysmem.o
 .debug_loc     0x00000794       0x2c build_F411RE/main.o
 .debug_loc     0x000007c0      0x3f8 build_F411RE/i2c.o
 .debug_loc     0x00000bb8      0x474 build_F411RE/MPU6050.o
 .debug_loc     0x0000102c       0x64 build_F411RE/time_base.o
 .debug_loc     0x00001090      0x15d build_F411RE/uart.o

.debug_aranges  0x00000000      0x288
 .debug_aranges
                0x00000000       0x28 build_F411RE/system_stm32f4xx.o
 .debug_aranges
                0x00000028       0xa8 build_F411RE/syscalls.o
 .debug_aranges
                0x000000d0       0x20 build_F411RE/sysmem.o
 .debug_aranges
                0x000000f0       0x20 build_F411RE/main.o
 .debug_aranges
                0x00000110       0x48 build_F411RE/i2c.o
 .debug_aranges
                0x00000158       0x70 build_F411RE/MPU6050.o
 .debug_aranges
                0x000001c8       0x38 build_F411RE/time_base.o
 .debug_aranges
                0x00000200       0x40 build_F411RE/uart.o
 .debug_aranges
                0x00000240       0x28 build_F411RE/startup_stm32f411xe.o
 .debug_aranges
                0x00000268       0x20 C:/Users/pashk/Desktop/ /tools/Make/xpack-arm-none-eabi-gcc-13.2.1-1.1-win32-x64/xpack-arm-none-eabi-gcc-13.2.1-1.1/bin/../lib/gcc/arm-none-eabi/13.2.1/thumb/v7e-m+fp/hard\libgcc.a(_arm_addsubdf3.o)

.debug_ranges   0x00000000      0x1f8
 .debug_ranges  0x00000000       0x18 build_F411RE/system_stm32f4xx.o
 .debug_ranges  0x00000018       0x98 build_F411RE/syscalls.o
 .debug_ranges  0x000000b0       0x10 build_F411RE/sysmem.o
 .debug_ranges  0x000000c0       0x10 build_F411RE/main.o
 .debug_ranges  0x000000d0       0x50 build_F411RE/i2c.o
 .debug_ranges  0x00000120       0x60 build_F411RE/MPU6050.o
 .debug_ranges  0x00000180       0x28 build_F411RE/time_base.o
 .debug_ranges  0x000001a8       0x30 build_F411RE/uart.o
 .debug_ranges  0x000001d8       0x20 build_F411RE/startup_stm32f411xe.o

.debug_line     0x00000000     0x2259
 .debug_line    0x00000000      0x2fb build_F411RE/system_stm32f4xx.o
 .debug_line    0x000002fb      0x469 build_F411RE/syscalls.o
 .debug_line    0x00000764      0x295 build_F411RE/sysmem.o
 .debug_line    0x000009f9      0x2bb build_F411RE/main.o
 .debug_line    0x00000cb4      0x915 build_F411RE/i2c.o
 .debug_line    0x000015c9      0x50a build_F411RE/MPU6050.o
 .debug_line    0x00001ad3      0x282 build_F411RE/time_base.o
 .debug_line    0x00001d55      0x30b build_F411RE/uart.o
 .debug_line    0x00002060       0x8a build_F411RE/startup_stm32f411xe.o
 .debug_line    0x000020ea      0x16f C:/Users/pashk/Desktop/ /tools/Make/xpack-arm-none-eabi-gcc-13.2.1-1.1-win32-x64/xpack-arm-none-eabi-gcc-13.2.1-1.1/bin/../lib/gcc/arm-none-eabi/13.2.1/thumb/v7e-m+fp/hard\libgcc.a(_arm_addsubdf3.o)

.debug_str      0x00000000     0x1214
 .debug_str     0x00000000     0x1214 build_F411RE/system_stm32f4xx.o
                                0x369 (size before relaxing)
 .debug_str     0x00001214      0x3dd build_F411RE/syscalls.o
 .debug_str     0x00001214      0x209 build_F411RE/sysmem.o
 .debug_str     0x00001214      0x40b build_F411RE/main.o
 .debug_str     0x00001214      0x36c build_F411RE/i2c.o
 .debug_str     0x00001214      0x518 build_F411RE/MPU6050.o
 .debug_str     0x00001214      0x620 build_F411RE/time_base.o
 .debug_str     0x00001214      0x33a build_F411RE/uart.o
 .debug_str     0x00001214       0x74 build_F411RE/startup_stm32f411xe.o
 .debug_str     0x00001214      0x1d1 C:/Users/pashk/Desktop/ /tools/Make/xpack-arm-none-eabi-gcc-13.2.1-1.1-win32-x64/xpack-arm-none-eabi-gcc-13.2.1-1.1/bin/../lib/gcc/arm-none-eabi/13.2.1/thumb/v7e-m+fp/hard\libgcc.a(_arm_addsubdf3.o)

.debug_frame    0x00000000      0x574
 .debug_frame   0x00000000       0x30 build_F411RE/system_stm32f4xx.o
 .debug_frame   0x00000030      0x190 build_F411RE/syscalls.o
 .debug_frame   0x000001c0       0x28 build_F411RE/sysmem.o
 .debug_frame   0x000001e8       0x28 build_F411RE/main.o
 .debug_frame   0x00000210       0xac build_F411RE/i2c.o
 .debug_frame   0x000002bc      0x138 build_F411RE/MPU6050.o
 .debug_frame   0x000003f4       0x5c build_F411RE/time_base.o
 .debug_frame   0x00000450       0x78 build_F411RE/uart.o
 .debug_frame   0x000004c8       0xac C:/Users/pashk/Desktop/ /tools/Make/xpack-arm-none-eabi-gcc-13.2.1-1.1-win32-x64/xpack-arm-none-eabi-gcc-13.2.1-1.1/bin/../lib/gcc/arm-none-eabi/13.2.1/thumb/v7e-m+fp/hard\libgcc.a(_arm_addsubdf3.o)

.debug_line_str
                0x00000000      0x117
 .debug_line_str
                0x00000000      0x117 C:/Users/pashk/Desktop/ /tools/Make/xpack-arm-none-eabi-gcc-13.2.1-1.1-win32-x64/xpack-arm-none-eabi-gcc-13.2.1-1.1/bin/../lib/gcc/arm-none-eabi/13.2.1/thumb/v7e-m+fp/hard\libgcc.a(_arm_addsubdf3.o)

Cross Reference Table

Symbol                                            File
ADC_IRQHandler                                    build_F411RE/startup_stm32f411xe.o
AHBPrescTable                                     build_F411RE/system_stm32f4xx.o
APBPrescTable                                     build_F411RE/system_stm32f4xx.o
BusFault_Handler                                  build_F411RE/startup_stm32f411xe.o
DMA1_Stream0_IRQHandler                           build_F411RE/startup_stm32f411xe.o
DMA1_Stream1_IRQHandler                           build_F411RE/startup_stm32f411xe.o
DMA1_Stream2_IRQHandler                           build_F411RE/startup_stm32f411xe.o
DMA1_Stream3_IRQHandler                           build_F411RE/startup_stm32f411xe.o
DMA1_Stream4_IRQHandler                           build_F411RE/startup_stm32f411xe.o
DMA1_Stream5_IRQHandler                           build_F411RE/startup_stm32f411xe.o
DMA1_Stream6_IRQHandler                           build_F411RE/startup_stm32f411xe.o
DMA1_Stream7_IRQHandler                           build_F411RE/startup_stm32f411xe.o
DMA2_Stream0_IRQHandler                           build_F411RE/startup_stm32f411xe.o
DMA2_Stream1_IRQHandler                           build_F411RE/startup_stm32f411xe.o
DMA2_Stream2_IRQHandler                           build_F411RE/startup_stm32f411xe.o
DMA2_Stream3_IRQHandler                           build_F411RE/startup_stm32f411xe.o
DMA2_Stream4_IRQHandler                           build_F411RE/startup_stm32f411xe.o
DMA2_Stream5_IRQHandler                           build_F411RE/startup_stm32f411xe.o
DMA2_Stream6_IRQHandler                           build_F411RE/startup_stm32f411xe.o
DMA2_Stream7_IRQHandler                           build_F411RE/startup_stm32f411xe.o
DebugMon_Handler                                  build_F411RE/startup_stm32f411xe.o
Default_Handler                                   build_F411RE/startup_stm32f411xe.o
EXTI0_IRQHandler                                  build_F411RE/startup_stm32f411xe.o
EXTI15_10_IRQHandler                              build_F411RE/startup_stm32f411xe.o
EXTI1_IRQHandler                                  build_F411RE/startup_stm32f411xe.o
EXTI2_IRQHandler                                  build_F411RE/startup_stm32f411xe.o
EXTI3_IRQHandler                                  build_F411RE/startup_stm32f411xe.o
EXTI4_IRQHandler                                  build_F411RE/startup_stm32f411xe.o
EXTI9_5_IRQHandler                                build_F411RE/startup_stm32f411xe.o
FLASH_IRQHandler                                  build_F411RE/startup_stm32f411xe.o
FPU_IRQHandler                                    build_F411RE/startup_stm32f411xe.o
HardFault_Handler                                 build_F411RE/startup_stm32f411xe.o
I2C1_ER_IRQHandler                                build_F411RE/startup_stm32f411xe.o
I2C1_EV_IRQHandler                                build_F411RE/startup_stm32f411xe.o
I2C2_ER_IRQHandler                                build_F411RE/startup_stm32f411xe.o
I2C2_EV_IRQHandler                                build_F411RE/startup_stm32f411xe.o
I2C3_ER_IRQHandler                                build_F411RE/startup_stm32f411xe.o
I2C3_EV_IRQHandler                                build_F411RE/startup_stm32f411xe.o
MPU6050_Config                                    build_F411RE/MPU6050.o
                                                  build_F411RE/main.o
MPU6050_Get_Accel_Cali                            build_F411RE/MPU6050.o
MPU6050_Get_Accel_RawData                         build_F411RE/MPU6050.o
MPU6050_Get_Accel_Scale                           build_F411RE/MPU6050.o
                                                  build_F411RE/main.o
MPU6050_Get_FSYNC                                 build_F411RE/MPU6050.o
MPU6050_Get_Gyro_RawData                          build_F411RE/MPU6050.o
MPU6050_Get_Gyro_Scale                            build_F411RE/MPU6050.o
MPU6050_Get_SMPRT_DIV                             build_F411RE/MPU6050.o
MPU6050_Set_FSYNC                                 build_F411RE/MPU6050.o
MPU6050_Set_SMPRT_DIV                             build_F411RE/MPU6050.o
MemManage_Handler                                 build_F411RE/startup_stm32f411xe.o
NMI_Handler                                       build_F411RE/startup_stm32f411xe.o
OTG_FS_IRQHandler                                 build_F411RE/startup_stm32f411xe.o
OTG_FS_WKUP_IRQHandler                            build_F411RE/startup_stm32f411xe.o
PVD_IRQHandler                                    build_F411RE/startup_stm32f411xe.o
PendSV_Handler                                    build_F411RE/startup_stm32f411xe.o
RCC_IRQHandler                                    build_F411RE/startup_stm32f411xe.o
RTC_Alarm_IRQHandler                              build_F411RE/startup_stm32f411xe.o
RTC_WKUP_IRQHandler                               build_F411RE/startup_stm32f411xe.o
Reset_Handler                                     build_F411RE/startup_stm32f411xe.o
SDIO_IRQHandler                                   build_F411RE/startup_stm32f411xe.o
SPI1_IRQHandler                                   build_F411RE/startup_stm32f411xe.o
SPI2_IRQHandler                                   build_F411RE/startup_stm32f411xe.o
SPI3_IRQHandler                                   build_F411RE/startup_stm32f411xe.o
SPI4_IRQHandler                                   build_F411RE/startup_stm32f411xe.o
SPI5_IRQHandler                                   build_F411RE/startup_stm32f411xe.o
SVC_Handler                                       build_F411RE/startup_stm32f411xe.o
SysClockConfig                                    build_F411RE/core.o
SysTick_Handler                                   build_F411RE/time_base.o
SystemCoreClock                                   build_F411RE/system_stm32f4xx.o
SystemCoreClockUpdate                             build_F411RE/system_stm32f4xx.o
SystemInit                                        build_F411RE/system_stm32f4xx.o
                                                  build_F411RE/startup_stm32f411xe.o
TAMP_STAMP_IRQHandler                             build_F411RE/startup_stm32f411xe.o
TIM1_BRK_TIM9_IRQHandler                          build_F411RE/startup_stm32f411xe.o
TIM1_CC_IRQHandler                                build_F411RE/startup_stm32f411xe.o
TIM1_TRG_COM_TIM11_IRQHandler                     build_F411RE/startup_stm32f411xe.o
TIM1_UP_TIM10_IRQHandler                          build_F411RE/startup_stm32f411xe.o
TIM2_IRQHandler                                   build_F411RE/startup_stm32f411xe.o
TIM3_IRQHandler                                   build_F411RE/startup_stm32f411xe.o
TIM4_IRQHandler                                   build_F411RE/startup_stm32f411xe.o
TIM5_IRQHandler                                   build_F411RE/startup_stm32f411xe.o
Ticks_Init                                        build_F411RE/time_base.o
                                                  build_F411RE/main.o
USART1_IRQHandler                                 build_F411RE/startup_stm32f411xe.o
USART2_IRQHandler                                 build_F411RE/startup_stm32f411xe.o
USART6_IRQHandler                                 build_F411RE/startup_stm32f411xe.o
UsageFault_Handler                                build_F411RE/startup_stm32f411xe.o
WWDG_IRQHandler                                   build_F411RE/startup_stm32f411xe.o
_Accel_Cali                                       build_F411RE/MPU6050.o
_Min_Stack_Size                                   build_F411RE/sysmem.o
                                                  build_F411RE/sysmem.o
__adddf3                                          C:/Users/pashk/Desktop/ /tools/Make/xpack-arm-none-eabi-gcc-13.2.1-1.1-win32-x64/xpack-arm-none-eabi-gcc-13.2.1-1.1/bin/../lib/gcc/arm-none-eabi/13.2.1/thumb/v7e-m+fp/hard\libgcc.a(_arm_addsubdf3.o)
__aeabi_dadd                                      C:/Users/pashk/Desktop/ /tools/Make/xpack-arm-none-eabi-gcc-13.2.1-1.1-win32-x64/xpack-arm-none-eabi-gcc-13.2.1-1.1/bin/../lib/gcc/arm-none-eabi/13.2.1/thumb/v7e-m+fp/hard\libgcc.a(_arm_addsubdf3.o)
__aeabi_drsub                                     C:/Users/pashk/Desktop/ /tools/Make/xpack-arm-none-eabi-gcc-13.2.1-1.1-win32-x64/xpack-arm-none-eabi-gcc-13.2.1-1.1/bin/../lib/gcc/arm-none-eabi/13.2.1/thumb/v7e-m+fp/hard\libgcc.a(_arm_addsubdf3.o)
__aeabi_dsub                                      C:/Users/pashk/Desktop/ /tools/Make/xpack-arm-none-eabi-gcc-13.2.1-1.1-win32-x64/xpack-arm-none-eabi-gcc-13.2.1-1.1/bin/../lib/gcc/arm-none-eabi/13.2.1/thumb/v7e-m+fp/hard\libgcc.a(_arm_addsubdf3.o)
__aeabi_f2d                                       C:/Users/pashk/Desktop/ /tools/Make/xpack-arm-none-eabi-gcc-13.2.1-1.1-win32-x64/xpack-arm-none-eabi-gcc-13.2.1-1.1/bin/../lib/gcc/arm-none-eabi/13.2.1/thumb/v7e-m+fp/hard\libgcc.a(_arm_addsubdf3.o)
                                                  build_F411RE/main.o
__aeabi_i2d                                       C:/Users/pashk/Desktop/ /tools/Make/xpack-arm-none-eabi-gcc-13.2.1-1.1-win32-x64/xpack-arm-none-eabi-gcc-13.2.1-1.1/bin/../lib/gcc/arm-none-eabi/13.2.1/thumb/v7e-m+fp/hard\libgcc.a(_arm_addsubdf3.o)
__aeabi_l2d                                       C:/Users/pashk/Desktop/ /tools/Make/xpack-arm-none-eabi-gcc-13.2.1-1.1-win32-x64/xpack-arm-none-eabi-gcc-13.2.1-1.1/bin/../lib/gcc/arm-none-eabi/13.2.1/thumb/v7e-m+fp/hard\libgcc.a(_arm_addsubdf3.o)
__aeabi_ui2d                                      C:/Users/pashk/Desktop/ /tools/Make/xpack-arm-none-eabi-gcc-13.2.1-1.1-win32-x64/xpack-arm-none-eabi-gcc-13.2.1-1.1/bin/../lib/gcc/arm-none-eabi/13.2.1/thumb/v7e-m+fp/hard\libgcc.a(_arm_addsubdf3.o)
__aeabi_ul2d                                      C:/Users/pashk/Desktop/ /tools/Make/xpack-arm-none-eabi-gcc-13.2.1-1.1-win32-x64/xpack-arm-none-eabi-gcc-13.2.1-1.1/bin/../lib/gcc/arm-none-eabi/13.2.1/thumb/v7e-m+fp/hard\libgcc.a(_arm_addsubdf3.o)
__atexit                                          C:/Users/pashk/Desktop/ /tools/Make/xpack-arm-none-eabi-gcc-13.2.1-1.1-win32-x64/xpack-arm-none-eabi-gcc-13.2.1-1.1/bin/../lib/gcc/arm-none-eabi/13.2.1/../../../../arm-none-eabi/lib/thumb/v7e-m+fp/hard\libc_nano.a(libc_a-__call_atexit.o)
                                                  C:/Users/pashk/Desktop/ /tools/Make/xpack-arm-none-eabi-gcc-13.2.1-1.1-win32-x64/xpack-arm-none-eabi-gcc-13.2.1-1.1/bin/../lib/gcc/arm-none-eabi/13.2.1/../../../../arm-none-eabi/lib/thumb/v7e-m+fp/hard\libc_nano.a(libc_a-__atexit.o)
__atexit0                                         C:/Users/pashk/Desktop/ /tools/Make/xpack-arm-none-eabi-gcc-13.2.1-1.1-win32-x64/xpack-arm-none-eabi-gcc-13.2.1-1.1/bin/../lib/gcc/arm-none-eabi/13.2.1/../../../../arm-none-eabi/lib/thumb/v7e-m+fp/hard\libc_nano.a(libc_a-__atexit.o)
__atexit_dummy                                    C:/Users/pashk/Desktop/ /tools/Make/xpack-arm-none-eabi-gcc-13.2.1-1.1-win32-x64/xpack-arm-none-eabi-gcc-13.2.1-1.1/bin/../lib/gcc/arm-none-eabi/13.2.1/../../../../arm-none-eabi/lib/thumb/v7e-m+fp/hard\libc_nano.a(libc_a-__atexit.o)
__atexit_recursive_mutex                          C:/Users/pashk/Desktop/ /tools/Make/xpack-arm-none-eabi-gcc-13.2.1-1.1-win32-x64/xpack-arm-none-eabi-gcc-13.2.1-1.1/bin/../lib/gcc/arm-none-eabi/13.2.1/../../../../arm-none-eabi/lib/thumb/v7e-m+fp/hard\libc_nano.a(libc_a-__call_atexit.o)
                                                  C:/Users/pashk/Desktop/ /tools/Make/xpack-arm-none-eabi-gcc-13.2.1-1.1-win32-x64/xpack-arm-none-eabi-gcc-13.2.1-1.1/bin/../lib/gcc/arm-none-eabi/13.2.1/../../../../arm-none-eabi/lib/thumb/v7e-m+fp/hard\libc_nano.a(libc_a-__atexit.o)
__bss_end__                                       C:/Users/pashk/Desktop/ /tools/Make/xpack-arm-none-eabi-gcc-13.2.1-1.1-win32-x64/xpack-arm-none-eabi-gcc-13.2.1-1.1/bin/../lib/gcc/arm-none-eabi/13.2.1/../../../../arm-none-eabi/lib/thumb/v7e-m+fp/hard/crt0.o
__bss_start__                                     C:/Users/pashk/Desktop/ /tools/Make/xpack-arm-none-eabi-gcc-13.2.1-1.1-win32-x64/xpack-arm-none-eabi-gcc-13.2.1-1.1/bin/../lib/gcc/arm-none-eabi/13.2.1/../../../../arm-none-eabi/lib/thumb/v7e-m+fp/hard/crt0.o
__call_exitprocs                                  C:/Users/pashk/Desktop/ /tools/Make/xpack-arm-none-eabi-gcc-13.2.1-1.1-win32-x64/xpack-arm-none-eabi-gcc-13.2.1-1.1/bin/../lib/gcc/arm-none-eabi/13.2.1/../../../../arm-none-eabi/lib/thumb/v7e-m+fp/hard\libc_nano.a(libc_a-__call_atexit.o)
                                                  C:/Users/pashk/Desktop/ /tools/Make/xpack-arm-none-eabi-gcc-13.2.1-1.1-win32-x64/xpack-arm-none-eabi-gcc-13.2.1-1.1/bin/../lib/gcc/arm-none-eabi/13.2.1/../../../../arm-none-eabi/lib/thumb/v7e-m+fp/hard\libc_nano.a(libc_a-__atexit.o)
                                                  C:/Users/pashk/Desktop/ /tools/Make/xpack-arm-none-eabi-gcc-13.2.1-1.1-win32-x64/xpack-arm-none-eabi-gcc-13.2.1-1.1/bin/../lib/gcc/arm-none-eabi/13.2.1/../../../../arm-none-eabi/lib/thumb/v7e-m+fp/hard\libc_nano.a(libc_a-exit.o)
__deregister_frame_info                           C:/Users/pashk/Desktop/ /tools/Make/xpack-arm-none-eabi-gcc-13.2.1-1.1-win32-x64/xpack-arm-none-eabi-gcc-13.2.1-1.1/bin/../lib/gcc/arm-none-eabi/13.2.1/thumb/v7e-m+fp/hard/crtbegin.o
__dso_handle                                      C:/Users/pashk/Desktop/ /tools/Make/xpack-arm-none-eabi-gcc-13.2.1-1.1-win32-x64/xpack-arm-none-eabi-gcc-13.2.1-1.1/bin/../lib/gcc/arm-none-eabi/13.2.1/thumb/v7e-m+fp/hard/crtbegin.o
__env                                             build_F411RE/syscalls.o
__errno                                           C:/Users/pashk/Desktop/ /tools/Make/xpack-arm-none-eabi-gcc-13.2.1-1.1-win32-x64/xpack-arm-none-eabi-gcc-13.2.1-1.1/bin/../lib/gcc/arm-none-eabi/13.2.1/../../../../arm-none-eabi/lib/thumb/v7e-m+fp/hard\libc_nano.a(libc_a-errno.o)
                                                  build_F411RE/sysmem.o
                                                  build_F411RE/syscalls.o
                                                  build_F411RE/sysmem.o
                                                  build_F411RE/syscalls.o
__extendsfdf2                                     C:/Users/pashk/Desktop/ /tools/Make/xpack-arm-none-eabi-gcc-13.2.1-1.1-win32-x64/xpack-arm-none-eabi-gcc-13.2.1-1.1/bin/../lib/gcc/arm-none-eabi/13.2.1/thumb/v7e-m+fp/hard\libgcc.a(_arm_addsubdf3.o)
__fini_array_end                                  C:/Users/pashk/Desktop/ /tools/Make/xpack-arm-none-eabi-gcc-13.2.1-1.1-win32-x64/xpack-arm-none-eabi-gcc-13.2.1-1.1/bin/../lib/gcc/arm-none-eabi/13.2.1/../../../../arm-none-eabi/lib/thumb/v7e-m+fp/hard\libc_nano.a(libc_a-fini.o)
__fini_array_start                                C:/Users/pashk/Desktop/ /tools/Make/xpack-arm-none-eabi-gcc-13.2.1-1.1-win32-x64/xpack-arm-none-eabi-gcc-13.2.1-1.1/bin/../lib/gcc/arm-none-eabi/13.2.1/../../../../arm-none-eabi/lib/thumb/v7e-m+fp/hard\libc_nano.a(libc_a-fini.o)
__floatdidf                                       C:/Users/pashk/Desktop/ /tools/Make/xpack-arm-none-eabi-gcc-13.2.1-1.1-win32-x64/xpack-arm-none-eabi-gcc-13.2.1-1.1/bin/../lib/gcc/arm-none-eabi/13.2.1/thumb/v7e-m+fp/hard\libgcc.a(_arm_addsubdf3.o)
__floatsidf                                       C:/Users/pashk/Desktop/ /tools/Make/xpack-arm-none-eabi-gcc-13.2.1-1.1-win32-x64/xpack-arm-none-eabi-gcc-13.2.1-1.1/bin/../lib/gcc/arm-none-eabi/13.2.1/thumb/v7e-m+fp/hard\libgcc.a(_arm_addsubdf3.o)
__floatundidf                                     C:/Users/pashk/Desktop/ /tools/Make/xpack-arm-none-eabi-gcc-13.2.1-1.1-win32-x64/xpack-arm-none-eabi-gcc-13.2.1-1.1/bin/../lib/gcc/arm-none-eabi/13.2.1/thumb/v7e-m+fp/hard\libgcc.a(_arm_addsubdf3.o)
__floatunsidf                                     C:/Users/pashk/Desktop/ /tools/Make/xpack-arm-none-eabi-gcc-13.2.1-1.1-win32-x64/xpack-arm-none-eabi-gcc-13.2.1-1.1/bin/../lib/gcc/arm-none-eabi/13.2.1/thumb/v7e-m+fp/hard\libgcc.a(_arm_addsubdf3.o)
__fp_lock_all                                     C:/Users/pashk/Desktop/ /tools/Make/xpack-arm-none-eabi-gcc-13.2.1-1.1-win32-x64/xpack-arm-none-eabi-gcc-13.2.1-1.1/bin/../lib/gcc/arm-none-eabi/13.2.1/../../../../arm-none-eabi/lib/thumb/v7e-m+fp/hard\libc_nano.a(libc_a-findfp.o)
__fp_unlock_all                                   C:/Users/pashk/Desktop/ /tools/Make/xpack-arm-none-eabi-gcc-13.2.1-1.1-win32-x64/xpack-arm-none-eabi-gcc-13.2.1-1.1/bin/../lib/gcc/arm-none-eabi/13.2.1/../../../../arm-none-eabi/lib/thumb/v7e-m+fp/hard\libc_nano.a(libc_a-findfp.o)
__init_array_end                                  C:/Users/pashk/Desktop/ /tools/Make/xpack-arm-none-eabi-gcc-13.2.1-1.1-win32-x64/xpack-arm-none-eabi-gcc-13.2.1-1.1/bin/../lib/gcc/arm-none-eabi/13.2.1/../../../../arm-none-eabi/lib/thumb/v7e-m+fp/hard\libc_nano.a(libc_a-init.o)
__init_array_start                                C:/Users/pashk/Desktop/ /tools/Make/xpack-arm-none-eabi-gcc-13.2.1-1.1-win32-x64/xpack-arm-none-eabi-gcc-13.2.1-1.1/bin/../lib/gcc/arm-none-eabi/13.2.1/../../../../arm-none-eabi/lib/thumb/v7e-m+fp/hard\libc_nano.a(libc_a-init.o)
__io_getchar                                      build_F411RE/syscalls.o
                                                  build_F411RE/syscalls.o
__io_putchar                                      build_F411RE/uart.o
                                                  build_F411RE/syscalls.o
                                                  build_F411RE/syscalls.o
__libc_fini_array                                 C:/Users/pashk/Desktop/ /tools/Make/xpack-arm-none-eabi-gcc-13.2.1-1.1-win32-x64/xpack-arm-none-eabi-gcc-13.2.1-1.1/bin/../lib/gcc/arm-none-eabi/13.2.1/../../../../arm-none-eabi/lib/thumb/v7e-m+fp/hard\libc_nano.a(libc_a-fini.o)
                                                  C:/Users/pashk/Desktop/ /tools/Make/xpack-arm-none-eabi-gcc-13.2.1-1.1-win32-x64/xpack-arm-none-eabi-gcc-13.2.1-1.1/bin/../lib/gcc/arm-none-eabi/13.2.1/../../../../arm-none-eabi/lib/thumb/v7e-m+fp/hard/crt0.o
__libc_init_array                                 C:/Users/pashk/Desktop/ /tools/Make/xpack-arm-none-eabi-gcc-13.2.1-1.1-win32-x64/xpack-arm-none-eabi-gcc-13.2.1-1.1/bin/../lib/gcc/arm-none-eabi/13.2.1/../../../../arm-none-eabi/lib/thumb/v7e-m+fp/hard\libc_nano.a(libc_a-init.o)
                                                  build_F411RE/startup_stm32f411xe.o
                                                  C:/Users/pashk/Desktop/ /tools/Make/xpack-arm-none-eabi-gcc-13.2.1-1.1-win32-x64/xpack-arm-none-eabi-gcc-13.2.1-1.1/bin/../lib/gcc/arm-none-eabi/13.2.1/../../../../arm-none-eabi/lib/thumb/v7e-m+fp/hard/crt0.o
__lock___arc4random_mutex                         C:/Users/pashk/Desktop/ /tools/Make/xpack-arm-none-eabi-gcc-13.2.1-1.1-win32-x64/xpack-arm-none-eabi-gcc-13.2.1-1.1/bin/../lib/gcc/arm-none-eabi/13.2.1/../../../../arm-none-eabi/lib/thumb/v7e-m+fp/hard\libc_nano.a(libc_a-lock.o)
__lock___at_quick_exit_mutex                      C:/Users/pashk/Desktop/ /tools/Make/xpack-arm-none-eabi-gcc-13.2.1-1.1-win32-x64/xpack-arm-none-eabi-gcc-13.2.1-1.1/bin/../lib/gcc/arm-none-eabi/13.2.1/../../../../arm-none-eabi/lib/thumb/v7e-m+fp/hard\libc_nano.a(libc_a-lock.o)
__lock___atexit_recursive_mutex                   C:/Users/pashk/Desktop/ /tools/Make/xpack-arm-none-eabi-gcc-13.2.1-1.1-win32-x64/xpack-arm-none-eabi-gcc-13.2.1-1.1/bin/../lib/gcc/arm-none-eabi/13.2.1/../../../../arm-none-eabi/lib/thumb/v7e-m+fp/hard\libc_nano.a(libc_a-lock.o)
                                                  C:/Users/pashk/Desktop/ /tools/Make/xpack-arm-none-eabi-gcc-13.2.1-1.1-win32-x64/xpack-arm-none-eabi-gcc-13.2.1-1.1/bin/../lib/gcc/arm-none-eabi/13.2.1/../../../../arm-none-eabi/lib/thumb/v7e-m+fp/hard\libc_nano.a(libc_a-__call_atexit.o)
__lock___dd_hash_mutex                            C:/Users/pashk/Desktop/ /tools/Make/xpack-arm-none-eabi-gcc-13.2.1-1.1-win32-x64/xpack-arm-none-eabi-gcc-13.2.1-1.1/bin/../lib/gcc/arm-none-eabi/13.2.1/../../../../arm-none-eabi/lib/thumb/v7e-m+fp/hard\libc_nano.a(libc_a-lock.o)
__lock___env_recursive_mutex                      C:/Users/pashk/Desktop/ /tools/Make/xpack-arm-none-eabi-gcc-13.2.1-1.1-win32-x64/xpack-arm-none-eabi-gcc-13.2.1-1.1/bin/../lib/gcc/arm-none-eabi/13.2.1/../../../../arm-none-eabi/lib/thumb/v7e-m+fp/hard\libc_nano.a(libc_a-lock.o)
__lock___malloc_recursive_mutex                   C:/Users/pashk/Desktop/ /tools/Make/xpack-arm-none-eabi-gcc-13.2.1-1.1-win32-x64/xpack-arm-none-eabi-gcc-13.2.1-1.1/bin/../lib/gcc/arm-none-eabi/13.2.1/../../../../arm-none-eabi/lib/thumb/v7e-m+fp/hard\libc_nano.a(libc_a-lock.o)
                                                  C:/Users/pashk/Desktop/ /tools/Make/xpack-arm-none-eabi-gcc-13.2.1-1.1-win32-x64/xpack-arm-none-eabi-gcc-13.2.1-1.1/bin/../lib/gcc/arm-none-eabi/13.2.1/../../../../arm-none-eabi/lib/thumb/v7e-m+fp/hard\libc_nano.a(libc_a-mlock.o)
__lock___sfp_recursive_mutex                      C:/Users/pashk/Desktop/ /tools/Make/xpack-arm-none-eabi-gcc-13.2.1-1.1-win32-x64/xpack-arm-none-eabi-gcc-13.2.1-1.1/bin/../lib/gcc/arm-none-eabi/13.2.1/../../../../arm-none-eabi/lib/thumb/v7e-m+fp/hard\libc_nano.a(libc_a-lock.o)
                                                  C:/Users/pashk/Desktop/ /tools/Make/xpack-arm-none-eabi-gcc-13.2.1-1.1-win32-x64/xpack-arm-none-eabi-gcc-13.2.1-1.1/bin/../lib/gcc/arm-none-eabi/13.2.1/../../../../arm-none-eabi/lib/thumb/v7e-m+fp/hard\libc_nano.a(libc_a-findfp.o)
__lock___tz_mutex                                 C:/Users/pashk/Desktop/ /tools/Make/xpack-arm-none-eabi-gcc-13.2.1-1.1-win32-x64/xpack-arm-none-eabi-gcc-13.2.1-1.1/bin/../lib/gcc/arm-none-eabi/13.2.1/../../../../arm-none-eabi/lib/thumb/v7e-m+fp/hard\libc_nano.a(libc_a-lock.o)
__malloc_free_list                                C:/Users/pashk/Desktop/ /tools/Make/xpack-arm-none-eabi-gcc-13.2.1-1.1-win32-x64/xpack-arm-none-eabi-gcc-13.2.1-1.1/bin/../lib/gcc/arm-none-eabi/13.2.1/../../../../arm-none-eabi/lib/thumb/v7e-m+fp/hard\libc_nano.a(libc_a-mallocr.o)
                                                  C:/Users/pashk/Desktop/ /tools/Make/xpack-arm-none-eabi-gcc-13.2.1-1.1-win32-x64/xpack-arm-none-eabi-gcc-13.2.1-1.1/bin/../lib/gcc/arm-none-eabi/13.2.1/../../../../arm-none-eabi/lib/thumb/v7e-m+fp/hard\libc_nano.a(libc_a-freer.o)
__malloc_lock                                     C:/Users/pashk/Desktop/ /tools/Make/xpack-arm-none-eabi-gcc-13.2.1-1.1-win32-x64/xpack-arm-none-eabi-gcc-13.2.1-1.1/bin/../lib/gcc/arm-none-eabi/13.2.1/../../../../arm-none-eabi/lib/thumb/v7e-m+fp/hard\libc_nano.a(libc_a-mlock.o)
                                                  C:/Users/pashk/Desktop/ /tools/Make/xpack-arm-none-eabi-gcc-13.2.1-1.1-win32-x64/xpack-arm-none-eabi-gcc-13.2.1-1.1/bin/../lib/gcc/arm-none-eabi/13.2.1/../../../../arm-none-eabi/lib/thumb/v7e-m+fp/hard\libc_nano.a(libc_a-mallocr.o)
                                                  C:/Users/pashk/Desktop/ /tools/Make/xpack-arm-none-eabi-gcc-13.2.1-1.1-win32-x64/xpack-arm-none-eabi-gcc-13.2.1-1.1/bin/../lib/gcc/arm-none-eabi/13.2.1/../../../../arm-none-eabi/lib/thumb/v7e-m+fp/hard\libc_nano.a(libc_a-freer.o)
__malloc_sbrk_start                               C:/Users/pashk/Desktop/ /tools/Make/xpack-arm-none-eabi-gcc-13.2.1-1.1-win32-x64/xpack-arm-none-eabi-gcc-13.2.1-1.1/bin/../lib/gcc/arm-none-eabi/13.2.1/../../../../arm-none-eabi/lib/thumb/v7e-m+fp/hard\libc_nano.a(libc_a-mallocr.o)
__malloc_unlock                                   C:/Users/pashk/Desktop/ /tools/Make/xpack-arm-none-eabi-gcc-13.2.1-1.1-win32-x64/xpack-arm-none-eabi-gcc-13.2.1-1.1/bin/../lib/gcc/arm-none-eabi/13.2.1/../../../../arm-none-eabi/lib/thumb/v7e-m+fp/hard\libc_nano.a(libc_a-mlock.o)
                                                  C:/Users/pashk/Desktop/ /tools/Make/xpack-arm-none-eabi-gcc-13.2.1-1.1-win32-x64/xpack-arm-none-eabi-gcc-13.2.1-1.1/bin/../lib/gcc/arm-none-eabi/13.2.1/../../../../arm-none-eabi/lib/thumb/v7e-m+fp/hard\libc_nano.a(libc_a-mallocr.o)
                                                  C:/Users/pashk/Desktop/ /tools/Make/xpack-arm-none-eabi-gcc-13.2.1-1.1-win32-x64/xpack-arm-none-eabi-gcc-13.2.1-1.1/bin/../lib/gcc/arm-none-eabi/13.2.1/../../../../arm-none-eabi/lib/thumb/v7e-m+fp/hard\libc_nano.a(libc_a-freer.o)
__on_exit_args                                    C:/Users/pashk/Desktop/ /tools/Make/xpack-arm-none-eabi-gcc-13.2.1-1.1-win32-x64/xpack-arm-none-eabi-gcc-13.2.1-1.1/bin/../lib/gcc/arm-none-eabi/13.2.1/../../../../arm-none-eabi/lib/thumb/v7e-m+fp/hard\libc_nano.a(libc_a-__atexit.o)
__preinit_array_end                               C:/Users/pashk/Desktop/ /tools/Make/xpack-arm-none-eabi-gcc-13.2.1-1.1-win32-x64/xpack-arm-none-eabi-gcc-13.2.1-1.1/bin/../lib/gcc/arm-none-eabi/13.2.1/../../../../arm-none-eabi/lib/thumb/v7e-m+fp/hard\libc_nano.a(libc_a-init.o)
__preinit_array_start                             C:/Users/pashk/Desktop/ /tools/Make/xpack-arm-none-eabi-gcc-13.2.1-1.1-win32-x64/xpack-arm-none-eabi-gcc-13.2.1-1.1/bin/../lib/gcc/arm-none-eabi/13.2.1/../../../../arm-none-eabi/lib/thumb/v7e-m+fp/hard\libc_nano.a(libc_a-init.o)
__register_exitproc                               C:/Users/pashk/Desktop/ /tools/Make/xpack-arm-none-eabi-gcc-13.2.1-1.1-win32-x64/xpack-arm-none-eabi-gcc-13.2.1-1.1/bin/../lib/gcc/arm-none-eabi/13.2.1/../../../../arm-none-eabi/lib/thumb/v7e-m+fp/hard\libc_nano.a(libc_a-__atexit.o)
                                                  C:/Users/pashk/Desktop/ /tools/Make/xpack-arm-none-eabi-gcc-13.2.1-1.1-win32-x64/xpack-arm-none-eabi-gcc-13.2.1-1.1/bin/../lib/gcc/arm-none-eabi/13.2.1/../../../../arm-none-eabi/lib/thumb/v7e-m+fp/hard\libc_nano.a(libc_a-atexit.o)
__register_frame_info                             C:/Users/pashk/Desktop/ /tools/Make/xpack-arm-none-eabi-gcc-13.2.1-1.1-win32-x64/xpack-arm-none-eabi-gcc-13.2.1-1.1/bin/../lib/gcc/arm-none-eabi/13.2.1/thumb/v7e-m+fp/hard/crtbegin.o
__retarget_lock_acquire                           C:/Users/pashk/Desktop/ /tools/Make/xpack-arm-none-eabi-gcc-13.2.1-1.1-win32-x64/xpack-arm-none-eabi-gcc-13.2.1-1.1/bin/../lib/gcc/arm-none-eabi/13.2.1/../../../../arm-none-eabi/lib/thumb/v7e-m+fp/hard\libc_nano.a(libc_a-lock.o)
__retarget_lock_acquire_recursive                 C:/Users/pashk/Desktop/ /tools/Make/xpack-arm-none-eabi-gcc-13.2.1-1.1-win32-x64/xpack-arm-none-eabi-gcc-13.2.1-1.1/bin/../lib/gcc/arm-none-eabi/13.2.1/../../../../arm-none-eabi/lib/thumb/v7e-m+fp/hard\libc_nano.a(libc_a-lock.o)
                                                  C:/Users/pashk/Desktop/ /tools/Make/xpack-arm-none-eabi-gcc-13.2.1-1.1-win32-x64/xpack-arm-none-eabi-gcc-13.2.1-1.1/bin/../lib/gcc/arm-none-eabi/13.2.1/../../../../arm-none-eabi/lib/thumb/v7e-m+fp/hard\libc_nano.a(libc_a-fflush.o)
                                                  C:/Users/pashk/Desktop/ /tools/Make/xpack-arm-none-eabi-gcc-13.2.1-1.1-win32-x64/xpack-arm-none-eabi-gcc-13.2.1-1.1/bin/../lib/gcc/arm-none-eabi/13.2.1/../../../../arm-none-eabi/lib/thumb/v7e-m+fp/hard\libc_nano.a(libc_a-nano-vfprintf.o)
                                                  C:/Users/pashk/Desktop/ /tools/Make/xpack-arm-none-eabi-gcc-13.2.1-1.1-win32-x64/xpack-arm-none-eabi-gcc-13.2.1-1.1/bin/../lib/gcc/arm-none-eabi/13.2.1/../../../../arm-none-eabi/lib/thumb/v7e-m+fp/hard\libc_nano.a(libc_a-mlock.o)
                                                  C:/Users/pashk/Desktop/ /tools/Make/xpack-arm-none-eabi-gcc-13.2.1-1.1-win32-x64/xpack-arm-none-eabi-gcc-13.2.1-1.1/bin/../lib/gcc/arm-none-eabi/13.2.1/../../../../arm-none-eabi/lib/thumb/v7e-m+fp/hard\libc_nano.a(libc_a-__call_atexit.o)
                                                  C:/Users/pashk/Desktop/ /tools/Make/xpack-arm-none-eabi-gcc-13.2.1-1.1-win32-x64/xpack-arm-none-eabi-gcc-13.2.1-1.1/bin/../lib/gcc/arm-none-eabi/13.2.1/../../../../arm-none-eabi/lib/thumb/v7e-m+fp/hard\libc_nano.a(libc_a-__atexit.o)
                                                  C:/Users/pashk/Desktop/ /tools/Make/xpack-arm-none-eabi-gcc-13.2.1-1.1-win32-x64/xpack-arm-none-eabi-gcc-13.2.1-1.1/bin/../lib/gcc/arm-none-eabi/13.2.1/../../../../arm-none-eabi/lib/thumb/v7e-m+fp/hard\libc_nano.a(libc_a-puts.o)
                                                  C:/Users/pashk/Desktop/ /tools/Make/xpack-arm-none-eabi-gcc-13.2.1-1.1-win32-x64/xpack-arm-none-eabi-gcc-13.2.1-1.1/bin/../lib/gcc/arm-none-eabi/13.2.1/../../../../arm-none-eabi/lib/thumb/v7e-m+fp/hard\libc_nano.a(libc_a-findfp.o)
__retarget_lock_close                             C:/Users/pashk/Desktop/ /tools/Make/xpack-arm-none-eabi-gcc-13.2.1-1.1-win32-x64/xpack-arm-none-eabi-gcc-13.2.1-1.1/bin/../lib/gcc/arm-none-eabi/13.2.1/../../../../arm-none-eabi/lib/thumb/v7e-m+fp/hard\libc_nano.a(libc_a-lock.o)
__retarget_lock_close_recursive                   C:/Users/pashk/Desktop/ /tools/Make/xpack-arm-none-eabi-gcc-13.2.1-1.1-win32-x64/xpack-arm-none-eabi-gcc-13.2.1-1.1/bin/../lib/gcc/arm-none-eabi/13.2.1/../../../../arm-none-eabi/lib/thumb/v7e-m+fp/hard\libc_nano.a(libc_a-lock.o)
__retarget_lock_init                              C:/Users/pashk/Desktop/ /tools/Make/xpack-arm-none-eabi-gcc-13.2.1-1.1-win32-x64/xpack-arm-none-eabi-gcc-13.2.1-1.1/bin/../lib/gcc/arm-none-eabi/13.2.1/../../../../arm-none-eabi/lib/thumb/v7e-m+fp/hard\libc_nano.a(libc_a-lock.o)
__retarget_lock_init_recursive                    C:/Users/pashk/Desktop/ /tools/Make/xpack-arm-none-eabi-gcc-13.2.1-1.1-win32-x64/xpack-arm-none-eabi-gcc-13.2.1-1.1/bin/../lib/gcc/arm-none-eabi/13.2.1/../../../../arm-none-eabi/lib/thumb/v7e-m+fp/hard\libc_nano.a(libc_a-lock.o)
                                                  C:/Users/pashk/Desktop/ /tools/Make/xpack-arm-none-eabi-gcc-13.2.1-1.1-win32-x64/xpack-arm-none-eabi-gcc-13.2.1-1.1/bin/../lib/gcc/arm-none-eabi/13.2.1/../../../../arm-none-eabi/lib/thumb/v7e-m+fp/hard\libc_nano.a(libc_a-findfp.o)
__retarget_lock_release                           C:/Users/pashk/Desktop/ /tools/Make/xpack-arm-none-eabi-gcc-13.2.1-1.1-win32-x64/xpack-arm-none-eabi-gcc-13.2.1-1.1/bin/../lib/gcc/arm-none-eabi/13.2.1/../../../../arm-none-eabi/lib/thumb/v7e-m+fp/hard\libc_nano.a(libc_a-lock.o)