Archive member included to satisfy reference by file (symbol)

C:/Users/pashk/Desktop/ /tools/Make/xpack-arm-none-eabi-gcc-13.2.1-1.1-win32-x64/xpack-arm-none-eabi-gcc-13.2.1-1.1/bin/../lib/gcc/arm-none-eabi/13.2.1/../../../../arm-none-eabi/lib/thumb/v7e-m+fp/hard\libc_nano.a(libc_a-atexit.o)
                              C:/Users/pashk/Desktop/ /tools/Make/xpack-arm-none-eabi-gcc-13.2.1-1.1-win32-x64/xpack-arm-none-eabi-gcc-13.2.1-1.1/bin/../lib/gcc/arm-none-eabi/13.2.1/../../../../arm-none-eabi/lib/thumb/v7e-m+fp/hard/crt0.o (atexit)
C:/Users/pashk/Desktop/ /tools/Make/xpack-arm-none-eabi-gcc-13.2.1-1.1-win32-x64/xpack-arm-none-eabi-gcc-13.2.1-1.1/bin/../lib/gcc/arm-none-eabi/13.2.1/../../../../arm-none-eabi/lib/thumb/v7e-m+fp/hard\libc_nano.a(libc_a-exit.o)
                              C:/Users/pashk/Desktop/ /tools/Make/xpack-arm-none-eabi-gcc-13.2.1-1.1-win32-x64/xpack-arm-none-eabi-gcc-13.2.1-1.1/bin/../lib/gcc/arm-none-eabi/13.2.1/../../../../arm-none-eabi/lib/thumb/v7e-m+fp/hard/crt0.o (exit)
C:/Users/pashk/Desktop/ /tools/Make/xpack-arm-none-eabi-gcc-13.2.1-1.1-win32-x64/xpack-arm-none-eabi-gcc-13.2.1-1.1/bin/../lib/gcc/arm-none-eabi/13.2.1/../../../../arm-none-eabi/lib/thumb/v7e-m+fp/hard\libc_nano.a(libc_a-findfp.o)
                              C:/Users/pashk/Desktop/ /tools/Make/xpack-arm-none-eabi-gcc-13.2.1-1.1-win32-x64/xpack-arm-none-eabi-gcc-13.2.1-1.1/bin/../lib/gcc/arm-none-eabi/13.2.1/../../../../arm-none-eabi/lib/thumb/v7e-m+fp/hard\libc_nano.a(libc_a-exit.o) (__stdio_exit_handler)
C:/Users/pashk/Desktop/ /tools/Make/xpack-arm-none-eabi-gcc-13.2.1-1.1-win32-x64/xpack-arm-none-eabi-gcc-13.2.1-1.1/bin/../lib/gcc/arm-none-eabi/13.2.1/../../../../arm-none-eabi/lib/thumb/v7e-m+fp/hard\libc_nano.a(libc_a-fwalk.o)
                              C:/Users/pashk/Desktop/ /tools/Make/xpack-arm-none-eabi-gcc-13.2.1-1.1-win32-x64/xpack-arm-none-eabi-gcc-13.2.1-1.1/bin/../lib/gcc/arm-none-eabi/13.2.1/../../../../arm-none-eabi/lib/thumb/v7e-m+fp/hard\libc_nano.a(libc_a-findfp.o) (_fwalk_sglue)
C:/Users/pashk/Desktop/ /tools/Make/xpack-arm-none-eabi-gcc-13.2.1-1.1-win32-x64/xpack-arm-none-eabi-gcc-13.2.1-1.1/bin/../lib/gcc/arm-none-eabi/13.2.1/../../../../arm-none-eabi/lib/thumb/v7e-m+fp/hard\libc_nano.a(libc_a-stdio.o)
                              C:/Users/pashk/Desktop/ /tools/Make/xpack-arm-none-eabi-gcc-13.2.1-1.1-win32-x64/xpack-arm-none-eabi-gcc-13.2.1-1.1/bin/../lib/gcc/arm-none-eabi/13.2.1/../../../../arm-none-eabi/lib/thumb/v7e-m+fp/hard\libc_nano.a(libc_a-findfp.o) (__sread)
C:/Users/pashk/Desktop/ /tools/Make/xpack-arm-none-eabi-gcc-13.2.1-1.1-win32-x64/xpack-arm-none-eabi-gcc-13.2.1-1.1/bin/../lib/gcc/arm-none-eabi/13.2.1/../../../../arm-none-eabi/lib/thumb/v7e-m+fp/hard\libc_nano.a(libc_a-memset.o)
                              C:/Users/pashk/Desktop/ /tools/Make/xpack-arm-none-eabi-gcc-13.2.1-1.1-win32-x64/xpack-arm-none-eabi-gcc-13.2.1-1.1/bin/../lib/gcc/arm-none-eabi/13.2.1/../../../../arm-none-eabi/lib/thumb/v7e-m+fp/hard/crt0.o (memset)
C:/Users/pashk/Desktop/ /tools/Make/xpack-arm-none-eabi-gcc-13.2.1-1.1-win32-x64/xpack-arm-none-eabi-gcc-13.2.1-1.1/bin/../lib/gcc/arm-none-eabi/13.2.1/../../../../arm-none-eabi/lib/thumb/v7e-m+fp/hard\libc_nano.a(libc_a-closer.o)
                              C:/Users/pashk/Desktop/ /tools/Make/xpack-arm-none-eabi-gcc-13.2.1-1.1-win32-x64/xpack-arm-none-eabi-gcc-13.2.1-1.1/bin/../lib/gcc/arm-none-eabi/13.2.1/../../../../arm-none-eabi/lib/thumb/v7e-m+fp/hard\libc_nano.a(libc_a-stdio.o) (_close_r)
C:/Users/pashk/Desktop/ /tools/Make/xpack-arm-none-eabi-gcc-13.2.1-1.1-win32-x64/xpack-arm-none-eabi-gcc-13.2.1-1.1/bin/../lib/gcc/arm-none-eabi/13.2.1/../../../../arm-none-eabi/lib/thumb/v7e-m+fp/hard\libc_nano.a(libc_a-reent.o)
                              C:/Users/pashk/Desktop/ /tools/Make/xpack-arm-none-eabi-gcc-13.2.1-1.1-win32-x64/xpack-arm-none-eabi-gcc-13.2.1-1.1/bin/../lib/gcc/arm-none-eabi/13.2.1/../../../../arm-none-eabi/lib/thumb/v7e-m+fp/hard\libc_nano.a(libc_a-closer.o) (errno)
C:/Users/pashk/Desktop/ /tools/Make/xpack-arm-none-eabi-gcc-13.2.1-1.1-win32-x64/xpack-arm-none-eabi-gcc-13.2.1-1.1/bin/../lib/gcc/arm-none-eabi/13.2.1/../../../../arm-none-eabi/lib/thumb/v7e-m+fp/hard\libc_nano.a(libc_a-impure.o)
                              C:/Users/pashk/Desktop/ /tools/Make/xpack-arm-none-eabi-gcc-13.2.1-1.1-win32-x64/xpack-arm-none-eabi-gcc-13.2.1-1.1/bin/../lib/gcc/arm-none-eabi/13.2.1/../../../../arm-none-eabi/lib/thumb/v7e-m+fp/hard\libc_nano.a(libc_a-reent.o) (_impure_ptr)
C:/Users/pashk/Desktop/ /tools/Make/xpack-arm-none-eabi-gcc-13.2.1-1.1-win32-x64/xpack-arm-none-eabi-gcc-13.2.1-1.1/bin/../lib/gcc/arm-none-eabi/13.2.1/../../../../arm-none-eabi/lib/thumb/v7e-m+fp/hard\libc_nano.a(libc_a-lseekr.o)
[...]
Memory Configuration

Name             Origin             Length             Attributes
RAM              0x20000000         0x00020000         xrw
FLASH            0x08000000         0x00080000         xr
*default*        0x00000000         0xffffffff

Linker script and memory map

LOAD C:/Users/pashk/Desktop/ /tools/Make/xpack-arm-none-eabi-gcc-13.2.1-1.1-win32-x64/xpack-arm-none-eabi-gcc-13.2.1-1.1/bin/../lib/gcc/arm-none-eabi/13.2.1/thumb/v7e-m+fp/hard/crti.o
LOAD C:/Users/pashk/Desktop/ /tools/Make/xpack-arm-none-eabi-gcc-13.2.1-1.1-win32-x64/xpack-arm-none-eabi-gcc-13.2.1-1.1/bin/../lib/gcc/arm-none-eabi/13.2.1/thumb/v7e-m+fp/hard/crtbegin.o
LOAD C:/Users/pashk/Desktop/ /tools/Make/xpack-arm-none-eabi-gcc-13.2.1-1.1-win32-x64/xpack-arm-none-eabi-gcc-13.2.1-1.1/bin/../lib/gcc/arm-none-eabi/13.2.1/../../../../arm-none-eabi/lib/thumb/v7e-m+fp/hard/crt0.o
LOAD build_F411RE/system_stm32f4xx.o
LOAD build_F411RE/syscalls.o
LOAD build_F411RE/sysmem.o
LOAD build_F411RE/main.o
LOAD build_F411RE/init.o
LOAD build_F411RE/handlers.o
LOAD build_F411RE/task.o
LOAD build_F411RE/startup_stm32f411xe.o
LOAD C:/Users/pashk/Desktop/ /tools/Make/xpack-arm-none-eabi-gcc-13.2.1-1.1-win32-x64/xpack-arm-none-eabi-gcc-13.2.1-1.1/bin/../lib/gcc/arm-none-eabi/13.2.1/../../../../arm-none-eabi/lib/thumb/v7e-m+fp/hard\libc_nano.a
LOAD C:/Users/pashk/Desktop/ /tools/Make/xpack-arm-none-eabi-gcc-13.2.1-1.1-win32-x64/xpack-arm-none-eabi-gcc-13.2.1-1.1/bin/../lib/gcc/arm-none-eabi/13.2.1/../../../../arm-none-eabi/lib/thumb/v7e-m+fp/hard\libm.a
LOAD C:/Users/pashk/Desktop/ /tools/Make/xpack-arm-none-eabi-gcc-13.2.1-1.1-win32-x64/xpack-arm-none-eabi-gcc-13.2.1-1.1/bin/../lib/gcc/arm-none-eabi/13.2.1/../../../../arm-none-eabi/lib/thumb/v7e-m+fp/hard\libnosys.a
START GROUP
LOAD C:/Users/pashk/Desktop/ /tools/Make/xpack-arm-none-eabi-gcc-13.2.1-1.1-win32-x64/xpack-arm-none-eabi-gcc-13.2.1-1.1/bin/../lib/gcc/arm-none-eabi/13.2.1/thumb/v7e-m+fp/hard\libgcc.a
LOAD C:/Users/pashk/Desktop/ /tools/Make/xpack-arm-none-eabi-gcc-13.2.1-1.1-win32-x64/xpack-arm-none-eabi-gcc-13.2.1-1.1/bin/../lib/gcc/arm-none-eabi/13.2.1/../../../../arm-none-eabi/lib/thumb/v7e-m+fp/hard\libc_nano.a
END GROUP
START GROUP
LOAD C:/Users/pashk/Desktop/ /tools/Make/xpack-arm-none-eabi-gcc-13.2.1-1.1-win32-x64/xpack-arm-none-eabi-gcc-13.2.1-1.1/bin/../lib/gcc/arm-none-eabi/13.2.1/thumb/v7e-m+fp/hard\libgcc.a
LOAD C:/Users/pashk/Desktop/ /tools/Make/xpack-arm-none-eabi-gcc-13.2.1-1.1-win32-x64/xpack-arm-none-eabi-gcc-13.2.1-1.1/bin/../lib/gcc/arm-none-eabi/13.2.1/../../../../arm-none-eabi/lib/thumb/v7e-m+fp/hard\libc_nano.a
END GROUP
LOAD C:/Users/pashk/Desktop/ /tools/Make/xpack-arm-none-eabi-gcc-13.2.1-1.1-win32-x64/xpack-arm-none-eabi-gcc-13.2.1-1.1/bin/../lib/gcc/arm-none-eabi/13.2.1/thumb/v7e-m+fp/hard/crtend.o
LOAD C:/Users/pashk/Desktop/ /tools/Make/xpack-arm-none-eabi-gcc-13.2.1-1.1-win32-x64/xpack-arm-none-eabi-gcc-13.2.1-1.1/bin/../lib/gcc/arm-none-eabi/13.2.1/thumb/v7e-m+fp/hard/crtn.o
                0x20020000                        _estack = 0x20020000
                0x00000200                        _Min_Heap_Size = 0x200
                0x00000400                        _Min_Stack_Size = 0x400

.isr_vector     0x08000000      0x198
                0x08000000                        . = ALIGN (0x4)
 *(.isr_vector)
 .isr_vector    0x08000000      0x198 build_F411RE/startup_stm32f411xe.o
                0x08000000                g_pfnVectors
                0x08000198                        . = ALIGN (0x4)

.text           0x08000198      0x428
                0x08000198                        . = ALIGN (0x4)
 *(.text)
 *(.text*)
 .text.__do_global_dtors_aux
                0x08000198       0x24 C:/Users/pashk/Desktop/ /tools/Make/xpack-arm-none-eabi-gcc-13.2.1-1.1-win32-x64/xpack-arm-none-eabi-gcc-13.2.1-1.1/bin/../lib/gcc/arm-none-eabi/13.2.1/thumb/v7e-m+fp/hard/crtbegin.o
 .text.frame_dummy
                0x080001bc       0x1c C:/Users/pashk/Desktop/ /tools/Make/xpack-arm-none-eabi-gcc-13.2.1-1.1-win32-x64/xpack-arm-none-eabi-gcc-13.2.1-1.1/bin/../lib/gcc/arm-none-eabi/13.2.1/thumb/v7e-m+fp/hard/crtbegin.o
 .text.SystemInit
                0x080001d8       0x14 build_F411RE/system_stm32f4xx.o
                0x080001d8                SystemInit
 .text.main     0x080001ec       0x54 build_F411RE/main.o
                0x080001ec                main
 .text.NVIC_EncodePriority
                0x08000240       0x3e build_F411RE/init.o
 *fill*         0x0800027e        0x2 
 .text.GPIO_Ini
                0x08000280       0x44 build_F411RE/init.o
                0x08000280                GPIO_Ini
 .text.IRO_INInt
                0x080002c4       0x68 build_F411RE/init.o
                0x080002c4                IRO_INInt
 .text.TIM10_Init
                0x0800032c       0x50 build_F411RE/init.o
                0x0800032c                TIM10_Init
 .text.TIM1_PWM_Init
                0x0800037c       0xd0 build_F411RE/init.o
                0x0800037c                TIM1_PWM_Init
 .text.TIM1_UP_TIM10_IRQHandler
                0x0800044c       0x28 build_F411RE/handlers.o
                0x0800044c                TIM1_UP_TIM10_IRQHandler
 .text.EXTI9_5_IRQHandler
                0x08000474       0x98 build_F411RE/handlers.o
                0x08000474                EXTI9_5_IRQHandler
 .text.Reset_Handler
                0x0800050c       0x50 build_F411RE/startup_stm32f411xe.o
                0x0800050c                Reset_Handler
 .text.Default_Handler
                0x0800055c        0x2 build_F411RE/startup_stm32f411xe.o
                0x0800055c                RTC_Alarm_IRQHandler
                0x0800055c                EXTI2_IRQHandler
                0x0800055c                DebugMon_Handler
                0x0800055c                SPI4_IRQHandler
                0x0800055c                TIM1_CC_IRQHandler
                0x0800055c                DMA2_Stream5_IRQHandler
                0x0800055c                HardFault_Handler
                0x0800055c                DMA1_Stream5_IRQHandler
                0x0800055c                SysTick_Handler
                0x0800055c                PVD_IRQHandler
                0x0800055c                SDIO_IRQHandler
                0x0800055c                TAMP_STAMP_IRQHandler
                0x0800055c                PendSV_Handler
                0x0800055c                NMI_Handler
                0x0800055c                EXTI3_IRQHandler
                0x0800055c                I2C3_ER_IRQHandler
                0x0800055c                EXTI0_IRQHandler
                0x0800055c                I2C2_EV_IRQHandler
                0x0800055c                DMA1_Stream2_IRQHandler
                0x0800055c                FPU_IRQHandler
                0x0800055c                UsageFault_Handler
                0x0800055c                DMA2_Stream2_IRQHandler
                0x0800055c                SPI1_IRQHandler
                0x0800055c                TIM1_BRK_TIM9_IRQHandler
                0x0800055c                DMA2_Stream3_IRQHandler
                0x0800055c                USART6_IRQHandler
                0x0800055c                DMA2_Stream0_IRQHandler
                0x0800055c                TIM4_IRQHandler
                0x0800055c                I2C1_EV_IRQHandler
                0x0800055c                DMA1_Stream6_IRQHandler
                0x0800055c                DMA1_Stream1_IRQHandler
                0x0800055c                TIM3_IRQHandler
                0x0800055c                RCC_IRQHandler
                0x0800055c                Default_Handler
                0x0800055c                EXTI15_10_IRQHandler
                0x0800055c                ADC_IRQHandler
                0x0800055c                DMA1_Stream7_IRQHandler
                0x0800055c                SPI5_IRQHandler
                0x0800055c                TIM5_IRQHandler
                0x0800055c                DMA2_Stream7_IRQHandler
                0x0800055c                I2C3_EV_IRQHandler
                0x0800055c                RTC_WKUP_IRQHandler
                0x0800055c                SPI2_IRQHandler
                0x0800055c                MemManage_Handler
                0x0800055c                DMA1_Stream0_IRQHandler
                0x0800055c                SVC_Handler
                0x0800055c                EXTI4_IRQHandler
                0x0800055c                WWDG_IRQHandler
                0x0800055c                TIM2_IRQHandler
                0x0800055c                OTG_FS_WKUP_IRQHandler
                0x0800055c                TIM1_TRG_COM_TIM11_IRQHandler
                0x0800055c                EXTI1_IRQHandler
                0x0800055c                USART2_IRQHandler
                0x0800055c                I2C2_ER_IRQHandler
                0x0800055c                DMA2_Stream1_IRQHandler
                0x0800055c                FLASH_IRQHandler
                0x0800055c                DMA2_Stream4_IRQHandler
                0x0800055c                BusFault_Handler
                0x0800055c                USART1_IRQHandler
                0x0800055c                OTG_FS_IRQHandler
                0x0800055c                SPI3_IRQHandler
                0x0800055c                DMA1_Stream4_IRQHandler
                0x0800055c                I2C1_ER_IRQHandler
                0x0800055c                DMA2_Stream6_IRQHandler
                0x0800055c                DMA1_Stream3_IRQHandler
 *fill*         0x0800055e        0x2 
 .text.__libc_init_array
                0x08000560       0x48 C:/Users/pashk/Desktop/ /tools/Make/xpack-arm-none-eabi-gcc-13.2.1-1.1-win32-x64/xpack-arm-none-eabi-gcc-13.2.1-1.1/bin/../lib/gcc/arm-none-eabi/13.2.1/../../../../arm-none-eabi/lib/thumb/v7e-m+fp/hard\libc_nano.a(libc_a-init.o)
                0x08000560                __libc_init_array
 *(.glue_7)
 .glue_7        0x080005a8        0x0 linker stubs
 *(.glue_7t)
 .glue_7t       0x080005a8        0x0 linker stubs
 *(.eh_frame)
 .eh_frame      0x080005a8        0x0 C:/Users/pashk/Desktop/ /tools/Make/xpack-arm-none-eabi-gcc-13.2.1-1.1-win32-x64/xpack-arm-none-eabi-gcc-13.2.1-1.1/bin/../lib/gcc/arm-none-eabi/13.2.1/thumb/v7e-m+fp/hard/crtbegin.o
 *(.init)
 .init          0x080005a8        0x4 C:/Users/pashk/Desktop/ /tools/Make/xpack-arm-none-eabi-gcc-13.2.1-1.1-win32-x64/xpack-arm-none-eabi-gcc-13.2.1-1.1/bin/../lib/gcc/arm-none-eabi/13.2.1/thumb/v7e-m+fp/hard/crti.o
                0x080005a8                _init
 .init          0x080005ac        0x8 C:/Users/pashk/Desktop/ /tools/Make/xpack-arm-none-eabi-gcc-13.2.1-1.1-win32-x64/xpack-arm-none-eabi-gcc-13.2.1-1.1/bin/../lib/gcc/arm-none-eabi/13.2.1/thumb/v7e-m+fp/hard/crtn.o
 *(.fini)
 .fini          0x080005b4        0x4 C:/Users/pashk/Desktop/ /tools/Make/xpack-arm-none-eabi-gcc-13.2.1-1.1-win32-x64/xpack-arm-none-eabi-gcc-13.2.1-1.1/bin/../lib/gcc/arm-none-eabi/13.2.1/thumb/v7e-m+fp/hard/crti.o
                0x080005b4                _fini
 .fini          0x080005b8        0x8 C:/Users/pashk/Desktop/ /tools/Make/xpack-arm-none-eabi-gcc-13.2.1-1.1-win32-x64/xpack-arm-none-eabi-gcc-13.2.1-1.1/bin/../lib/gcc/arm-none-eabi/13.2.1/thumb/v7e-m+fp/hard/crtn.o
                0x080005c0                        . = ALIGN (0x4)
                0x080005c0                        _etext = .

.vfp11_veneer   0x080005c0        0x0
 .vfp11_veneer  0x080005c0        0x0 linker stubs

.v4_bx          0x080005c0        0x0
 .v4_bx         0x080005c0        0x0 linker stubs

.iplt           0x080005c0        0x0
 .iplt          0x080005c0        0x0 C:/Users/pashk/Desktop/ /tools/Make/xpack-arm-none-eabi-gcc-13.2.1-1.1-win32-x64/xpack-arm-none-eabi-gcc-13.2.1-1.1/bin/../lib/gcc/arm-none-eabi/13.2.1/thumb/v7e-m+fp/hard/crtbegin.o

.rel.dyn        0x080005c0        0x0
 .rel.iplt      0x080005c0        0x0 C:/Users/pashk/Desktop/ /tools/Make/xpack-arm-none-eabi-gcc-13.2.1-1.1-win32-x64/xpack-arm-none-eabi-gcc-13.2.1-1.1/bin/../lib/gcc/arm-none-eabi/13.2.1/thumb/v7e-m+fp/hard/crtbegin.o

.rodata         0x080005c0        0x0
                0x080005c0                        . = ALIGN (0x4)
 *(.rodata)
 *(.rodata*)
                0x080005c0                        . = ALIGN (0x4)

.ARM.extab
 *(.ARM.extab* .gnu.linkonce.armextab.*)

.ARM            0x080005c0        0x0
                0x080005c0                        __exidx_start = .
 *(.ARM.exidx*)
                0x080005c0                        __exidx_end = .

.preinit_array  0x080005c0        0x0
                0x080005c0                        PROVIDE (__preinit_array_start = .)
 *(.preinit_array*)
                0x080005c0                        PROVIDE (__preinit_array_end = .)

.init_array     0x080005c0        0x4
                0x080005c0                        PROVIDE (__init_array_start = .)
 *(SORT_BY_NAME(.init_array.*))
 *(.init_array*)
 .init_array    0x080005c0        0x4 C:/Users/pashk/Desktop/ /tools/Make/xpack-arm-none-eabi-gcc-13.2.1-1.1-win32-x64/xpack-arm-none-eabi-gcc-13.2.1-1.1/bin/../lib/gcc/arm-none-eabi/13.2.1/thumb/v7e-m+fp/hard/crtbegin.o
                0x080005c4                        PROVIDE (__init_array_end = .)

.fini_array     0x080005c4        0x4
                0x080005c4                        PROVIDE (__fini_array_start = .)
 *(SORT_BY_NAME(.fini_array.*))
 *(.fini_array*)
 .fini_array    0x080005c4        0x4 C:/Users/pashk/Desktop/ /tools/Make/xpack-arm-none-eabi-gcc-13.2.1-1.1-win32-x64/xpack-arm-none-eabi-gcc-13.2.1-1.1/bin/../lib/gcc/arm-none-eabi/13.2.1/thumb/v7e-m+fp/hard/crtbegin.o
                0x080005c8                        PROVIDE (__fini_array_end = .)
                0x080005c8                        _sidata = LOADADDR (.data)

.data           0x20000000        0x0 load address 0x080005c8
                0x20000000                        . = ALIGN (0x4)
                0x20000000                        _sdata = .
 *(.data)
 *(.data*)
                0x20000000                        . = ALIGN (0x4)
                0x20000000                        _edata = .

.igot.plt       0x20000000        0x0 load address 0x080005c8
 .igot.plt      0x20000000        0x0 C:/Users/pashk/Desktop/ /tools/Make/xpack-arm-none-eabi-gcc-13.2.1-1.1-win32-x64/xpack-arm-none-eabi-gcc-13.2.1-1.1/bin/../lib/gcc/arm-none-eabi/13.2.1/thumb/v7e-m+fp/hard/crtbegin.o
                0x20000000                        . = ALIGN (0x4)

.bss            0x20000000       0x30 load address 0x080005c8
                0x20000000                        _sbss = .
                0x20000000                        __bss_start__ = _sbss
 *(.bss)
 *(.bss*)
 .bss.completed.1
                0x20000000        0x1 C:/Users/pashk/Desktop/ /tools/Make/xpack-arm-none-eabi-gcc-13.2.1-1.1-win32-x64/xpack-arm-none-eabi-gcc-13.2.1-1.1/bin/../lib/gcc/arm-none-eabi/13.2.1/thumb/v7e-m+fp/hard/crtbegin.o
 *fill*         0x20000001        0x3 
 .bss.object.0  0x20000004       0x18 C:/Users/pashk/Desktop/ /tools/Make/xpack-arm-none-eabi-gcc-13.2.1-1.1-win32-x64/xpack-arm-none-eabi-gcc-13.2.1-1.1/bin/../lib/gcc/arm-none-eabi/13.2.1/thumb/v7e-m+fp/hard/crtbegin.o
 .bss.btn8_press_time
                0x2000001c        0x4 build_F411RE/main.o
                0x2000001c                btn8_press_time
 .bss.btn8_pressed
                0x20000020        0x1 build_F411RE/main.o
                0x20000020                btn8_pressed
 *fill*         0x20000021        0x3 
 .bss.btn9_press_time
                0x20000024        0x4 build_F411RE/main.o
                0x20000024                btn9_press_time
 .bss.btn9_pressed
                0x20000028        0x1 build_F411RE/main.o
                0x20000028                btn9_pressed
 *fill*         0x20000029        0x3 
 .bss.tick_count
                0x2000002c        0x4 build_F411RE/main.o
                0x2000002c                tick_count
 *(COMMON)
                0x20000030                        . = ALIGN (0x4)
                0x20000030                        _ebss = .
                0x20000030                        __bss_end__ = _ebss

._user_heap_stack
                0x20000030      0x600 load address 0x080005c8
                0x20000030                        . = ALIGN (0x8)
                [!provide]                        PROVIDE (end = .)
                0x20000030                        PROVIDE (_end = .)
                0x20000230                        . = (. + _Min_Heap_Size)
 *fill*         0x20000030      0x200 
                0x20000630                        . = (. + _Min_Stack_Size)
 *fill*         0x20000230      0x400 
                0x20000630                        . = ALIGN (0x8)

/DISCARD/
 libc.a(*)
 libm.a(*)
 libgcc.a(*)

.ARM.attributes
                0x00000000       0x30
 *(.ARM.attributes)
 .ARM.attributes
                0x00000000       0x22 C:/Users/pashk/Desktop/ /tools/Make/xpack-arm-none-eabi-gcc-13.2.1-1.1-win32-x64/xpack-arm-none-eabi-gcc-13.2.1-1.1/bin/../lib/gcc/arm-none-eabi/13.2.1/thumb/v7e-m+fp/hard/crti.o
 .ARM.attributes
                0x00000022       0x34 C:/Users/pashk/Desktop/ /tools/Make/xpack-arm-none-eabi-gcc-13.2.1-1.1-win32-x64/xpack-arm-none-eabi-gcc-13.2.1-1.1/bin/../lib/gcc/arm-none-eabi/13.2.1/thumb/v7e-m+fp/hard/crtbegin.o
 .ARM.attributes
                0x00000056       0x34 build_F411RE/system_stm32f4xx.o
 .ARM.attributes
                0x0000008a       0x34 build_F411RE/main.o
 .ARM.attributes
                0x000000be       0x34 build_F411RE/init.o
 .ARM.attributes
                0x000000f2       0x34 build_F411RE/handlers.o
 .ARM.attributes
                0x00000126       0x21 build_F411RE/startup_stm32f411xe.o
 .ARM.attributes
                0x00000147       0x34 C:/Users/pashk/Desktop/ /tools/Make/xpack-arm-none-eabi-gcc-13.2.1-1.1-win32-x64/xpack-arm-none-eabi-gcc-13.2.1-1.1/bin/../lib/gcc/arm-none-eabi/13.2.1/../../../../arm-none-eabi/lib/thumb/v7e-m+fp/hard\libc_nano.a(libc_a-init.o)
 .ARM.attributes
                0x0000017b       0x22 C:/Users/pashk/Desktop/ /tools/Make/xpack-arm-none-eabi-gcc-13.2.1-1.1-win32-x64/xpack-arm-none-eabi-gcc-13.2.1-1.1/bin/../lib/gcc/arm-none-eabi/13.2.1/thumb/v7e-m+fp/hard/crtn.o
OUTPUT(build_F411RE/STM32F411RE.elf elf32-littlearm)
LOAD linker stubs
LOAD C:/Users/pashk/Desktop/ /tools/Make/xpack-arm-none-eabi-gcc-13.2.1-1.1-win32-x64/xpack-arm-none-eabi-gcc-13.2.1-1.1/bin/../lib/gcc/arm-none-eabi/13.2.1/../../../../arm-none-eabi/lib/thumb/v7e-m+fp/hard\libc.a
LOAD C:/Users/pashk/Desktop/ /tools/Make/xpack-arm-none-eabi-gcc-13.2.1-1.1-win32-x64/xpack-arm-none-eabi-gcc-13.2.1-1.1/bin/../lib/gcc/arm-none-eabi/13.2.1/../../../../arm-none-eabi/lib/thumb/v7e-m+fp/hard\libm.a
LOAD C:/Users/pashk/Desktop/ /tools/Make/xpack-arm-none-eabi-gcc-13.2.1-1.1-win32-x64/xpack-arm-none-eabi-gcc-13.2.1-1.1/bin/../lib/gcc/arm-none-eabi/13.2.1/thumb/v7e-m+fp/hard\libgcc.a

.comment        0x00000000       0x39
 .comment       0x00000000       0x39 C:/Users/pashk/Desktop/ /tools/Make/xpack-arm-none-eabi-gcc-13.2.1-1.1-win32-x64/xpack-arm-none-eabi-gcc-13.2.1-1.1/bin/../lib/gcc/arm-none-eabi/13.2.1/thumb/v7e-m+fp/hard/crtbegin.o
                                 0x3a (size before relaxing)
 .comment       0x00000039       0x3a build_F411RE/system_stm32f4xx.o
 .comment       0x00000039       0x3a build_F411RE/main.o
 .comment       0x00000039       0x3a build_F411RE/init.o
 .comment       0x00000039       0x3a build_F411RE/handlers.o
 .comment       0x00000039       0x3a C:/Users/pashk/Desktop/ /tools/Make/xpack-arm-none-eabi-gcc-13.2.1-1.1-win32-x64/xpack-arm-none-eabi-gcc-13.2.1-1.1/bin/../lib/gcc/arm-none-eabi/13.2.1/../../../../arm-none-eabi/lib/thumb/v7e-m+fp/hard\libc_nano.a(libc_a-init.o)

.debug_info     0x00000000     0x1ad0
 .debug_info    0x00000000      0x5de build_F411RE/system_stm32f4xx.o
 .debug_info    0x000005de      0x3d1 build_F411RE/main.o
 .debug_info    0x000009af      0xd06 build_F411RE/init.o
 .debug_info    0x000016b5      0x3eb build_F411RE/handlers.o
 .debug_info    0x00001aa0       0x30 build_F411RE/startup_stm32f411xe.o

.debug_abbrev   0x00000000      0x586
 .debug_abbrev  0x00000000      0x11b build_F411RE/system_stm32f4xx.o
 .debug_abbrev  0x0000011b       0xe1 build_F411RE/main.o
 .debug_abbrev  0x000001fc      0x23b build_F411RE/init.o
 .debug_abbrev  0x00000437      0x132 build_F411RE/handlers.o
 .debug_abbrev  0x00000569       0x1d build_F411RE/startup_stm32f411xe.o

.debug_loc      0x00000000      0x37b
 .debug_loc     0x00000000      0x181 build_F411RE/system_stm32f4xx.o
 .debug_loc     0x00000181       0x20 build_F411RE/main.o
 .debug_loc     0x000001a1      0x196 build_F411RE/init.o
 .debug_loc     0x00000337       0x44 build_F411RE/handlers.o

.debug_aranges  0x00000000       0xe8
 .debug_aranges
                0x00000000       0x28 build_F411RE/system_stm32f4xx.o
 .debug_aranges
                0x00000028       0x20 build_F411RE/main.o
 .debug_aranges
                0x00000048       0x50 build_F411RE/init.o
 .debug_aranges
                0x00000098       0x28 build_F411RE/handlers.o
 .debug_aranges
                0x000000c0       0x28 build_F411RE/startup_stm32f411xe.o

.debug_ranges   0x00000000       0xd0
 .debug_ranges  0x00000000       0x18 build_F411RE/system_stm32f4xx.o
 .debug_ranges  0x00000018       0x10 build_F411RE/main.o
 .debug_ranges  0x00000028       0x40 build_F411RE/init.o
 .debug_ranges  0x00000068       0x48 build_F411RE/handlers.o
 .debug_ranges  0x000000b0       0x20 build_F411RE/startup_stm32f411xe.o

.debug_line     0x00000000      0xb99
 .debug_line    0x00000000      0x2fb build_F411RE/system_stm32f4xx.o
 .debug_line    0x000002fb      0x1ec build_F411RE/main.o
 .debug_line    0x000004e7      0x383 build_F411RE/init.o
 .debug_line    0x0000086a      0x2a5 build_F411RE/handlers.o
 .debug_line    0x00000b0f       0x8a build_F411RE/startup_stm32f411xe.o

.debug_str      0x00000000      0x9ca
 .debug_str     0x00000000      0x9ca build_F411RE/system_stm32f4xx.o
                                0x369 (size before relaxing)
 .debug_str     0x000009ca      0x287 build_F411RE/main.o
 .debug_str     0x000009ca      0x88d build_F411RE/init.o
 .debug_str     0x000009ca      0x289 build_F411RE/handlers.o
 .debug_str     0x000009ca       0x74 build_F411RE/startup_stm32f411xe.o

.debug_frame    0x00000000      0x118
 .debug_frame   0x00000000       0x30 build_F411RE/system_stm32f4xx.o
 .debug_frame   0x00000030       0x28 build_F411RE/main.o
 .debug_frame   0x00000058       0x90 build_F411RE/init.o
 .debug_frame   0x000000e8       0x30 build_F411RE/handlers.o

Cross Reference Table

Symbol                                            File
ADC_IRQHandler                                    build_F411RE/startup_stm32f411xe.o
AHBPrescTable                                     build_F411RE/system_stm32f4xx.o
APBPrescTable                                     build_F411RE/system_stm32f4xx.o
BusFault_Handler                                  build_F411RE/startup_stm32f411xe.o
DMA1_Stream0_IRQHandler                           build_F411RE/startup_stm32f411xe.o
DMA1_Stream1_IRQHandler                           build_F411RE/startup_stm32f411xe.o
DMA1_Stream2_IRQHandler                           build_F411RE/startup_stm32f411xe.o
DMA1_Stream3_IRQHandler                           build_F411RE/startup_stm32f411xe.o
DMA1_Stream4_IRQHandler                           build_F411RE/startup_stm32f411xe.o
DMA1_Stream5_IRQHandler                           build_F411RE/startup_stm32f411xe.o
DMA1_Stream6_IRQHandler                           build_F411RE/startup_stm32f411xe.o
DMA1_Stream7_IRQHandler                           build_F411RE/startup_stm32f411xe.o
DMA2_Stream0_IRQHandler                           build_F411RE/startup_stm32f411xe.o
DMA2_Stream1_IRQHandler                           build_F411RE/startup_stm32f411xe.o
DMA2_Stream2_IRQHandler                           build_F411RE/startup_stm32f411xe.o
DMA2_Stream3_IRQHandler                           build_F411RE/startup_stm32f411xe.o
DMA2_Stream4_IRQHandler                           build_F411RE/startup_stm32f411xe.o
DMA2_Stream5_IRQHandler                           build_F411RE/startup_stm32f411xe.o
DMA2_Stream6_IRQHandler                           build_F411RE/startup_stm32f411xe.o
DMA2_Stream7_IRQHandler                           build_F411RE/startup_stm32f411xe.o
DebugMon_Handler                                  build_F411RE/startup_stm32f411xe.o
Default_Handler                                   build_F411RE/startup_stm32f411xe.o
EXTI0_IRQHandler                                  build_F411RE/startup_stm32f411xe.o
EXTI15_10_IRQHandler                              build_F411RE/startup_stm32f411xe.o
EXTI1_IRQHandler                                  build_F411RE/startup_stm32f411xe.o
EXTI2_IRQHandler                                  build_F411RE/startup_stm32f411xe.o
EXTI3_IRQHandler                                  build_F411RE/startup_stm32f411xe.o
EXTI4_IRQHandler                                  build_F411RE/startup_stm32f411xe.o
EXTI9_5_IRQHandler                                build_F411RE/handlers.o
FLASH_IRQHandler                                  build_F411RE/startup_stm32f411xe.o
FPU_IRQHandler                                    build_F411RE/startup_stm32f411xe.o
GPIO_Ini                                          build_F411RE/init.o
                                                  build_F411RE/main.o
HardFault_Handler                                 build_F411RE/startup_stm32f411xe.o
I2C1_ER_IRQHandler                                build_F411RE/startup_stm32f411xe.o
I2C1_EV_IRQHandler                                build_F411RE/startup_stm32f411xe.o
I2C2_ER_IRQHandler                                build_F411RE/startup_stm32f411xe.o
I2C2_EV_IRQHandler                                build_F411RE/startup_stm32f411xe.o
I2C3_ER_IRQHandler                                build_F411RE/startup_stm32f411xe.o
I2C3_EV_IRQHandler                                build_F411RE/startup_stm32f411xe.o
IRO_INInt                                         build_F411RE/init.o
                                                  build_F411RE/main.o
MemManage_Handler                                 build_F411RE/startup_stm32f411xe.o
NMI_Handler                                       build_F411RE/startup_stm32f411xe.o
OTG_FS_IRQHandler                                 build_F411RE/startup_stm32f411xe.o
OTG_FS_WKUP_IRQHandler                            build_F411RE/startup_stm32f411xe.o
PVD_IRQHandler                                    build_F411RE/startup_stm32f411xe.o
PendSV_Handler                                    build_F411RE/startup_stm32f411xe.o
RCC_IRQHandler                                    build_F411RE/startup_stm32f411xe.o
RTC_Alarm_IRQHandler                              build_F411RE/startup_stm32f411xe.o
RTC_WKUP_IRQHandler                               build_F411RE/startup_stm32f411xe.o
Reset_Handler                                     build_F411RE/startup_stm32f411xe.o
SDIO_IRQHandler                                   build_F411RE/startup_stm32f411xe.o
SPI1_IRQHandler                                   build_F411RE/startup_stm32f411xe.o
SPI2_IRQHandler                                   build_F411RE/startup_stm32f411xe.o
SPI3_IRQHandler                                   build_F411RE/startup_stm32f411xe.o
SPI4_IRQHandler                                   build_F411RE/startup_stm32f411xe.o
SPI5_IRQHandler                                   build_F411RE/startup_stm32f411xe.o
SVC_Handler                                       build_F411RE/startup_stm32f411xe.o
Set_All_LEDs_Brightness                           build_F411RE/task.o
Switch_PWM                                        build_F411RE/task.o
SysTick_Handler                                   build_F411RE/startup_stm32f411xe.o
SystemCoreClock                                   build_F411RE/system_stm32f4xx.o
SystemCoreClockUpdate                             build_F411RE/system_stm32f4xx.o
SystemInit                                        build_F411RE/system_stm32f4xx.o
                                                  build_F411RE/startup_stm32f411xe.o
TAMP_STAMP_IRQHandler                             build_F411RE/startup_stm32f411xe.o
TIM10_Init                                        build_F411RE/init.o
                                                  build_F411RE/main.o
TIM1_BRK_TIM9_IRQHandler                          build_F411RE/startup_stm32f411xe.o
TIM1_CC_IRQHandler                                build_F411RE/startup_stm32f411xe.o
TIM1_PWM_Init                                     build_F411RE/init.o
                                                  build_F411RE/main.o
TIM1_TRG_COM_TIM11_IRQHandler                     build_F411RE/startup_stm32f411xe.o
TIM1_UP_TIM10_IRQHandler                          build_F411RE/handlers.o
TIM2_IRQHandler                                   build_F411RE/startup_stm32f411xe.o
TIM2_PWM_Init                                     build_F411RE/init.o
TIM3_IRQHandler                                   build_F411RE/startup_stm32f411xe.o
TIM3_PWM_Init                                     build_F411RE/init.o
TIM4_IRQHandler                                   build_F411RE/startup_stm32f411xe.o
TIM5_IRQHandler                                   build_F411RE/startup_stm32f411xe.o
USART1_IRQHandler                                 build_F411RE/startup_stm32f411xe.o
USART2_IRQHandler                                 build_F411RE/startup_stm32f411xe.o
USART6_IRQHandler                                 build_F411RE/startup_stm32f411xe.o
UsageFault_Handler                                build_F411RE/startup_stm32f411xe.o
WWDG_IRQHandler                                   build_F411RE/startup_stm32f411xe.o
_Min_Stack_Size                                   build_F411RE/sysmem.o
__atexit                                          C:/Users/pashk/Desktop/ /tools/Make/xpack-arm-none-eabi-gcc-13.2.1-1.1-win32-x64/xpack-arm-none-eabi-gcc-13.2.1-1.1/bin/../lib/gcc/arm-none-eabi/13.2.1/../../../../arm-none-eabi/lib/thumb/v7e-m+fp/hard\libc_nano.a(libc_a-__call_atexit.o)
                                                  C:/Users/pashk/Desktop/ /tools/Make/xpack-arm-none-eabi-gcc-13.2.1-1.1-win32-x64/xpack-arm-none-eabi-gcc-13.2.1-1.1/bin/../lib/gcc/arm-none-eabi/13.2.1/../../../../arm-none-eabi/lib/thumb/v7e-m+fp/hard\libc_nano.a(libc_a-__atexit.o)
__atexit0                                         C:/Users/pashk/Desktop/ /tools/Make/xpack-arm-none-eabi-gcc-13.2.1-1.1-win32-x64/xpack-arm-none-eabi-gcc-13.2.1-1.1/bin/../lib/gcc/arm-none-eabi/13.2.1/../../../../arm-none-eabi/lib/thumb/v7e-m+fp/hard\libc_nano.a(libc_a-__atexit.o)
__atexit_dummy                                    C:/Users/pashk/Desktop/ /tools/Make/xpack-arm-none-eabi-gcc-13.2.1-1.1-win32-x64/xpack-arm-none-eabi-gcc-13.2.1-1.1/bin/../lib/gcc/arm-none-eabi/13.2.1/../../../../arm-none-eabi/lib/thumb/v7e-m+fp/hard\libc_nano.a(libc_a-__atexit.o)
__atexit_recursive_mutex                          C:/Users/pashk/Desktop/ /tools/Make/xpack-arm-none-eabi-gcc-13.2.1-1.1-win32-x64/xpack-arm-none-eabi-gcc-13.2.1-1.1/bin/../lib/gcc/arm-none-eabi/13.2.1/../../../../arm-none-eabi/lib/thumb/v7e-m+fp/hard\libc_nano.a(libc_a-__call_atexit.o)
                                                  C:/Users/pashk/Desktop/ /tools/Make/xpack-arm-none-eabi-gcc-13.2.1-1.1-win32-x64/xpack-arm-none-eabi-gcc-13.2.1-1.1/bin/../lib/gcc/arm-none-eabi/13.2.1/../../../../arm-none-eabi/lib/thumb/v7e-m+fp/hard\libc_nano.a(libc_a-__atexit.o)
__bss_end__                                       C:/Users/pashk/Desktop/ /tools/Make/xpack-arm-none-eabi-gcc-13.2.1-1.1-win32-x64/xpack-arm-none-eabi-gcc-13.2.1-1.1/bin/../lib/gcc/arm-none-eabi/13.2.1/../../../../arm-none-eabi/lib/thumb/v7e-m+fp/hard/crt0.o
__bss_start__                                     C:/Users/pashk/Desktop/ /tools/Make/xpack-arm-none-eabi-gcc-13.2.1-1.1-win32-x64/xpack-arm-none-eabi-gcc-13.2.1-1.1/bin/../lib/gcc/arm-none-eabi/13.2.1/../../../../arm-none-eabi/lib/thumb/v7e-m+fp/hard/crt0.o
__call_exitprocs                                  C:/Users/pashk/Desktop/ /tools/Make/xpack-arm-none-eabi-gcc-13.2.1-1.1-win32-x64/xpack-arm-none-eabi-gcc-13.2.1-1.1/bin/../lib/gcc/arm-none-eabi/13.2.1/../../../../arm-none-eabi/lib/thumb/v7e-m+fp/hard\libc_nano.a(libc_a-__call_atexit.o)
                                                  C:/Users/pashk/Desktop/ /tools/Make/xpack-arm-none-eabi-gcc-13.2.1-1.1-win32-x64/xpack-arm-none-eabi-gcc-13.2.1-1.1/bin/../lib/gcc/arm-none-eabi/13.2.1/../../../../arm-none-eabi/lib/thumb/v7e-m+fp/hard\libc_nano.a(libc_a-__atexit.o)
                                                  C:/Users/pashk/Desktop/ /tools/Make/xpack-arm-none-eabi-gcc-13.2.1-1.1-win32-x64/xpack-arm-none-eabi-gcc-13.2.1-1.1/bin/../lib/gcc/arm-none-eabi/13.2.1/../../../../arm-none-eabi/lib/thumb/v7e-m+fp/hard\libc_nano.a(libc_a-exit.o)
__deregister_frame_info                           C:/Users/pashk/Desktop/ /tools/Make/xpack-arm-none-eabi-gcc-13.2.1-1.1-win32-x64/xpack-arm-none-eabi-gcc-13.2.1-1.1/bin/../lib/gcc/arm-none-eabi/13.2.1/thumb/v7e-m+fp/hard/crtbegin.o
__dso_handle                                      C:/Users/pashk/Desktop/ /tools/Make/xpack-arm-none-eabi-gcc-13.2.1-1.1-win32-x64/xpack-arm-none-eabi-gcc-13.2.1-1.1/bin/../lib/gcc/arm-none-eabi/13.2.1/thumb/v7e-m+fp/hard/crtbegin.o
__env                                             build_F411RE/syscalls.o
__errno                                           C:/Users/pashk/Desktop/ /tools/Make/xpack-arm-none-eabi-gcc-13.2.1-1.1-win32-x64/xpack-arm-none-eabi-gcc-13.2.1-1.1/bin/../lib/gcc/arm-none-eabi/13.2.1/../../../../arm-none-eabi/lib/thumb/v7e-m+fp/hard\libc_nano.a(libc_a-errno.o)
                                                  build_F411RE/sysmem.o
                                                  build_F411RE/syscalls.o
__fini_array_end                                  C:/Users/pashk/Desktop/ /tools/Make/xpack-arm-none-eabi-gcc-13.2.1-1.1-win32-x64/xpack-arm-none-eabi-gcc-13.2.1-1.1/bin/../lib/gcc/arm-none-eabi/13.2.1/../../../../arm-none-eabi/lib/thumb/v7e-m+fp/hard\libc_nano.a(libc_a-fini.o)
__fini_array_start                                C:/Users/pashk/Desktop/ /tools/Make/xpack-arm-none-eabi-gcc-13.2.1-1.1-win32-x64/xpack-arm-none-eabi-gcc-13.2.1-1.1/bin/../lib/gcc/arm-none-eabi/13.2.1/../../../../arm-none-eabi/lib/thumb/v7e-m+fp/hard\libc_nano.a(libc_a-fini.o)
__fp_lock_all                                     C:/Users/pashk/Desktop/ /tools/Make/xpack-arm-none-eabi-gcc-13.2.1-1.1-win32-x64/xpack-arm-none-eabi-gcc-13.2.1-1.1/bin/../lib/gcc/arm-none-eabi/13.2.1/../../../../arm-none-eabi/lib/thumb/v7e-m+fp/hard\libc_nano.a(libc_a-findfp.o)
__fp_unlock_all                                   C:/Users/pashk/Desktop/ /tools/Make/xpack-arm-none-eabi-gcc-13.2.1-1.1-win32-x64/xpack-arm-none-eabi-gcc-13.2.1-1.1/bin/../lib/gcc/arm-none-eabi/13.2.1/../../../../arm-none-eabi/lib/thumb/v7e-m+fp/hard\libc_nano.a(libc_a-findfp.o)
__init_array_end                                  C:/Users/pashk/Desktop/ /tools/Make/xpack-arm-none-eabi-gcc-13.2.1-1.1-win32-x64/xpack-arm-none-eabi-gcc-13.2.1-1.1/bin/../lib/gcc/arm-none-eabi/13.2.1/../../../../arm-none-eabi/lib/thumb/v7e-m+fp/hard\libc_nano.a(libc_a-init.o)
__init_array_start                                C:/Users/pashk/Desktop/ /tools/Make/xpack-arm-none-eabi-gcc-13.2.1-1.1-win32-x64/xpack-arm-none-eabi-gcc-13.2.1-1.1/bin/../lib/gcc/arm-none-eabi/13.2.1/../../../../arm-none-eabi/lib/thumb/v7e-m+fp/hard\libc_nano.a(libc_a-init.o)
__io_getchar                                      build_F411RE/syscalls.o
__io_putchar                                      build_F411RE/syscalls.o
__libc_fini_array                                 C:/Users/pashk/Desktop/ /tools/Make/xpack-arm-none-eabi-gcc-13.2.1-1.1-win32-x64/xpack-arm-none-eabi-gcc-13.2.1-1.1/bin/../lib/gcc/arm-none-eabi/13.2.1/../../../../arm-none-eabi/lib/thumb/v7e-m+fp/hard\libc_nano.a(libc_a-fini.o)
                                                  C:/Users/pashk/Desktop/ /tools/Make/xpack-arm-none-eabi-gcc-13.2.1-1.1-win32-x64/xpack-arm-none-eabi-gcc-13.2.1-1.1/bin/../lib/gcc/arm-none-eabi/13.2.1/../../../../arm-none-eabi/lib/thumb/v7e-m+fp/hard/crt0.o
__libc_init_array                                 C:/Users/pashk/Desktop/ /tools/Make/xpack-arm-none-eabi-gcc-13.2.1-1.1-win32-x64/xpack-arm-none-eabi-gcc-13.2.1-1.1/bin/../lib/gcc/arm-none-eabi/13.2.1/../../../../arm-none-eabi/lib/thumb/v7e-m+fp/hard\libc_nano.a(libc_a-init.o)
                                                  build_F411RE/startup_stm32f411xe.o
                                                  C:/Users/pashk/Desktop/ /tools/Make/xpack-arm-none-eabi-gcc-13.2.1-1.1-win32-x64/xpack-arm-none-eabi-gcc-13.2.1-1.1/bin/../lib/gcc/arm-none-eabi/13.2.1/../../../../arm-none-eabi/lib/thumb/v7e-m+fp/hard/crt0.o
__lock___arc4random_mutex                         C:/Users/pashk/Desktop/ /tools/Make/xpack-arm-none-eabi-gcc-13.2.1-1.1-win32-x64/xpack-arm-none-eabi-gcc-13.2.1-1.1/bin/../lib/gcc/arm-none-eabi/13.2.1/../../../../arm-none-eabi/lib/thumb/v7e-m+fp/hard\libc_nano.a(libc_a-lock.o)
__lock___at_quick_exit_mutex                      C:/Users/pashk/Desktop/ /tools/Make/xpack-arm-none-eabi-gcc-13.2.1-1.1-win32-x64/xpack-arm-none-eabi-gcc-13.2.1-1.1/bin/../lib/gcc/arm-none-eabi/13.2.1/../../../../arm-none-eabi/lib/thumb/v7e-m+fp/hard\libc_nano.a(libc_a-lock.o)
__lock___atexit_recursive_mutex                   C:/Users/pashk/Desktop/ /tools/Make/xpack-arm-none-eabi-gcc-13.2.1-1.1-win32-x64/xpack-arm-none-eabi-gcc-13.2.1-1.1/bin/../lib/gcc/arm-none-eabi/13.2.1/../../../../arm-none-eabi/lib/thumb/v7e-m+fp/hard\libc_nano.a(libc_a-lock.o)
                                                  C:/Users/pashk/Desktop/ /tools/Make/xpack-arm-none-eabi-gcc-13.2.1-1.1-win32-x64/xpack-arm-none-eabi-gcc-13.2.1-1.1/bin/../lib/gcc/arm-none-eabi/13.2.1/../../../../arm-none-eabi/lib/thumb/v7e-m+fp/hard\libc_nano.a(libc_a-__call_atexit.o)
__lock___dd_hash_mutex                            C:/Users/pashk/Desktop/ /tools/Make/xpack-arm-none-eabi-gcc-13.2.1-1.1-win32-x64/xpack-arm-none-eabi-gcc-13.2.1-1.1/bin/../lib/gcc/arm-none-eabi/13.2.1/../../../../arm-none-eabi/lib/thumb/v7e-m+fp/hard\libc_nano.a(libc_a-lock.o)
__lock___env_recursive_mutex                      C:/Users/pashk/Desktop/ /tools/Make/xpack-arm-none-eabi-gcc-13.2.1-1.1-win32-x64/xpack-arm-none-eabi-gcc-13.2.1-1.1/bin/../lib/gcc/arm-none-eabi/13.2.1/../../../../arm-none-eabi/lib/thumb/v7e-m+fp/hard\libc_nano.a(libc_a-lock.o)
__lock___malloc_recursive_mutex                   C:/Users/pashk/Desktop/ /tools/Make/xpack-arm-none-eabi-gcc-13.2.1-1.1-win32-x64/xpack-arm-none-eabi-gcc-13.2.1-1.1/bin/../lib/gcc/arm-none-eabi/13.2.1/../../../../arm-none-eabi/lib/thumb/v7e-m+fp/hard\libc_nano.a(libc_a-lock.o)
                                                  C:/Users/pashk/Desktop/ /tools/Make/xpack-arm-none-eabi-gcc-13.2.1-1.1-win32-x64/xpack-arm-none-eabi-gcc-13.2.1-1.1/bin/../lib/gcc/arm-none-eabi/13.2.1/../../../../arm-none-eabi/lib/thumb/v7e-m+fp/hard\libc_nano.a(libc_a-mlock.o)
__lock___sfp_recursive_mutex                      C:/Users/pashk/Desktop/ /tools/Make/xpack-arm-none-eabi-gcc-13.2.1-1.1-win32-x64/xpack-arm-none-eabi-gcc-13.2.1-1.1/bin/../lib/gcc/arm-none-eabi/13.2.1/../../../../arm-none-eabi/lib/thumb/v7e-m+fp/hard\libc_nano.a(libc_a-lock.o)
                                                  C:/Users/pashk/Desktop/ /tools/Make/xpack-arm-none-eabi-gcc-13.2.1-1.1-win32-x64/xpack-arm-none-eabi-gcc-13.2.1-1.1/bin/../lib/gcc/arm-none-eabi/13.2.1/../../../../arm-none-eabi/lib/thumb/v7e-m+fp/hard\libc_nano.a(libc_a-findfp.o)
__lock___tz_mutex                                 C:/Users/pashk/Desktop/ /tools/Make/xpack-arm-none-eabi-gcc-13.2.1-1.1-win32-x64/xpack-arm-none-eabi-gcc-13.2.1-1.1/bin/../lib/gcc/arm-none-eabi/13.2.1/../../../../arm-none-eabi/lib/thumb/v7e-m+fp/hard\libc_nano.a(libc_a-lock.o)
__malloc_free_list                                C:/Users/pashk/Desktop/ /tools/Make/xpack-arm-none-eabi-gcc-13.2.1-1.1-win32-x64/xpack-arm-none-eabi-gcc-13.2.1-1.1/bin/../lib/gcc/arm-none-eabi/13.2.1/../../../../arm-none-eabi/lib/thumb/v7e-m+fp/hard\libc_nano.a(libc_a-mallocr.o)
                                                  C:/Users/pashk/Desktop/ /tools/Make/xpack-arm-none-eabi-gcc-13.2.1-1.1-win32-x64/xpack-arm-none-eabi-gcc-13.2.1-1.1/bin/../lib/gcc/arm-none-eabi/13.2.1/../../../../arm-none-eabi/lib/thumb/v7e-m+fp/hard\libc_nano.a(libc_a-freer.o)
__malloc_lock                                     C:/Users/pashk/Desktop/ /tools/Make/xpack-arm-none-eabi-gcc-13.2.1-1.1-win32-x64/xpack-arm-none-eabi-gcc-13.2.1-1.1/bin/../lib/gcc/arm-none-eabi/13.2.1/../../../../arm-none-eabi/lib/thumb/v7e-m+fp/hard\libc_nano.a(libc_a-mlock.o)
                                                  C:/Users/pashk/Desktop/ /tools/Make/xpack-arm-none-eabi-gcc-13.2.1-1.1-win32-x64/xpack-arm-none-eabi-gcc-13.2.1-1.1/bin/../lib/gcc/arm-none-eabi/13.2.1/../../../../arm-none-eabi/lib/thumb/v7e-m+fp/hard\libc_nano.a(libc_a-mallocr.o)
                                                  C:/Users/pashk/Desktop/ /tools/Make/xpack-arm-none-eabi-gcc-13.2.1-1.1-win32-x64/xpack-arm-none-eabi-gcc-13.2.1-1.1/bin/../lib/gcc/arm-none-eabi/13.2.1/../../../../arm-none-eabi/lib/thumb/v7e-m+fp/hard\libc_nano.a(libc_a-freer.o)
__malloc_sbrk_start                               C:/Users/pashk/Desktop/ /tools/Make/xpack-arm-none-eabi-gcc-13.2.1-1.1-win32-x64/xpack-arm-none-eabi-gcc-13.2.1-1.1/bin/../lib/gcc/arm-none-eabi/13.2.1/../../../../arm-none-eabi/lib/thumb/v7e-m+fp/hard\libc_nano.a(libc_a-mallocr.o)
__malloc_unlock                                   C:/Users/pashk/Desktop/ /tools/Make/xpack-arm-none-eabi-gcc-13.2.1-1.1-win32-x64/xpack-arm-none-eabi-gcc-13.2.1-1.1/bin/../lib/gcc/arm-none-eabi/13.2.1/../../../../arm-none-eabi/lib/thumb/v7e-m+fp/hard\libc_nano.a(libc_a-mlock.o)
                                                  C:/Users/pashk/Desktop/ /tools/Make/xpack-arm-none-eabi-gcc-13.2.1-1.1-win32-x64/xpack-arm-none-eabi-gcc-13.2.1-1.1/bin/../lib/gcc/arm-none-eabi/13.2.1/../../../../arm-none-eabi/lib/thumb/v7e-m+fp/hard\libc_nano.a(libc_a-mallocr.o)
                                                  C:/Users/pashk/Desktop/ /tools/Make/xpack-arm-none-eabi-gcc-13.2.1-1.1-win32-x64/xpack-arm-none-eabi-gcc-13.2.1-1.1/bin/../lib/gcc/arm-none-eabi/13.2.1/../../../../arm-none-eabi/lib/thumb/v7e-m+fp/hard\libc_nano.a(libc_a-freer.o)
__on_exit_args                                    C:/Users/pashk/Desktop/ /tools/Make/xpack-arm-none-eabi-gcc-13.2.1-1.1-win32-x64/xpack-arm-none-eabi-gcc-13.2.1-1.1/bin/../lib/gcc/arm-none-eabi/13.2.1/../../../../arm-none-eabi/lib/thumb/v7e-m+fp/hard\libc_nano.a(libc_a-__atexit.o)
__preinit_array_end                               C:/Users/pashk/Desktop/ /tools/Make/xpack-arm-none-eabi-gcc-13.2.1-1.1-win32-x64/xpack-arm-none-eabi-gcc-13.2.1-1.1/bin/../lib/gcc/arm-none-eabi/13.2.1/../../../../arm-none-eabi/lib/thumb/v7e-m+fp/hard\libc_nano.a(libc_a-init.o)
__preinit_array_start                             C:/Users/pashk/Desktop/ /tools/Make/xpack-arm-none-eabi-gcc-13.2.1-1.1-win32-x64/xpack-arm-none-eabi-gcc-13.2.1-1.1/bin/../lib/gcc/arm-none-eabi/13.2.1/../../../../arm-none-eabi/lib/thumb/v7e-m+fp/hard\libc_nano.a(libc_a-init.o)
__register_exitproc                               C:/Users/pashk/Desktop/ /tools/Make/xpack-arm-none-eabi-gcc-13.2.1-1.1-win32-x64/xpack-arm-none-eabi-gcc-13.2.1-1.1/bin/../lib/gcc/arm-none-eabi/13.2.1/../../../../arm-none-eabi/lib/thumb/v7e-m+fp/hard\libc_nano.a(libc_a-__atexit.o)
                                                  C:/Users/pashk/Desktop/ /tools/Make/xpack-arm-none-eabi-gcc-13.2.1-1.1-win32-x64/xpack-arm-none-eabi-gcc-13.2.1-1.1/bin/../lib/gcc/arm-none-eabi/13.2.1/../../../../arm-none-eabi/lib/thumb/v7e-m+fp/hard\libc_nano.a(libc_a-atexit.o)
__register_frame_info                             C:/Users/pashk/Desktop/ /tools/Make/xpack-arm-none-eabi-gcc-13.2.1-1.1-win32-x64/xpack-arm-none-eabi-gcc-13.2.1-1.1/bin/../lib/gcc/arm-none-eabi/13.2.1/thumb/v7e-m+fp/hard/crtbegin.o
__retarget_lock_acquire                           C:/Users/pashk/Desktop/ /tools/Make/xpack-arm-none-eabi-gcc-13.2.1-1.1-win32-x64/xpack-arm-none-eabi-gcc-13.2.1-1.1/bin/../lib/gcc/arm-none-eabi/13.2.1/../../../../arm-none-eabi/lib/thumb/v7e-m+fp/hard\libc_nano.a(libc_a-lock.o)
__retarget_lock_acquire_recursive                 C:/Users/pashk/Desktop/ /tools/Make/xpack-arm-none-eabi-gcc-13.2.1-1.1-win32-x64/xpack-arm-none-eabi-gcc-13.2.1-1.1/bin/../lib/gcc/arm-none-eabi/13.2.1/../../../../arm-none-eabi/lib/thumb/v7e-m+fp/hard\libc_nano.a(libc_a-lock.o)
                                                  C:/Users/pashk/Desktop/ /tools/Make/xpack-arm-none-eabi-gcc-13.2.1-1.1-win32-x64/xpack-arm-none-eabi-gcc-13.2.1-1.1/bin/../lib/gcc/arm-none-eabi/13.2.1/../../../../arm-none-eabi/lib/thumb/v7e-m+fp/hard\libc_nano.a(libc_a-fflush.o)
                                                  C:/Users/pashk/Desktop/ /tools/Make/xpack-arm-none-eabi-gcc-13.2.1-1.1-win32-x64/xpack-arm-none-eabi-gcc-13.2.1-1.1/bin/../lib/gcc/arm-none-eabi/13.2.1/../../../../arm-none-eabi/lib/thumb/v7e-m+fp/hard\libc_nano.a(libc_a-mlock.o)
                                                  C:/Users/pashk/Desktop/ /tools/Make/xpack-arm-none-eabi-gcc-13.2.1-1.1-win32-x64/xpack-arm-none-eabi-gcc-13.2.1-1.1/bin/../lib/gcc/arm-none-eabi/13.2.1/../../../../arm-none-eabi/lib/thumb/v7e-m+fp/hard\libc_nano.a(libc_a-__call_atexit.o)
                                                  C:/Users/pashk/Desktop/ /tools/Make/xpack-arm-none-eabi-gcc-13.2.1-1.1-win32-x64/xpack-arm-none-eabi-gcc-13.2.1-1.1/bin/../lib/gcc/arm-none-eabi/13.2.1/../../../../arm-none-eabi/lib/thumb/v7e-m+fp/hard\libc_nano.a(libc_a-__atexit.o)
                                                  C:/Users/pashk/Desktop/ /tools/Make/xpack-arm-none-eabi-gcc-13.2.1-1.1-win32-x64/xpack-arm-none-eabi-gcc-13.2.1-1.1/bin/../lib/gcc/arm-none-eabi/13.2.1/../../../../arm-none-eabi/lib/thumb/v7e-m+fp/hard\libc_nano.a(libc_a-findfp.o)
__retarget_lock_close                             C:/Users/pashk/Desktop/ /tools/Make/xpack-arm-none-eabi-gcc-13.2.1-1.1-win32-x64/xpack-arm-none-eabi-gcc-13.2.1-1.1/bin/../lib/gcc/arm-none-eabi/13.2.1/../../../../arm-none-eabi/lib/thumb/v7e-m+fp/hard\libc_nano.a(libc_a-lock.o)
__retarget_lock_close_recursive                   C:/Users/pashk/Desktop/ /tools/Make/xpack-arm-none-eabi-gcc-13.2.1-1.1-win32-x64/xpack-arm-none-eabi-gcc-13.2.1-1.1/bin/../lib/gcc/arm-none-eabi/13.2.1/../../../../arm-none-eabi/lib/thumb/v7e-m+fp/hard\libc_nano.a(libc_a-lock.o)
__retarget_lock_init                              C:/Users/pashk/Desktop/ /tools/Make/xpack-arm-none-eabi-gcc-13.2.1-1.1-win32-x64/xpack-arm-none-eabi-gcc-13.2.1-1.1/bin/../lib/gcc/arm-none-eabi/13.2.1/../../../../arm-none-eabi/lib/thumb/v7e-m+fp/hard\libc_nano.a(libc_a-lock.o)
__retarget_lock_init_recursive                    C:/Users/pashk/Desktop/ /tools/Make/xpack-arm-none-eabi-gcc-13.2.1-1.1-win32-x64/xpack-arm-none-eabi-gcc-13.2.1-1.1/bin/../lib/gcc/arm-none-eabi/13.2.1/../../../../arm-none-eabi/lib/thumb/v7e-m+fp/hard\libc_nano.a(libc_a-lock.o)
                                                  C:/Users/pashk/Desktop/ /tools/Make/xpack-arm-none-eabi-gcc-13.2.1-1.1-win32-x64/xpack-arm-none-eabi-gcc-13.2.1-1.1/bin/../lib/gcc/arm-none-eabi/13.2.1/../../../../arm-none-eabi/lib/thumb/v7e-m+fp/hard\libc_nano.a(libc_a-findfp.o)
__retarget_lock_release                           C:/Users/pashk/Desktop/ /tools/Make/xpack-arm-none-eabi-gcc-13.2.1-1.1-win32-x64/xpack-arm-none-eabi-gcc-13.2.1-1.1/bin/../lib/gcc/arm-none-eabi/13.2.1/../../../../arm-none-eabi/lib/thumb/v7e-m+fp/hard\libc_nano.a(libc_a-lock.o)
__retarget_lock_release_recursive                 C:/Users/pashk/Desktop/ /tools/Make/xpack-arm-none-eabi-gcc-13.2.1-1.1-win32-x64/xpack-arm-none-eabi-gcc-13.2.1-1.1/bin/../lib/gcc/arm-none-eabi/13.2.1/../../../../arm-none-eabi/lib/thumb/v7e-m+fp/hard\libc_nano.a(libc_a-lock.o)
                                                  C:/Users/pashk/Desktop/ /tools/Make/xpack-arm-none-eabi-gcc-13.2.1-1.1-win32-x64/xpack-arm-none-eabi-gcc-13.2.1-1.1/bin/../lib/gcc/arm-none-eabi/13.2.1/../../../../arm-none-eabi/lib/thumb/v7e-m+fp/hard\libc_nano.a(libc_a-fflush.o)
                                                  C:/Users/pashk/Desktop/ /tools/Make/xpack-arm-none-eabi-gcc-13.2.1-1.1-win32-x64/xpack-arm-none-eabi-gcc-13.2.1-1.1/bin/../lib/gcc/arm-none-eabi/13.2.1/../../../../arm-none-eabi/lib/thumb/v7e-m+fp/hard\libc_nano.a(libc_a-mlock.o)
                                                  C:/Users/pashk/Desktop/ /tools/Make/xpack-arm-none-eabi-gcc-13.2.1-1.1-win32-x64/xpack-arm-none-eabi-gcc-13.2.1-1.1/bin/../lib/gcc/arm-none-eabi/13.2.1/../../../../arm-none-eabi/lib/thumb/v7e-m+fp/hard\libc_nano.a(libc_a-__call_atexit.o)
                                                  C:/Users/pashk/Desktop/ /tools/Make/xpack-arm-none-eabi-gcc-13.2.1-1.1-win32-x64/xpack-arm-none-eabi-gcc-13.2.1-1.1/bin/../lib/gcc/arm-none-eabi/13.2.1/../../../../arm-none-eabi/lib/thumb/v7e-m+fp/hard\libc_nano.a(libc_a-__atexit.o)
                                                  C:/Users/pashk/Desktop/ /tools/Make/xpack-arm-none-eabi-gcc-13.2.1-1.1-win32-x64/xpack-arm-none-eabi-gcc-13.2.1-1.1/bin/../lib/gcc/arm-none-eabi/13.2.1/../../../../arm-none-eabi/lib/thumb/v7e-m+fp/hard\libc_nano.a(libc_a-findfp.o)
__retarget_lock_try_acquire                       C:/Users/pashk/Desktop/ /tools/Make/xpack-arm-none-eabi-gcc-13.2.1-1.1-win32-x64/xpack-arm-none-eabi-gcc-13.2.1-1.1/bin/../lib/gcc/arm-none-eabi/13.2.1/../../../../arm-none-eabi/lib/thumb/v7e-m+fp/hard\libc_nano.a(libc_a-lock.o)
__retarget_lock_try_acquire_recursive             C:/Users/pashk/Desktop/ /tools/Make/xpack-arm-none-eabi-gcc-13.2.1-1.1-win32-x64/xpack-arm-none-eabi-gcc-13.2.1-1.1/bin/../lib/gcc/arm-none-eabi/13.2.1/../../../../arm-none-eabi/lib/thumb/v7e-m+fp/hard\libc_nano.a(libc_a-lock.o)
__sclose                                          C:/Users/pashk/Desktop/ /tools/Make/xpack-arm-none-eabi-gcc-13.2.1-1.1-win32-x64/xpack-arm-none-eabi-gcc-13.2.1-1.1/bin/../lib/gcc/arm-none-eabi/13.2.1/../../../../arm-none-eabi/lib/thumb/v7e-m+fp/hard\libc_nano.a(libc_a-stdio.o)
                                                  C:/Users/pashk/Desktop/ /tools/Make/xpack-arm-none-eabi-gcc-13.2.1-1.1-win32-x64/xpack-arm-none-eabi-gcc-13.2.1-1.1/bin/../lib/gcc/arm-none-eabi/13.2.1/../../../../arm-none-eabi/lib/thumb/v7e-m+fp/hard\libc_nano.a(libc_a-findfp.o)
__seofread                                        C:/Users/pashk/Desktop/ /tools/Make/xpack-arm-none-eabi-gcc-13.2.1-1.1-win32-x64/xpack-arm-none-eabi-gcc-13.2.1-1.1/bin/../lib/gcc/arm-none-eabi/13.2.1/../../../../arm-none-eabi/lib/thumb/v7e-m+fp/hard\libc_nano.a(libc_a-stdio.o)
__sf                                              C:/Users/pashk/Desktop/ /tools/Make/xpack-arm-none-eabi-gcc-13.2.1-1.1-win32-x64/xpack-arm-none-eabi-gcc-13.2.1-1.1/bin/../lib/gcc/arm-none-eabi/13.2.1/../../../../arm-none-eabi/lib/thumb/v7e-m+fp/hard\libc_nano.a(libc_a-findfp.o)
                                                  C:/Users/pashk/Desktop/ /tools/Make/xpack-arm-none-eabi-gcc-13.2.1-1.1-win32-x64/xpack-arm-none-eabi-gcc-13.2.1-1.1/bin/../lib/gcc/arm-none-eabi/13.2.1/../../../../arm-none-eabi/lib/thumb/v7e-m+fp/hard\libc_nano.a(libc_a-impure.o)
__sflush_r                                        C:/Users/pashk/Desktop/ /tools/Make/xpack-arm-none-eabi-gcc-13.2.1-1.1-win32-x64/xpack-arm-none-eabi-gcc-13.2.1-1.1/bin/../lib/gcc/arm-none-eabi/13.2.1/../../../../arm-none-eabi/lib/thumb/v7e-m+fp/hard\libc_nano.a(libc_a-fflush.o)
__sfp                                             C:/Users/pashk/Desktop/ /tools/Make/xpack-arm-none-eabi-gcc-13.2.1-1.1-win32-x64/xpack-arm-none-eabi-gcc-13.2.1-1.1/bin/../lib/gcc/arm-none-eabi/13.2.1/../../../../arm-none-eabi/lib/thumb/v7e-m+fp/hard\libc_nano.a(libc_a-findfp.o)
__sfp_lock_acquire                                C:/Users/pashk/Desktop/ /tools/Make/xpack-arm-none-eabi-gcc-13.2.1-1.1-win32-x64/xpack-arm-none-eabi-gcc-13.2.1-1.1/bin/../lib/gcc/arm-none-eabi/13.2.1/../../../../arm-none-eabi/lib/thumb/v7e-m+fp/hard\libc_nano.a(libc_a-findfp.o)
__sfp_lock_release                                C:/Users/pashk/Desktop/ /tools/Make/xpack-arm-none-eabi-gcc-13.2.1-1.1-win32-x64/xpack-arm-none-eabi-gcc-13.2.1-1.1/bin/../lib/gcc/arm-none-eabi/13.2.1/../../../../arm-none-eabi/lib/thumb/v7e-m+fp/hard\libc_nano.a(libc_a-findfp.o)
__sglue                                           C:/Users/pashk/Desktop/ /tools/Make/xpack-arm-none-eabi-gcc-13.2.1-1.1-win32-x64/xpack-arm-none-eabi-gcc-13.2.1-1.1/bin/../lib/gcc/arm-none-eabi/13.2.1/../../../../arm-none-eabi/lib/thumb/v7e-m+fp/hard\libc_nano.a(libc_a-findfp.o)
                                                  C:/Users/pashk/Desktop/ /tools/Make/xpack-arm-none-eabi-gcc-13.2.1-1.1-win32-x64/xpack-arm-none-eabi-gcc-13.2.1-1.1/bin/../lib/gcc/arm-none-eabi/13.2.1/../../../../arm-none-eabi/lib/thumb/v7e-m+fp/hard\libc_nano.a(libc_a-fflush.o)
__sinit                                           C:/Users/pashk/Desktop/ /tools/Make/xpack-arm-none-eabi-gcc-13.2.1-1.1-win32-x64/xpack-arm-none-eabi-gcc-13.2.1-1.1/bin/../lib/gcc/arm-none-eabi/13.2.1/../../../../arm-none-eabi/lib/thumb/v7e-m+fp/hard\libc_nano.a(libc_a-findfp.o)
                                                  C:/Users/pashk/Desktop/ /tools/Make/xpack-arm-none-eabi-gcc-13.2.1-1.1-win32-x64/xpack-arm-none-eabi-gcc-13.2.1-1.1/bin/../lib/gcc/arm-none-eabi/13.2.1/../../../../arm-none-eabi/lib/thumb/v7e-m+fp/hard\libc_nano.a(libc_a-fflush.o)
__sread                                           C:/Users/pashk/Desktop/ /tools/Make/xpack-arm-none-eabi-gcc-13.2.1-1.1-win32-x64/xpack-arm-none-eabi-gcc-13.2.1-1.1/bin/../lib/gcc/arm-none-eabi/13.2.1/../../../../arm-none-eabi/lib/thumb/v7e-m+fp/hard\libc_nano.a(libc_a-stdio.o)
                                                  C:/Users/pashk/Desktop/ /tools/Make/xpack-arm-none-eabi-gcc-13.2.1-1.1-win32-x64/xpack-arm-none-eabi-gcc-13.2.1-1.1/bin/../lib/gcc/arm-none-eabi/13.2.1/../../../../arm-none-eabi/lib/thumb/v7e-m+fp/hard\libc_nano.a(libc_a-findfp.o)
__sseek                                           C:/Users/pashk/Desktop/ /tools/Make/xpack-arm-none-eabi-gcc-13.2.1-1.1-win32-x64/xpack-arm-none-eabi-gcc-13.2.1-1.1/bin/../lib/gcc/arm-none-eabi/13.2.1/../../../../arm-none-eabi/lib/thumb/v7e-m+fp/hard\libc_nano.a(libc_a-stdio.o)
                                                  C:/Users/pashk/Desktop/ /tools/Make/xpack-arm-none-eabi-gcc-13.2.1-1.1-win32-x64/xpack-arm-none-eabi-gcc-13.2.1-1.1/bin/../lib/gcc/arm-none-eabi/13.2.1/../../../../arm-none-eabi/lib/thumb/v7e-m+fp/hard\libc_nano.a(libc_a-findfp.o)
__stack                                           C:/Users/pashk/Desktop/ /tools/Make/xpack-arm-none-eabi-gcc-13.2.1-1.1-win32-x64/xpack-arm-none-eabi-gcc-13.2.1-1.1/bin/../lib/gcc/arm-none-eabi/13.2.1/../../../../arm-none-eabi/lib/thumb/v7e-m+fp/hard/crt0.o
__stdio_exit_handler                              C:/Users/pashk/Desktop/ /tools/Make/xpack-arm-none-eabi-gcc-13.2.1-1.1-win32-x64/xpack-arm-none-eabi-gcc-13.2.1-1.1/bin/../lib/gcc/arm-none-eabi/13.2.1/../../../../arm-none-eabi/lib/thumb/v7e-m+fp/hard\libc_nano.a(libc_a-findfp.o)
                                                  C:/Users/pashk/Desktop/ /tools/Make/xpack-arm-none-eabi-gcc-13.2.1-1.1-win32-x64/xpack-arm-none-eabi-gcc-13.2.1-1.1/bin/../lib/gcc/arm-none-eabi/13.2.1/../../../../arm-none-eabi/lib/thumb/v7e-m+fp/hard\libc_nano.a(libc_a-exit.o)
__swrite                                          C:/Users/pashk/Desktop/ /tools/Make/xpack-arm-none-eabi-gcc-13.2.1-1.1-win32-x64/xpack-arm-none-eabi-gcc-13.2.1-1.1/bin/../lib/gcc/arm-none-eabi/13.2.1/../../../../arm-none-eabi/lib/thumb/v7e-m+fp/hard\libc_nano.a(libc_a-stdio.o)
                                                  C:/Users/pashk/Desktop/ /tools/Make/xpack-arm-none-eabi-gcc-13.2.1-1.1-win32-x64/xpack-arm-none-eabi-gcc-13.2.1-1.1/bin/../lib/gcc/arm-none-eabi/13.2.1/../../../../arm-none-eabi/lib/thumb/v7e-m+fp/hard\libc_nano.a(libc_a-findfp.o)
_close                                            build_F411RE/syscalls.o
                                                  C:/Users/pashk/Desktop/ /tools/Make/xpack-arm-none-eabi-gcc-13.2.1-1.1-win32-x64/xpack-arm-none-eabi-gcc-13.2.1-1.1/bin/../lib/gcc/arm-none-eabi/13.2.1/../../../../arm-none-eabi/lib/thumb/v7e-m+fp/hard\libc_nano.a(libc_a-closer.o)
_close_r                                          C:/Users/pashk/Desktop/ /tools/Make/xpack-arm-none-eabi-gcc-13.2.1-1.1-win32-x64/xpack-arm-none-eabi-gcc-13.2.1-1.1/bin/../lib/gcc/arm-none-eabi/13.2.1/../../../../arm-none-eabi/lib/thumb/v7e-m+fp/hard\libc_nano.a(libc_a-closer.o)
                                                  C:/Users/pashk/Desktop/ /tools/Make/xpack-arm-none-eabi-gcc-13.2.1-1.1-win32-x64/xpack-arm-none-eabi-gcc-13.2.1-1.1/bin/../lib/gcc/arm-none-eabi/13.2.1/../../../../arm-none-eabi/lib/thumb/v7e-m+fp/hard\libc_nano.a(libc_a-stdio.o)
_ebss                                             build_F411RE/startup_stm32f411xe.o
_edata                                            build_F411RE/startup_stm32f411xe.o
_end                                              build_F411RE/sysmem.o
_estack                                           build_F411RE/startup_stm32f411xe.o
                                                  build_F411RE/sysmem.o
_execve                                           build_F411RE/syscalls.o
_exit                                             build_F411RE/syscalls.o
                                                  C:/Users/pashk/Desktop/ /tools/Make/xpack-arm-none-eabi-gcc-13.2.1-1.1-win32-x64/xpack-arm-none-eabi-gcc-13.2.1-1.1/bin/../lib/gcc/arm-none-eabi/13.2.1/../../../../arm-none-eabi/lib/thumb/v7e-m+fp/hard\libc_nano.a(libc_a-exit.o)
_fflush_r                                         C:/Users/pashk/Desktop/ /tools/Make/xpack-arm-none-eabi-gcc-13.2.1-1.1-win32-x64/xpack-arm-none-eabi-gcc-13.2.1-1.1/bin/../lib/gcc/arm-none-eabi/13.2.1/../../../../arm-none-eabi/lib/thumb/v7e-m+fp/hard\libc_nano.a(libc_a-fflush.o)
                                                  C:/Users/pashk/Desktop/ /tools/Make/xpack-arm-none-eabi-gcc-13.2.1-1.1-win32-x64/xpack-arm-none-eabi-gcc-13.2.1-1.1/bin/../lib/gcc/arm-none-eabi/13.2.1/../../../../arm-none-eabi/lib/thumb/v7e-m+fp/hard\libc_nano.a(libc_a-findfp.o)
_fini                                             C:/Users/pashk/Desktop/ /tools/Make/xpack-arm-none-eabi-gcc-13.2.1-1.1-win32-x64/xpack-arm-none-eabi-gcc-13.2.1-1.1/bin/../lib/gcc/arm-none-eabi/13.2.1/thumb/v7e-m+fp/hard/crti.o
                                                  C:/Users/pashk/Desktop/ /tools/Make/xpack-arm-none-eabi-gcc-13.2.1-1.1-win32-x64/xpack-arm-none-eabi-gcc-13.2.1-1.1/bin/../lib/gcc/arm-none-eabi/13.2.1/../../../../arm-none-eabi/lib/thumb/v7e-m+fp/hard\libc_nano.a(libc_a-fini.o)
_fork                                             build_F411RE/syscalls.o
_free_r                                           C:/Users/pashk/Desktop/ /tools/Make/xpack-arm-none-eabi-gcc-13.2.1-1.1-win32-x64/xpack-arm-none-eabi-gcc-13.2.1-1.1/bin/../lib/gcc/arm-none-eabi/13.2.1/../../../../arm-none-eabi/lib/thumb/v7e-m+fp/hard\libc_nano.a(libc_a-freer.o)
                                                  C:/Users/pashk/Desktop/ /tools/Make/xpack-arm-none-eabi-gcc-13.2.1-1.1-win32-x64/xpack-arm-none-eabi-gcc-13.2.1-1.1/bin/../lib/gcc/arm-none-eabi/13.2.1/../../../../arm-none-eabi/lib/thumb/v7e-m+fp/hard\libc_nano.a(libc_a-fflush.o)
                                                  C:/Users/pashk/Desktop/ /tools/Make/xpack-arm-none-eabi-gcc-13.2.1-1.1-win32-x64/xpack-arm-none-eabi-gcc-13.2.1-1.1/bin/../lib/gcc/arm-none-eabi/13.2.1/../../../../arm-none-eabi/lib/thumb/v7e-m+fp/hard\libc_nano.a(libc_a-reent.o)
_fstat                                            build_F411RE/syscalls.o
_fwalk_sglue                                      C:/Users/pashk/Desktop/ /tools/Make/xpack-arm-none-eabi-gcc-13.2.1-1.1-win32-x64/xpack-arm-none-eabi-gcc-13.2.1-1.1/bin/../lib/gcc/arm-none-eabi/13.2.1/../../../../arm-none-eabi/lib/thumb/v7e-m+fp/hard\libc_nano.a(libc_a-fwalk.o)
                                                  C:/Users/pashk/Desktop/ /tools/Make/xpack-arm-none-eabi-gcc-13.2.1-1.1-win32-x64/xpack-arm-none-eabi-gcc-13.2.1-1.1/bin/../lib/gcc/arm-none-eabi/13.2.1/../../../../arm-none-eabi/lib/thumb/v7e-m+fp/hard\libc_nano.a(libc_a-fflush.o)
                                                  C:/Users/pashk/Desktop/ /tools/Make/xpack-arm-none-eabi-gcc-13.2.1-1.1-win32-x64/xpack-arm-none-eabi-gcc-13.2.1-1.1/bin/../lib/gcc/arm-none-eabi/13.2.1/../../../../arm-none-eabi/lib/thumb/v7e-m+fp/hard\libc_nano.a(libc_a-findfp.o)
_getpid                                           build_F411RE/syscalls.o
_impure_data                                      C:/Users/pashk/Desktop/ /tools/Make/xpack-arm-none-eabi-gcc-13.2.1-1.1-win32-x64/xpack-arm-none-eabi-gcc-13.2.1-1.1/bin/../lib/gcc/arm-none-eabi/13.2.1/../../../../arm-none-eabi/lib/thumb/v7e-m+fp/hard\libc_nano.a(libc_a-impure.o)
                                                  C:/Users/pashk/Desktop/ /tools/Make/xpack-arm-none-eabi-gcc-13.2.1-1.1-win32-x64/xpack-arm-none-eabi-gcc-13.2.1-1.1/bin/../lib/gcc/arm-none-eabi/13.2.1/../../../../arm-none-eabi/lib/thumb/v7e-m+fp/hard\libc_nano.a(libc_a-fflush.o)
                                                  C:/Users/pashk/Desktop/ /tools/Make/xpack-arm-none-eabi-gcc-13.2.1-1.1-win32-x64/xpack-arm-none-eabi-gcc-13.2.1-1.1/bin/../lib/gcc/arm-none-eabi/13.2.1/../../../../arm-none-eabi/lib/thumb/v7e-m+fp/hard\libc_nano.a(libc_a-findfp.o)
_impure_ptr                                       C:/Users/pashk/Desktop/ /tools/Make/xpack-arm-none-eabi-gcc-13.2.1-1.1-win32-x64/xpack-arm-none-eabi-gcc-13.2.1-1.1/bin/../lib/gcc/arm-none-eabi/13.2.1/../../../../arm-none-eabi/lib/thumb/v7e-m+fp/hard\libc_nano.a(libc_a-impure.o)
                                                  C:/Users/pashk/Desktop/ /tools/Make/xpack-arm-none-eabi-gcc-13.2.1-1.1-win32-x64/xpack-arm-none-eabi-gcc-13.2.1-1.1/bin/../lib/gcc/arm-none-eabi/13.2.1/../../../../arm-none-eabi/lib/thumb/v7e-m+fp/hard\libc_nano.a(libc_a-fflush.o)
                                                  C:/Users/pashk/Desktop/ /tools/Make/xpack-arm-none-eabi-gcc-13.2.1-1.1-win32-x64/xpack-arm-none-eabi-gcc-13.2.1-1.1/bin/../lib/gcc/arm-none-eabi/13.2.1/../../../../arm-none-eabi/lib/thumb/v7e-m+fp/hard\libc_nano.a(libc_a-errno.o)
                                                  C:/Users/pashk/Desktop/ /tools/Make/xpack-arm-none-eabi-gcc-13.2.1-1.1-win32-x64/xpack-arm-none-eabi-gcc-13.2.1-1.1/bin/../lib/gcc/arm-none-eabi/13.2.1/../../../../arm-none-eabi/lib/thumb/v7e-m+fp/hard\libc_nano.a(libc_a-reent.o)
_init                                             C:/Users/pashk/Desktop/ /tools/Make/xpack-arm-none-eabi-gcc-13.2.1-1.1-win32-x64/xpack-arm-none-eabi-gcc-13.2.1-1.1/bin/../lib/gcc/arm-none-eabi/13.2.1/thumb/v7e-m+fp/hard/crti.o
                                                  C:/Users/pashk/Desktop/ /tools/Make/xpack-arm-none-eabi-gcc-13.2.1-1.1-win32-x64/xpack-arm-none-eabi-gcc-13.2.1-1.1/bin/../lib/gcc/arm-none-eabi/13.2.1/../../../../arm-none-eabi/lib/thumb/v7e-m+fp/hard\libc_nano.a(libc_a-init.o)
_isatty                                           build_F411RE/syscalls.o
_kill                                             build_F411RE/syscalls.o
_link                                             build_F411RE/syscalls.o
_lseek                                            build_F411RE/syscalls.o
                                                  C:/Users/pashk/Desktop/ /tools/Make/xpack-arm-none-eabi-gcc-13.2.1-1.1-win32-x64/xpack-arm-none-eabi-gcc-13.2.1-1.1/bin/../lib/gcc/arm-none-eabi/13.2.1/../../../../arm-none-eabi/lib/thumb/v7e-m+fp/hard\libc_nano.a(libc_a-lseekr.o)
_lseek_r                                          C:/Users/pashk/Desktop/ /tools/Make/xpack-arm-none-eabi-gcc-13.2.1-1.1-win32-x64/xpack-arm-none-eabi-gcc-13.2.1-1.1/bin/../lib/gcc/arm-none-eabi/13.2.1/../../../../arm-none-eabi/lib/thumb/v7e-m+fp/hard\libc_nano.a(libc_a-lseekr.o)
                                                  C:/Users/pashk/Desktop/ /tools/Make/xpack-arm-none-eabi-gcc-13.2.1-1.1-win32-x64/xpack-arm-none-eabi-gcc-13.2.1-1.1/bin/../lib/gcc/arm-none-eabi/13.2.1/../../../../arm-none-eabi/lib/thumb/v7e-m+fp/hard\libc_nano.a(libc_a-stdio.o)
_mainCRTStartup                                   C:/Users/pashk/Desktop/ /tools/Make/xpack-arm-none-eabi-gcc-13.2.1-1.1-win32-x64/xpack-arm-none-eabi-gcc-13.2.1-1.1/bin/../lib/gcc/arm-none-eabi/13.2.1/../../../../arm-none-eabi/lib/thumb/v7e-m+fp/hard/crt0.o
_malloc_r                                         C:/Users/pashk/Desktop/ /tools/Make/xpack-arm-none-eabi-gcc-13.2.1-1.1-win32-x64/xpack-arm-none-eabi-gcc-13.2.1-1.1/bin/../lib/gcc/arm-none-eabi/13.2.1/../../../../arm-none-eabi/lib/thumb/v7e-m+fp/hard\libc_nano.a(libc_a-mallocr.o)
                                                  C:/Users/pashk/Desktop/ /tools/Make/xpack-arm-none-eabi-gcc-13.2.1-1.1-win32-x64/xpack-arm-none-eabi-gcc-13.2.1-1.1/bin/../lib/gcc/arm-none-eabi/13.2.1/../../../../arm-none-eabi/lib/thumb/v7e-m+fp/hard\libc_nano.a(libc_a-findfp.o)
_open                                             build_F411RE/syscalls.o
_read                                             build_F411RE/syscalls.o
                                                  C:/Users/pashk/Desktop/ /tools/Make/xpack-arm-none-eabi-gcc-13.2.1-1.1-win32-x64/xpack-arm-none-eabi-gcc-13.2.1-1.1/bin/../lib/gcc/arm-none-eabi/13.2.1/../../../../arm-none-eabi/lib/thumb/v7e-m+fp/hard\libc_nano.a(libc_a-readr.o)
_read_r                                           C:/Users/pashk/Desktop/ /tools/Make/xpack-arm-none-eabi-gcc-13.2.1-1.1-win32-x64/xpack-arm-none-eabi-gcc-13.2.1-1.1/bin/../lib/gcc/arm-none-eabi/13.2.1/../../../../arm-none-eabi/lib/thumb/v7e-m+fp/hard\libc_nano.a(libc_a-readr.o)
                                                  C:/Users/pashk/Desktop/ /tools/Make/xpack-arm-none-eabi-gcc-13.2.1-1.1-win32-x64/xpack-arm-none-eabi-gcc-13.2.1-1.1/bin/../lib/gcc/arm-none-eabi/13.2.1/../../../../arm-none-eabi/lib/thumb/v7e-m+fp/hard\libc_nano.a(libc_a-stdio.o)
_reclaim_reent                                    C:/Users/pashk/Desktop/ /tools/Make/xpack-arm-none-eabi-gcc-13.2.1-1.1-win32-x64/xpack-arm-none-eabi-gcc-13.2.1-1.1/bin/../lib/gcc/arm-none-eabi/13.2.1/../../../../arm-none-eabi/lib/thumb/v7e-m+fp/hard\libc_nano.a(libc_a-reent.o)
_sbrk                                             build_F411RE/sysmem.o
                                                  C:/Users/pashk/Desktop/ /tools/Make/xpack-arm-none-eabi-gcc-13.2.1-1.1-win32-x64/xpack-arm-none-eabi-gcc-13.2.1-1.1/bin/../lib/gcc/arm-none-eabi/13.2.1/../../../../arm-none-eabi/lib/thumb/v7e-m+fp/hard\libc_nano.a(libc_a-sbrkr.o)
_sbrk_r                                           C:/Users/pashk/Desktop/ /tools/Make/xpack-arm-none-eabi-gcc-13.2.1-1.1-win32-x64/xpack-arm-none-eabi-gcc-13.2.1-1.1/bin/../lib/gcc/arm-none-eabi/13.2.1/../../../../arm-none-eabi/lib/thumb/v7e-m+fp/hard\libc_nano.a(libc_a-sbrkr.o)
                                                  C:/Users/pashk/Desktop/ /tools/Make/xpack-arm-none-eabi-gcc-13.2.1-1.1-win32-x64/xpack-arm-none-eabi-gcc-13.2.1-1.1/bin/../lib/gcc/arm-none-eabi/13.2.1/../../../../arm-none-eabi/lib/thumb/v7e-m+fp/hard\libc_nano.a(libc_a-mallocr.o)
_sbss                                             build_F411RE/startup_stm32f411xe.o
_sdata                                            build_F411RE/startup_stm32f411xe.o
_sidata                                           build_F411RE/startup_stm32f411xe.o
_stack_init                                       C:/Users/pashk/Desktop/ /tools/Make/xpack-arm-none-eabi-gcc-13.2.1-1.1-win32-x64/xpack-arm-none-eabi-gcc-13.2.1-1.1/bin/../lib/gcc/arm-none-eabi/13.2.1/../../../../arm-none-eabi/lib/thumb/v7e-m+fp/hard/crt0.o
_start                                            C:/Users/pashk/Desktop/ /tools/Make/xpack-arm-none-eabi-gcc-13.2.1-1.1-win32-x64/xpack-arm-none-eabi-gcc-13.2.1-1.1/bin/../lib/gcc/arm-none-eabi/13.2.1/../../../../arm-none-eabi/lib/thumb/v7e-m+fp/hard/crt0.o
_stat                                             build_F411RE/syscalls.o
_times                                            build_F411RE/syscalls.o
_unlink                                           build_F411RE/syscalls.o
_wait                                             build_F411RE/syscalls.o
_write                                            build_F411RE/syscalls.o
                                                  C:/Users/pashk/Desktop/ /tools/Make/xpack-arm-none-eabi-gcc-13.2.1-1.1-win32-x64/xpack-arm-none-eabi-gcc-13.2.1-1.1/bin/../lib/gcc/arm-none-eabi/13.2.1/../../../../arm-none-eabi/lib/thumb/v7e-m+fp/hard\libc_nano.a(libc_a-writer.o)
_write_r                                          C:/Users/pashk/Desktop/ /tools/Make/xpack-arm-none-eabi-gcc-13.2.1-1.1-win32-x64/xpack-arm-none-eabi-gcc-13.2.1-1.1/bin/../lib/gcc/arm-none-eabi/13.2.1/../../../../arm-none-eabi/lib/thumb/v7e-m+fp/hard\libc_nano.a(libc_a-writer.o)
                                                  C:/Users/pashk/Desktop/ /tools/Make/xpack-arm-none-eabi-gcc-13.2.1-1.1-win32-x64/xpack-arm-none-eabi-gcc-13.2.1-1.1/bin/../lib/gcc/arm-none-eabi/13.2.1/../../../../arm-none-eabi/lib/thumb/v7e-m+fp/hard\libc_nano.a(libc_a-stdio.o)
atexit                                            C:/Users/pashk/Desktop/ /tools/Make/xpack-arm-none-eabi-gcc-13.2.1-1.1-win32-x64/xpack-arm-none-eabi-gcc-13.2.1-1.1/bin/../lib/gcc/arm-none-eabi/13.2.1/../../../../arm-none-eabi/lib/thumb/v7e-m+fp/hard\libc_nano.a(libc_a-atexit.o)
                                                  C:/Users/pashk/Desktop/ /tools/Make/xpack-arm-none-eabi-gcc-13.2.1-1.1-win32-x64/xpack-arm-none-eabi-gcc-13.2.1-1.1/bin/../lib/gcc/arm-none-eabi/13.2.1/../../../../arm-none-eabi/lib/thumb/v7e-m+fp/hard/crt0.o
btn8_press_time                                   build_F411RE/main.o
                                                  build_F411RE/handlers.o
btn8_pressed                                      build_F411RE/main.o
                                                  build_F411RE/task.o
                                                  build_F411RE/handlers.o
btn9_press_time                                   build_F411RE/main.o
                                                  build_F411RE/handlers.o
btn9_pressed                                      build_F411RE/main.o
                                                  build_F411RE/task.o
                                                  build_F411RE/handlers.o
counter                                           build_F411RE/main.o
counter1                                          build_F411RE/main.o
                                                  build_F411RE/task.o
environ                                           build_F411RE/syscalls.o
errno                                             C:/Users/pashk/Desktop/ /tools/Make/xpack-arm-none-eabi-gcc-13.2.1-1.1-win32-x64/xpack-arm-none-eabi-gcc-13.2.1-1.1/bin/../lib/gcc/arm-none-eabi/13.2.1/../../../../arm-none-eabi/lib/thumb/v7e-m+fp/hard\libc_nano.a(libc_a-reent.o)
                                                  C:/Users/pashk/Desktop/ /tools/Make/xpack-arm-none-eabi-gcc-13.2.1-1.1-win32-x64/xpack-arm-none-eabi-gcc-13.2.1-1.1/bin/../lib/gcc/arm-none-eabi/13.2.1/../../../../arm-none-eabi/lib/thumb/v7e-m+fp/hard\libc_nano.a(libc_a-sbrkr.o)
                                                  C:/Users/pashk/Desktop/ /tools/Make/xpack-arm-none-eabi-gcc-13.2.1-1.1-win32-x64/xpack-arm-none-eabi-gcc-13.2.1-1.1/bin/../lib/gcc/arm-none-eabi/13.2.1/../../../../arm-none-eabi/lib/thumb/v7e-m+fp/hard\libc_nano.a(libc_a-writer.o)
                                                  C:/Users/pashk/Desktop/ /tools/Make/xpack-arm-none-eabi-gcc-13.2.1-1.1-win32-x64/xpack-arm-none-eabi-gcc-13.2.1-1.1/bin/../lib/gcc/arm-none-eabi/13.2.1/../../../../arm-none-eabi/lib/thumb/v7e-m+fp/hard\libc_nano.a(libc_a-readr.o)
                                                  C:/Users/pashk/Desktop/ /tools/Make/xpack-arm-none-eabi-gcc-13.2.1-1.1-win32-x64/xpack-arm-none-eabi-gcc-13.2.1-1.1/bin/../lib/gcc/arm-none-eabi/13.2.1/../../../../arm-none-eabi/lib/thumb/v7e-m+fp/hard\libc_nano.a(libc_a-lseekr.o)
                                                  C:/Users/pashk/Desktop/ /tools/Make/xpack-arm-none-eabi-gcc-13.2.1-1.1-win32-x64/xpack-arm-none-eabi-gcc-13.2.1-1.1/bin/../lib/gcc/arm-none-eabi/13.2.1/../../../../arm-none-eabi/lib/thumb/v7e-m+fp/hard\libc_nano.a(libc_a-closer.o)
exit                                              C:/Users/pashk/Desktop/ /tools/Make/xpack-arm-none-eabi-gcc-13.2.1-1.1-win32-x64/xpack-arm-none-eabi-gcc-13.2.1-1.1/bin/../lib/gcc/arm-none-eabi/13.2.1/../../../../arm-none-eabi/lib/thumb/v7e-m+fp/hard\libc_nano.a(libc_a-exit.o)
                                                  C:/Users/pashk/Desktop/ /tools/Make/xpack-arm-none-eabi-gcc-13.2.1-1.1-win32-x64/xpack-arm-none-eabi-gcc-13.2.1-1.1/bin/../lib/gcc/arm-none-eabi/13.2.1/../../../../arm-none-eabi/lib/thumb/v7e-m+fp/hard/crt0.o
fflush                                            C:/Users/pashk/Desktop/ /tools/Make/xpack-arm-none-eabi-gcc-13.2.1-1.1-win32-x64/xpack-arm-none-eabi-gcc-13.2.1-1.1/bin/../lib/gcc/arm-none-eabi/13.2.1/../../../../arm-none-eabi/lib/thumb/v7e-m+fp/hard\libc_nano.a(libc_a-fflush.o)
g_pfnVectors                                      build_F411RE/startup_stm32f411xe.o
hardware_init_hook                                C:/Users/pashk/Desktop/ /tools/Make/xpack-arm-none-eabi-gcc-13.2.1-1.1-win32-x64/xpack-arm-none-eabi-gcc-13.2.1-1.1/bin/../lib/gcc/arm-none-eabi/13.2.1/../../../../arm-none-eabi/lib/thumb/v7e-m+fp/hard/crt0.o
initialise_monitor_handles                        build_F411RE/syscalls.o
main                                              build_F411RE/main.o
                                                  build_F411RE/startup_stm32f411xe.o
                                                  C:/Users/pashk/Desktop/ /tools/Make/xpack-arm-none-eabi-gcc-13.2.1-1.1-win32-x64/xpack-arm-none-eabi-gcc-13.2.1-1.1/bin/../lib/gcc/arm-none-eabi/13.2.1/../../../../arm-none-eabi/lib/thumb/v7e-m+fp/hard/crt0.o
malloc                                            C:/Users/pashk/Desktop/ /tools/Make/xpack-arm-none-eabi-gcc-13.2.1-1.1-win32-x64/xpack-arm-none-eabi-gcc-13.2.1-1.1/bin/../lib/gcc/arm-none-eabi/13.2.1/../../../../arm-none-eabi/lib/thumb/v7e-m+fp/hard\libc_nano.a(libc_a-__atexit.o)
memset                                            C:/Users/pashk/Desktop/ /tools/Make/xpack-arm-none-eabi-gcc-13.2.1-1.1-win32-x64/xpack-arm-none-eabi-gcc-13.2.1-1.1/bin/../lib/gcc/arm-none-eabi/13.2.1/../../../../arm-none-eabi/lib/thumb/v7e-m+fp/hard\libc_nano.a(libc_a-memset.o)
                                                  C:/Users/pashk/Desktop/ /tools/Make/xpack-arm-none-eabi-gcc-13.2.1-1.1-win32-x64/xpack-arm-none-eabi-gcc-13.2.1-1.1/bin/../lib/gcc/arm-none-eabi/13.2.1/../../../../arm-none-eabi/lib/thumb/v7e-m+fp/hard\libc_nano.a(libc_a-findfp.o)
                                                  C:/Users/pashk/Desktop/ /tools/Make/xpack-arm-none-eabi-gcc-13.2.1-1.1-win32-x64/xpack-arm-none-eabi-gcc-13.2.1-1.1/bin/../lib/gcc/arm-none-eabi/13.2.1/../../../../arm-none-eabi/lib/thumb/v7e-m+fp/hard/crt0.o
pwm_mode                                          build_F411RE/main.o
                                                  build_F411RE/task.o
software_init_hook                                C:/Users/pashk/Desktop/ /tools/Make/xpack-arm-none-eabi-gcc-13.2.1-1.1-win32-x64/xpack-arm-none-eabi-gcc-13.2.1-1.1/bin/../lib/gcc/arm-none-eabi/13.2.1/../../../../arm-none-eabi/lib/thumb/v7e-m+fp/hard/crt0.o
task1                                             build_F411RE/task.o
tick_count                                        build_F411RE/main.o
                                                  build_F411RE/handlers.o
