ARM GAS  C:\Users\pashk\AppData\Local\Temp\ccBdZQbg.s 			page 1


   1              		.cpu cortex-m4
   2              		.arch armv7e-m
   3              		.fpu fpv4-sp-d16
   4              		.eabi_attribute 27, 1
   5              		.eabi_attribute 28, 1
   6              		.eabi_attribute 20, 1
   7              		.eabi_attribute 21, 1
   8              		.eabi_attribute 23, 3
   9              		.eabi_attribute 24, 1
  10              		.eabi_attribute 25, 1
  11              		.eabi_attribute 26, 1
  12              		.eabi_attribute 30, 1
  13              		.eabi_attribute 34, 1
  14              		.eabi_attribute 18, 4
  15              		.file	"sys_init.c"
  16              		.text
  17              	.Ltext0:
  18              		.cfi_sections	.debug_frame
  19              		.file 1 "Core/Src/sys_init.c"
  20              		.section	.text.SystemInit,"ax",%progbits
  21              		.align	1
  22              		.global	SystemInit
  23              		.syntax unified
  24              		.thumb
  25              		.thumb_func
  27              	SystemInit:
  28              	.LFB130:
   1:Core/Src/sys_init.c **** /*
   2:Core/Src/sys_init.c ****  * sys_init.c
   3:Core/Src/sys_init.c ****  *
   4:Core/Src/sys_init.c ****  *  Created on: Oct 14, 2022
   5:Core/Src/sys_init.c ****  *      Author: hussamaldean
   6:Core/Src/sys_init.c ****  */
   7:Core/Src/sys_init.c **** 
   8:Core/Src/sys_init.c **** #include "stm32f4xx.h"
   9:Core/Src/sys_init.c **** #include "stm32f411xe.h"
  10:Core/Src/sys_init.c **** 
  11:Core/Src/sys_init.c **** void SystemInit (void)
  12:Core/Src/sys_init.c **** {
  29              		.loc 1 12 1 view -0
  30              		.cfi_startproc
  31              		@ args = 0, pretend = 0, frame = 0
  32              		@ frame_needed = 0, uses_anonymous_args = 0
  33              		@ link register save eliminated.
  13:Core/Src/sys_init.c **** 
  14:Core/Src/sys_init.c **** 	SCB->CPACR |= ((3UL << 10*2)|(3UL << 11*2));
  34              		.loc 1 14 2 view .LVU1
  35              		.loc 1 14 5 is_stmt 0 view .LVU2
  36 0000 034A     		ldr	r2, .L2
  37 0002 D2F88830 		ldr	r3, [r2, #136]
  38              		.loc 1 14 13 view .LVU3
  39 0006 43F47003 		orr	r3, r3, #15728640
  40 000a C2F88830 		str	r3, [r2, #136]
  15:Core/Src/sys_init.c **** 
  16:Core/Src/sys_init.c **** 
  17:Core/Src/sys_init.c **** }
  41              		.loc 1 17 1 view .LVU4
ARM GAS  C:\Users\pashk\AppData\Local\Temp\ccBdZQbg.s 			page 2


  42 000e 7047     		bx	lr
  43              	.L3:
  44              		.align	2
  45              	.L2:
  46 0010 00ED00E0 		.word	-536810240
  47              		.cfi_endproc
  48              	.LFE130:
  50              		.text
  51              	.Letext0:
  52              		.file 2 "C:/Users/pashk/Desktop/\302\240/tools/Make/xpack-arm-none-eabi-gcc-13.2.1-1.1-win32-x64/x
  53              		.file 3 "C:/Users/pashk/Desktop/\302\240/tools/Make/xpack-arm-none-eabi-gcc-13.2.1-1.1-win32-x64/x
  54              		.file 4 "CMSIS/Include/core_cm4.h"
ARM GAS  C:\Users\pashk\AppData\Local\Temp\ccBdZQbg.s 			page 3


DEFINED SYMBOLS
                            *ABS*:00000000 sys_init.c
C:\Users\pashk\AppData\Local\Temp\ccBdZQbg.s:21     .text.SystemInit:00000000 $t
C:\Users\pashk\AppData\Local\Temp\ccBdZQbg.s:27     .text.SystemInit:00000000 SystemInit
C:\Users\pashk\AppData\Local\Temp\ccBdZQbg.s:46     .text.SystemInit:00000010 $d

NO UNDEFINED SYMBOLS
