ARM GAS  C:\Users\pashk\AppData\Local\Temp\ccm3Obgu.s 			page 1


   1              		.cpu cortex-m4
   2              		.arch armv7e-m
   3              		.fpu fpv4-sp-d16
   4              		.eabi_attribute 27, 1
   5              		.eabi_attribute 28, 1
   6              		.eabi_attribute 20, 1
   7              		.eabi_attribute 21, 1
   8              		.eabi_attribute 23, 3
   9              		.eabi_attribute 24, 1
  10              		.eabi_attribute 25, 1
  11              		.eabi_attribute 26, 1
  12              		.eabi_attribute 30, 1
  13              		.eabi_attribute 34, 1
  14              		.eabi_attribute 18, 4
  15              		.file	"system_stm32f4xx.c"
  16              		.text
  17              	.Ltext0:
  18              		.cfi_sections	.debug_frame
  19              		.file 1 "CMSIS/Devices/STM32F4xx/Src/system_stm32f4xx.c"
  20              		.section	.text.SystemInit,"ax",%progbits
  21              		.align	1
  22              		.global	SystemInit
  23              		.syntax unified
  24              		.thumb
  25              		.thumb_func
  27              	SystemInit:
  28              	.LFB130:
   1:CMSIS/Devices/STM32F4xx/Src/system_stm32f4xx.c **** /**
   2:CMSIS/Devices/STM32F4xx/Src/system_stm32f4xx.c ****   ******************************************************************************
   3:CMSIS/Devices/STM32F4xx/Src/system_stm32f4xx.c ****   * @file    system_stm32f4xx.c
   4:CMSIS/Devices/STM32F4xx/Src/system_stm32f4xx.c ****   * @author  MCD Application Team
   5:CMSIS/Devices/STM32F4xx/Src/system_stm32f4xx.c ****   * @brief   CMSIS Cortex-M4 Device Peripheral Access Layer System Source File.
   6:CMSIS/Devices/STM32F4xx/Src/system_stm32f4xx.c ****   *
   7:CMSIS/Devices/STM32F4xx/Src/system_stm32f4xx.c ****   *   This file provides two functions and one global variable to be called from 
   8:CMSIS/Devices/STM32F4xx/Src/system_stm32f4xx.c ****   *   user application:
   9:CMSIS/Devices/STM32F4xx/Src/system_stm32f4xx.c ****   *      - SystemInit(): This function is called at startup just after reset and 
  10:CMSIS/Devices/STM32F4xx/Src/system_stm32f4xx.c ****   *                      before branch to main program. This call is made inside
  11:CMSIS/Devices/STM32F4xx/Src/system_stm32f4xx.c ****   *                      the "startup_stm32f4xx.s" file.
  12:CMSIS/Devices/STM32F4xx/Src/system_stm32f4xx.c ****   *
  13:CMSIS/Devices/STM32F4xx/Src/system_stm32f4xx.c ****   *      - SystemCoreClock variable: Contains the core clock (HCLK), it can be used
  14:CMSIS/Devices/STM32F4xx/Src/system_stm32f4xx.c ****   *                                  by the user application to setup the SysTick 
  15:CMSIS/Devices/STM32F4xx/Src/system_stm32f4xx.c ****   *                                  timer or configure other parameters.
  16:CMSIS/Devices/STM32F4xx/Src/system_stm32f4xx.c ****   *                                     
  17:CMSIS/Devices/STM32F4xx/Src/system_stm32f4xx.c ****   *      - SystemCoreClockUpdate(): Updates the variable SystemCoreClock and must
  18:CMSIS/Devices/STM32F4xx/Src/system_stm32f4xx.c ****   *                                 be called whenever the core clock is changed
  19:CMSIS/Devices/STM32F4xx/Src/system_stm32f4xx.c ****   *                                 during program execution.
  20:CMSIS/Devices/STM32F4xx/Src/system_stm32f4xx.c ****   *
  21:CMSIS/Devices/STM32F4xx/Src/system_stm32f4xx.c ****   *
  22:CMSIS/Devices/STM32F4xx/Src/system_stm32f4xx.c ****   ******************************************************************************
  23:CMSIS/Devices/STM32F4xx/Src/system_stm32f4xx.c ****   * @attention
  24:CMSIS/Devices/STM32F4xx/Src/system_stm32f4xx.c ****   *
  25:CMSIS/Devices/STM32F4xx/Src/system_stm32f4xx.c ****   * Copyright (c) 2017 STMicroelectronics.
  26:CMSIS/Devices/STM32F4xx/Src/system_stm32f4xx.c ****   * All rights reserved.
  27:CMSIS/Devices/STM32F4xx/Src/system_stm32f4xx.c ****   *
  28:CMSIS/Devices/STM32F4xx/Src/system_stm32f4xx.c ****   * This software is licensed under terms that can be found in the LICENSE file
  29:CMSIS/Devices/STM32F4xx/Src/system_stm32f4xx.c ****   * in the root directory of this software component.
  30:CMSIS/Devices/STM32F4xx/Src/system_stm32f4xx.c ****   * If no LICENSE file comes with this software, it is provided AS-IS.
ARM GAS  C:\Users\pashk\AppData\Local\Temp\ccm3Obgu.s 			page 2


  31:CMSIS/Devices/STM32F4xx/Src/system_stm32f4xx.c ****   *
  32:CMSIS/Devices/STM32F4xx/Src/system_stm32f4xx.c ****   ******************************************************************************
  33:CMSIS/Devices/STM32F4xx/Src/system_stm32f4xx.c ****   */
  34:CMSIS/Devices/STM32F4xx/Src/system_stm32f4xx.c **** 
  35:CMSIS/Devices/STM32F4xx/Src/system_stm32f4xx.c **** /** @addtogroup CMSIS
  36:CMSIS/Devices/STM32F4xx/Src/system_stm32f4xx.c ****   * @{
  37:CMSIS/Devices/STM32F4xx/Src/system_stm32f4xx.c ****   */
  38:CMSIS/Devices/STM32F4xx/Src/system_stm32f4xx.c **** 
  39:CMSIS/Devices/STM32F4xx/Src/system_stm32f4xx.c **** /** @addtogroup stm32f4xx_system
  40:CMSIS/Devices/STM32F4xx/Src/system_stm32f4xx.c ****   * @{
  41:CMSIS/Devices/STM32F4xx/Src/system_stm32f4xx.c ****   */  
  42:CMSIS/Devices/STM32F4xx/Src/system_stm32f4xx.c ****   
  43:CMSIS/Devices/STM32F4xx/Src/system_stm32f4xx.c **** /** @addtogroup STM32F4xx_System_Private_Includes
  44:CMSIS/Devices/STM32F4xx/Src/system_stm32f4xx.c ****   * @{
  45:CMSIS/Devices/STM32F4xx/Src/system_stm32f4xx.c ****   */
  46:CMSIS/Devices/STM32F4xx/Src/system_stm32f4xx.c **** 
  47:CMSIS/Devices/STM32F4xx/Src/system_stm32f4xx.c **** 
  48:CMSIS/Devices/STM32F4xx/Src/system_stm32f4xx.c **** #include "stm32f4xx.h"
  49:CMSIS/Devices/STM32F4xx/Src/system_stm32f4xx.c **** 
  50:CMSIS/Devices/STM32F4xx/Src/system_stm32f4xx.c **** #include "stm32f411xe.h"
  51:CMSIS/Devices/STM32F4xx/Src/system_stm32f4xx.c **** #include <stdint.h>
  52:CMSIS/Devices/STM32F4xx/Src/system_stm32f4xx.c **** 
  53:CMSIS/Devices/STM32F4xx/Src/system_stm32f4xx.c **** #if !defined  (HSE_VALUE) 
  54:CMSIS/Devices/STM32F4xx/Src/system_stm32f4xx.c ****   #define HSE_VALUE    ((uint32_t)25000000) /*!< Default value of the External oscillator in Hz */
  55:CMSIS/Devices/STM32F4xx/Src/system_stm32f4xx.c **** #endif /* HSE_VALUE */
  56:CMSIS/Devices/STM32F4xx/Src/system_stm32f4xx.c **** 
  57:CMSIS/Devices/STM32F4xx/Src/system_stm32f4xx.c **** #if !defined  (HSI_VALUE)
  58:CMSIS/Devices/STM32F4xx/Src/system_stm32f4xx.c ****   #define HSI_VALUE    ((uint32_t)16000000) /*!< Value of the Internal oscillator in Hz*/
  59:CMSIS/Devices/STM32F4xx/Src/system_stm32f4xx.c **** #endif /* HSI_VALUE */
  60:CMSIS/Devices/STM32F4xx/Src/system_stm32f4xx.c **** 
  61:CMSIS/Devices/STM32F4xx/Src/system_stm32f4xx.c **** /**
  62:CMSIS/Devices/STM32F4xx/Src/system_stm32f4xx.c ****   * @}
  63:CMSIS/Devices/STM32F4xx/Src/system_stm32f4xx.c ****   */
  64:CMSIS/Devices/STM32F4xx/Src/system_stm32f4xx.c **** 
  65:CMSIS/Devices/STM32F4xx/Src/system_stm32f4xx.c **** /** @addtogroup STM32F4xx_System_Private_TypesDefinitions
  66:CMSIS/Devices/STM32F4xx/Src/system_stm32f4xx.c ****   * @{
  67:CMSIS/Devices/STM32F4xx/Src/system_stm32f4xx.c ****   */
  68:CMSIS/Devices/STM32F4xx/Src/system_stm32f4xx.c **** 
  69:CMSIS/Devices/STM32F4xx/Src/system_stm32f4xx.c **** /**
  70:CMSIS/Devices/STM32F4xx/Src/system_stm32f4xx.c ****   * @}
  71:CMSIS/Devices/STM32F4xx/Src/system_stm32f4xx.c ****   */
  72:CMSIS/Devices/STM32F4xx/Src/system_stm32f4xx.c **** 
  73:CMSIS/Devices/STM32F4xx/Src/system_stm32f4xx.c **** /** @addtogroup STM32F4xx_System_Private_Defines
  74:CMSIS/Devices/STM32F4xx/Src/system_stm32f4xx.c ****   * @{
  75:CMSIS/Devices/STM32F4xx/Src/system_stm32f4xx.c ****   */
  76:CMSIS/Devices/STM32F4xx/Src/system_stm32f4xx.c **** 
  77:CMSIS/Devices/STM32F4xx/Src/system_stm32f4xx.c **** /************************* Miscellaneous Configuration ************************/
  78:CMSIS/Devices/STM32F4xx/Src/system_stm32f4xx.c **** /*!< Uncomment the following line if you need to use external SRAM or SDRAM as data memory  */
  79:CMSIS/Devices/STM32F4xx/Src/system_stm32f4xx.c **** #if defined(STM32F405xx) || defined(STM32F415xx) || defined(STM32F407xx) || defined(STM32F417xx)\
  80:CMSIS/Devices/STM32F4xx/Src/system_stm32f4xx.c ****  || defined(STM32F427xx) || defined(STM32F437xx) || defined(STM32F429xx) || defined(STM32F439xx)\
  81:CMSIS/Devices/STM32F4xx/Src/system_stm32f4xx.c ****  || defined(STM32F469xx) || defined(STM32F479xx) || defined(STM32F412Zx) || defined(STM32F412Vx)
  82:CMSIS/Devices/STM32F4xx/Src/system_stm32f4xx.c **** /* #define DATA_IN_ExtSRAM */
  83:CMSIS/Devices/STM32F4xx/Src/system_stm32f4xx.c **** #endif /* STM32F40xxx || STM32F41xxx || STM32F42xxx || STM32F43xxx || STM32F469xx || STM32F479xx ||
  84:CMSIS/Devices/STM32F4xx/Src/system_stm32f4xx.c ****           STM32F412Zx || STM32F412Vx */
  85:CMSIS/Devices/STM32F4xx/Src/system_stm32f4xx.c ****  
  86:CMSIS/Devices/STM32F4xx/Src/system_stm32f4xx.c **** #if defined(STM32F427xx) || defined(STM32F437xx) || defined(STM32F429xx) || defined(STM32F439xx)\
  87:CMSIS/Devices/STM32F4xx/Src/system_stm32f4xx.c ****  || defined(STM32F446xx) || defined(STM32F469xx) || defined(STM32F479xx)
ARM GAS  C:\Users\pashk\AppData\Local\Temp\ccm3Obgu.s 			page 3


  88:CMSIS/Devices/STM32F4xx/Src/system_stm32f4xx.c **** /* #define DATA_IN_ExtSDRAM */
  89:CMSIS/Devices/STM32F4xx/Src/system_stm32f4xx.c **** #endif /* STM32F427xx || STM32F437xx || STM32F429xx || STM32F439xx || STM32F446xx || STM32F469xx ||
  90:CMSIS/Devices/STM32F4xx/Src/system_stm32f4xx.c ****           STM32F479xx */
  91:CMSIS/Devices/STM32F4xx/Src/system_stm32f4xx.c **** 
  92:CMSIS/Devices/STM32F4xx/Src/system_stm32f4xx.c **** /* Note: Following vector table addresses must be defined in line with linker
  93:CMSIS/Devices/STM32F4xx/Src/system_stm32f4xx.c ****          configuration. */
  94:CMSIS/Devices/STM32F4xx/Src/system_stm32f4xx.c **** /*!< Uncomment the following line if you need to relocate the vector table
  95:CMSIS/Devices/STM32F4xx/Src/system_stm32f4xx.c ****      anywhere in Flash or Sram, else the vector table is kept at the automatic
  96:CMSIS/Devices/STM32F4xx/Src/system_stm32f4xx.c ****      remap of boot address selected */
  97:CMSIS/Devices/STM32F4xx/Src/system_stm32f4xx.c **** /* #define USER_VECT_TAB_ADDRESS */
  98:CMSIS/Devices/STM32F4xx/Src/system_stm32f4xx.c **** 
  99:CMSIS/Devices/STM32F4xx/Src/system_stm32f4xx.c **** #if defined(USER_VECT_TAB_ADDRESS)
 100:CMSIS/Devices/STM32F4xx/Src/system_stm32f4xx.c **** /*!< Uncomment the following line if you need to relocate your vector Table
 101:CMSIS/Devices/STM32F4xx/Src/system_stm32f4xx.c ****      in Sram else user remap will be done in Flash. */
 102:CMSIS/Devices/STM32F4xx/Src/system_stm32f4xx.c **** /* #define VECT_TAB_SRAM */
 103:CMSIS/Devices/STM32F4xx/Src/system_stm32f4xx.c **** #if defined(VECT_TAB_SRAM)
 104:CMSIS/Devices/STM32F4xx/Src/system_stm32f4xx.c **** #define VECT_TAB_BASE_ADDRESS   SRAM_BASE       /*!< Vector Table base address field.
 105:CMSIS/Devices/STM32F4xx/Src/system_stm32f4xx.c ****                                                      This value must be a multiple of 0x200. */
 106:CMSIS/Devices/STM32F4xx/Src/system_stm32f4xx.c **** #define VECT_TAB_OFFSET         0x00000000U     /*!< Vector Table base offset field.
 107:CMSIS/Devices/STM32F4xx/Src/system_stm32f4xx.c ****                                                      This value must be a multiple of 0x200. */
 108:CMSIS/Devices/STM32F4xx/Src/system_stm32f4xx.c **** #else
 109:CMSIS/Devices/STM32F4xx/Src/system_stm32f4xx.c **** #define VECT_TAB_BASE_ADDRESS   FLASH_BASE      /*!< Vector Table base address field.
 110:CMSIS/Devices/STM32F4xx/Src/system_stm32f4xx.c ****                                                      This value must be a multiple of 0x200. */
 111:CMSIS/Devices/STM32F4xx/Src/system_stm32f4xx.c **** #define VECT_TAB_OFFSET         0x00000000U     /*!< Vector Table base offset field.
 112:CMSIS/Devices/STM32F4xx/Src/system_stm32f4xx.c ****                                                      This value must be a multiple of 0x200. */
 113:CMSIS/Devices/STM32F4xx/Src/system_stm32f4xx.c **** #endif /* VECT_TAB_SRAM */
 114:CMSIS/Devices/STM32F4xx/Src/system_stm32f4xx.c **** #endif /* USER_VECT_TAB_ADDRESS */
 115:CMSIS/Devices/STM32F4xx/Src/system_stm32f4xx.c **** /******************************************************************************/
 116:CMSIS/Devices/STM32F4xx/Src/system_stm32f4xx.c **** 
 117:CMSIS/Devices/STM32F4xx/Src/system_stm32f4xx.c **** /**
 118:CMSIS/Devices/STM32F4xx/Src/system_stm32f4xx.c ****   * @}
 119:CMSIS/Devices/STM32F4xx/Src/system_stm32f4xx.c ****   */
 120:CMSIS/Devices/STM32F4xx/Src/system_stm32f4xx.c **** 
 121:CMSIS/Devices/STM32F4xx/Src/system_stm32f4xx.c **** /** @addtogroup STM32F4xx_System_Private_Macros
 122:CMSIS/Devices/STM32F4xx/Src/system_stm32f4xx.c ****   * @{
 123:CMSIS/Devices/STM32F4xx/Src/system_stm32f4xx.c ****   */
 124:CMSIS/Devices/STM32F4xx/Src/system_stm32f4xx.c **** 
 125:CMSIS/Devices/STM32F4xx/Src/system_stm32f4xx.c **** /**
 126:CMSIS/Devices/STM32F4xx/Src/system_stm32f4xx.c ****   * @}
 127:CMSIS/Devices/STM32F4xx/Src/system_stm32f4xx.c ****   */
 128:CMSIS/Devices/STM32F4xx/Src/system_stm32f4xx.c **** 
 129:CMSIS/Devices/STM32F4xx/Src/system_stm32f4xx.c **** /** @addtogroup STM32F4xx_System_Private_Variables
 130:CMSIS/Devices/STM32F4xx/Src/system_stm32f4xx.c ****   * @{
 131:CMSIS/Devices/STM32F4xx/Src/system_stm32f4xx.c ****   */
 132:CMSIS/Devices/STM32F4xx/Src/system_stm32f4xx.c ****   /* This variable is updated in three ways:
 133:CMSIS/Devices/STM32F4xx/Src/system_stm32f4xx.c ****       1) by calling CMSIS function SystemCoreClockUpdate()
 134:CMSIS/Devices/STM32F4xx/Src/system_stm32f4xx.c ****       2) by calling HAL API function HAL_RCC_GetHCLKFreq()
 135:CMSIS/Devices/STM32F4xx/Src/system_stm32f4xx.c ****       3) each time HAL_RCC_ClockConfig() is called to configure the system clock frequency 
 136:CMSIS/Devices/STM32F4xx/Src/system_stm32f4xx.c ****          Note: If you use this function to configure the system clock; then there
 137:CMSIS/Devices/STM32F4xx/Src/system_stm32f4xx.c ****                is no need to call the 2 first functions listed above, since SystemCoreClock
 138:CMSIS/Devices/STM32F4xx/Src/system_stm32f4xx.c ****                variable is updated automatically.
 139:CMSIS/Devices/STM32F4xx/Src/system_stm32f4xx.c ****   */
 140:CMSIS/Devices/STM32F4xx/Src/system_stm32f4xx.c **** uint32_t SystemCoreClock = 16000000;
 141:CMSIS/Devices/STM32F4xx/Src/system_stm32f4xx.c **** const uint8_t AHBPrescTable[16] = {0, 0, 0, 0, 0, 0, 0, 0, 1, 2, 3, 4, 6, 7, 8, 9};
 142:CMSIS/Devices/STM32F4xx/Src/system_stm32f4xx.c **** const uint8_t APBPrescTable[8]  = {0, 0, 0, 0, 1, 2, 3, 4};
 143:CMSIS/Devices/STM32F4xx/Src/system_stm32f4xx.c **** /**
 144:CMSIS/Devices/STM32F4xx/Src/system_stm32f4xx.c ****   * @}
ARM GAS  C:\Users\pashk\AppData\Local\Temp\ccm3Obgu.s 			page 4


 145:CMSIS/Devices/STM32F4xx/Src/system_stm32f4xx.c ****   */
 146:CMSIS/Devices/STM32F4xx/Src/system_stm32f4xx.c **** 
 147:CMSIS/Devices/STM32F4xx/Src/system_stm32f4xx.c **** /** @addtogroup STM32F4xx_System_Private_FunctionPrototypes
 148:CMSIS/Devices/STM32F4xx/Src/system_stm32f4xx.c ****   * @{
 149:CMSIS/Devices/STM32F4xx/Src/system_stm32f4xx.c ****   */
 150:CMSIS/Devices/STM32F4xx/Src/system_stm32f4xx.c **** 
 151:CMSIS/Devices/STM32F4xx/Src/system_stm32f4xx.c **** #if defined (DATA_IN_ExtSRAM) || defined (DATA_IN_ExtSDRAM)
 152:CMSIS/Devices/STM32F4xx/Src/system_stm32f4xx.c ****   static void SystemInit_ExtMemCtl(void); 
 153:CMSIS/Devices/STM32F4xx/Src/system_stm32f4xx.c **** #endif /* DATA_IN_ExtSRAM || DATA_IN_ExtSDRAM */
 154:CMSIS/Devices/STM32F4xx/Src/system_stm32f4xx.c **** 
 155:CMSIS/Devices/STM32F4xx/Src/system_stm32f4xx.c **** /**
 156:CMSIS/Devices/STM32F4xx/Src/system_stm32f4xx.c ****   * @}
 157:CMSIS/Devices/STM32F4xx/Src/system_stm32f4xx.c ****   */
 158:CMSIS/Devices/STM32F4xx/Src/system_stm32f4xx.c **** 
 159:CMSIS/Devices/STM32F4xx/Src/system_stm32f4xx.c **** /** @addtogroup STM32F4xx_System_Private_Functions
 160:CMSIS/Devices/STM32F4xx/Src/system_stm32f4xx.c ****   * @{
 161:CMSIS/Devices/STM32F4xx/Src/system_stm32f4xx.c ****   */
 162:CMSIS/Devices/STM32F4xx/Src/system_stm32f4xx.c **** 
 163:CMSIS/Devices/STM32F4xx/Src/system_stm32f4xx.c **** /**
 164:CMSIS/Devices/STM32F4xx/Src/system_stm32f4xx.c ****   * @brief  Setup the microcontroller system
 165:CMSIS/Devices/STM32F4xx/Src/system_stm32f4xx.c ****   *         Initialize the FPU setting, vector table location and External memory 
 166:CMSIS/Devices/STM32F4xx/Src/system_stm32f4xx.c ****   *         configuration.
 167:CMSIS/Devices/STM32F4xx/Src/system_stm32f4xx.c ****   * @param  None
 168:CMSIS/Devices/STM32F4xx/Src/system_stm32f4xx.c ****   * @retval None
 169:CMSIS/Devices/STM32F4xx/Src/system_stm32f4xx.c ****   */
 170:CMSIS/Devices/STM32F4xx/Src/system_stm32f4xx.c **** void SystemInit(void)
 171:CMSIS/Devices/STM32F4xx/Src/system_stm32f4xx.c **** {
  29              		.loc 1 171 1 view -0
  30              		.cfi_startproc
  31              		@ args = 0, pretend = 0, frame = 0
  32              		@ frame_needed = 0, uses_anonymous_args = 0
  33              		@ link register save eliminated.
 172:CMSIS/Devices/STM32F4xx/Src/system_stm32f4xx.c ****   /* FPU settings ------------------------------------------------------------*/
 173:CMSIS/Devices/STM32F4xx/Src/system_stm32f4xx.c ****   #if (__FPU_PRESENT == 1) && (__FPU_USED == 1) //It's been changed. Original value __FPU_USED == 1
 174:CMSIS/Devices/STM32F4xx/Src/system_stm32f4xx.c ****     SCB->CPACR |= ((3UL << 10*2)|(3UL << 11*2));  /* set CP10 and CP11 Full Access */
  34              		.loc 1 174 5 view .LVU1
  35              		.loc 1 174 8 is_stmt 0 view .LVU2
  36 0000 034A     		ldr	r2, .L2
  37 0002 D2F88830 		ldr	r3, [r2, #136]
  38              		.loc 1 174 16 view .LVU3
  39 0006 43F47003 		orr	r3, r3, #15728640
  40 000a C2F88830 		str	r3, [r2, #136]
 175:CMSIS/Devices/STM32F4xx/Src/system_stm32f4xx.c ****   #endif
 176:CMSIS/Devices/STM32F4xx/Src/system_stm32f4xx.c **** 
 177:CMSIS/Devices/STM32F4xx/Src/system_stm32f4xx.c **** #if defined (DATA_IN_ExtSRAM) || defined (DATA_IN_ExtSDRAM)
 178:CMSIS/Devices/STM32F4xx/Src/system_stm32f4xx.c ****   SystemInit_ExtMemCtl(); 
 179:CMSIS/Devices/STM32F4xx/Src/system_stm32f4xx.c **** #endif /* DATA_IN_ExtSRAM || DATA_IN_ExtSDRAM */
 180:CMSIS/Devices/STM32F4xx/Src/system_stm32f4xx.c **** 
 181:CMSIS/Devices/STM32F4xx/Src/system_stm32f4xx.c ****   /* Configure the Vector Table location -------------------------------------*/
 182:CMSIS/Devices/STM32F4xx/Src/system_stm32f4xx.c **** #if defined(USER_VECT_TAB_ADDRESS)
 183:CMSIS/Devices/STM32F4xx/Src/system_stm32f4xx.c ****   SCB->VTOR = VECT_TAB_BASE_ADDRESS | VECT_TAB_OFFSET; /* Vector Table Relocation in Internal SRAM 
 184:CMSIS/Devices/STM32F4xx/Src/system_stm32f4xx.c **** #endif /* USER_VECT_TAB_ADDRESS */
 185:CMSIS/Devices/STM32F4xx/Src/system_stm32f4xx.c **** }
  41              		.loc 1 185 1 view .LVU4
  42 000e 7047     		bx	lr
  43              	.L3:
  44              		.align	2
ARM GAS  C:\Users\pashk\AppData\Local\Temp\ccm3Obgu.s 			page 5


  45              	.L2:
  46 0010 00ED00E0 		.word	-536810240
  47              		.cfi_endproc
  48              	.LFE130:
  50              		.section	.text.SystemCoreClockUpdate,"ax",%progbits
  51              		.align	1
  52              		.global	SystemCoreClockUpdate
  53              		.syntax unified
  54              		.thumb
  55              		.thumb_func
  57              	SystemCoreClockUpdate:
  58              	.LFB131:
 186:CMSIS/Devices/STM32F4xx/Src/system_stm32f4xx.c **** 
 187:CMSIS/Devices/STM32F4xx/Src/system_stm32f4xx.c **** /**
 188:CMSIS/Devices/STM32F4xx/Src/system_stm32f4xx.c ****    * @brief  Update SystemCoreClock variable according to Clock Register Values.
 189:CMSIS/Devices/STM32F4xx/Src/system_stm32f4xx.c ****   *         The SystemCoreClock variable contains the core clock (HCLK), it can
 190:CMSIS/Devices/STM32F4xx/Src/system_stm32f4xx.c ****   *         be used by the user application to setup the SysTick timer or configure
 191:CMSIS/Devices/STM32F4xx/Src/system_stm32f4xx.c ****   *         other parameters.
 192:CMSIS/Devices/STM32F4xx/Src/system_stm32f4xx.c ****   *           
 193:CMSIS/Devices/STM32F4xx/Src/system_stm32f4xx.c ****   * @note   Each time the core clock (HCLK) changes, this function must be called
 194:CMSIS/Devices/STM32F4xx/Src/system_stm32f4xx.c ****   *         to update SystemCoreClock variable value. Otherwise, any configuration
 195:CMSIS/Devices/STM32F4xx/Src/system_stm32f4xx.c ****   *         based on this variable will be incorrect.         
 196:CMSIS/Devices/STM32F4xx/Src/system_stm32f4xx.c ****   *     
 197:CMSIS/Devices/STM32F4xx/Src/system_stm32f4xx.c ****   * @note   - The system frequency computed by this function is not the real 
 198:CMSIS/Devices/STM32F4xx/Src/system_stm32f4xx.c ****   *           frequency in the chip. It is calculated based on the predefined 
 199:CMSIS/Devices/STM32F4xx/Src/system_stm32f4xx.c ****   *           constant and the selected clock source:
 200:CMSIS/Devices/STM32F4xx/Src/system_stm32f4xx.c ****   *             
 201:CMSIS/Devices/STM32F4xx/Src/system_stm32f4xx.c ****   *           - If SYSCLK source is HSI, SystemCoreClock will contain the HSI_VALUE(*)
 202:CMSIS/Devices/STM32F4xx/Src/system_stm32f4xx.c ****   *                                              
 203:CMSIS/Devices/STM32F4xx/Src/system_stm32f4xx.c ****   *           - If SYSCLK source is HSE, SystemCoreClock will contain the HSE_VALUE(**)
 204:CMSIS/Devices/STM32F4xx/Src/system_stm32f4xx.c ****   *                          
 205:CMSIS/Devices/STM32F4xx/Src/system_stm32f4xx.c ****   *           - If SYSCLK source is PLL, SystemCoreClock will contain the HSE_VALUE(**) 
 206:CMSIS/Devices/STM32F4xx/Src/system_stm32f4xx.c ****   *             or HSI_VALUE(*) multiplied/divided by the PLL factors.
 207:CMSIS/Devices/STM32F4xx/Src/system_stm32f4xx.c ****   *         
 208:CMSIS/Devices/STM32F4xx/Src/system_stm32f4xx.c ****   *         (*) HSI_VALUE is a constant defined in stm32f4xx_hal_conf.h file (default value
 209:CMSIS/Devices/STM32F4xx/Src/system_stm32f4xx.c ****   *             16 MHz) but the real value may vary depending on the variations
 210:CMSIS/Devices/STM32F4xx/Src/system_stm32f4xx.c ****   *             in voltage and temperature.   
 211:CMSIS/Devices/STM32F4xx/Src/system_stm32f4xx.c ****   *    
 212:CMSIS/Devices/STM32F4xx/Src/system_stm32f4xx.c ****   *         (**) HSE_VALUE is a constant defined in stm32f4xx_hal_conf.h file (its value
 213:CMSIS/Devices/STM32F4xx/Src/system_stm32f4xx.c ****   *              depends on the application requirements), user has to ensure that HSE_VALUE
 214:CMSIS/Devices/STM32F4xx/Src/system_stm32f4xx.c ****   *              is same as the real frequency of the crystal used. Otherwise, this function
 215:CMSIS/Devices/STM32F4xx/Src/system_stm32f4xx.c ****   *              may have wrong result.
 216:CMSIS/Devices/STM32F4xx/Src/system_stm32f4xx.c ****   *                
 217:CMSIS/Devices/STM32F4xx/Src/system_stm32f4xx.c ****   *         - The result of this function could be not correct when using fractional
 218:CMSIS/Devices/STM32F4xx/Src/system_stm32f4xx.c ****   *           value for HSE crystal.
 219:CMSIS/Devices/STM32F4xx/Src/system_stm32f4xx.c ****   *     
 220:CMSIS/Devices/STM32F4xx/Src/system_stm32f4xx.c ****   * @param  None
 221:CMSIS/Devices/STM32F4xx/Src/system_stm32f4xx.c ****   * @retval None
 222:CMSIS/Devices/STM32F4xx/Src/system_stm32f4xx.c ****   */
 223:CMSIS/Devices/STM32F4xx/Src/system_stm32f4xx.c **** void SystemCoreClockUpdate(void)
 224:CMSIS/Devices/STM32F4xx/Src/system_stm32f4xx.c **** {
  59              		.loc 1 224 1 is_stmt 1 view -0
  60              		.cfi_startproc
  61              		@ args = 0, pretend = 0, frame = 0
  62              		@ frame_needed = 0, uses_anonymous_args = 0
  63              		@ link register save eliminated.
 225:CMSIS/Devices/STM32F4xx/Src/system_stm32f4xx.c ****   uint32_t tmp = 0, pllvco = 0, pllp = 2, pllsource = 0, pllm = 2;
ARM GAS  C:\Users\pashk\AppData\Local\Temp\ccm3Obgu.s 			page 6


  64              		.loc 1 225 3 view .LVU6
  65              	.LVL0:
 226:CMSIS/Devices/STM32F4xx/Src/system_stm32f4xx.c ****   
 227:CMSIS/Devices/STM32F4xx/Src/system_stm32f4xx.c ****   /* Get SYSCLK source -------------------------------------------------------*/
 228:CMSIS/Devices/STM32F4xx/Src/system_stm32f4xx.c ****   tmp = RCC->CFGR & RCC_CFGR_SWS;
  66              		.loc 1 228 3 view .LVU7
  67              		.loc 1 228 12 is_stmt 0 view .LVU8
  68 0000 224B     		ldr	r3, .L11
  69 0002 9B68     		ldr	r3, [r3, #8]
  70              		.loc 1 228 7 view .LVU9
  71 0004 03F00C03 		and	r3, r3, #12
  72              	.LVL1:
 229:CMSIS/Devices/STM32F4xx/Src/system_stm32f4xx.c **** 
 230:CMSIS/Devices/STM32F4xx/Src/system_stm32f4xx.c ****   switch (tmp)
  73              		.loc 1 230 3 is_stmt 1 view .LVU10
  74 0008 042B     		cmp	r3, #4
  75 000a 11D0     		beq	.L5
  76 000c 082B     		cmp	r3, #8
  77 000e 13D0     		beq	.L6
  78 0010 002B     		cmp	r3, #0
  79 0012 37D1     		bne	.L7
 231:CMSIS/Devices/STM32F4xx/Src/system_stm32f4xx.c ****   {
 232:CMSIS/Devices/STM32F4xx/Src/system_stm32f4xx.c ****     case 0x00:  /* HSI used as system clock source */
 233:CMSIS/Devices/STM32F4xx/Src/system_stm32f4xx.c ****       SystemCoreClock = HSI_VALUE;
  80              		.loc 1 233 7 view .LVU11
  81              		.loc 1 233 23 is_stmt 0 view .LVU12
  82 0014 1E4B     		ldr	r3, .L11+4
  83              	.LVL2:
  84              		.loc 1 233 23 view .LVU13
  85 0016 1F4A     		ldr	r2, .L11+8
  86 0018 1A60     		str	r2, [r3]
 234:CMSIS/Devices/STM32F4xx/Src/system_stm32f4xx.c ****       break;
  87              		.loc 1 234 7 is_stmt 1 view .LVU14
  88              	.LVL3:
  89              	.L8:
 235:CMSIS/Devices/STM32F4xx/Src/system_stm32f4xx.c ****     case 0x04:  /* HSE used as system clock source */
 236:CMSIS/Devices/STM32F4xx/Src/system_stm32f4xx.c ****       SystemCoreClock = HSE_VALUE;
 237:CMSIS/Devices/STM32F4xx/Src/system_stm32f4xx.c ****       break;
 238:CMSIS/Devices/STM32F4xx/Src/system_stm32f4xx.c ****     case 0x08:  /* PLL used as system clock source */
 239:CMSIS/Devices/STM32F4xx/Src/system_stm32f4xx.c **** 
 240:CMSIS/Devices/STM32F4xx/Src/system_stm32f4xx.c ****       /* PLL_VCO = (HSE_VALUE or HSI_VALUE / PLL_M) * PLL_N
 241:CMSIS/Devices/STM32F4xx/Src/system_stm32f4xx.c ****          SYSCLK = PLL_VCO / PLL_P
 242:CMSIS/Devices/STM32F4xx/Src/system_stm32f4xx.c ****          */    
 243:CMSIS/Devices/STM32F4xx/Src/system_stm32f4xx.c ****       pllsource = (RCC->PLLCFGR & RCC_PLLCFGR_PLLSRC) >> 22;
 244:CMSIS/Devices/STM32F4xx/Src/system_stm32f4xx.c ****       pllm = RCC->PLLCFGR & RCC_PLLCFGR_PLLM;
 245:CMSIS/Devices/STM32F4xx/Src/system_stm32f4xx.c ****       
 246:CMSIS/Devices/STM32F4xx/Src/system_stm32f4xx.c ****       if (pllsource != 0)
 247:CMSIS/Devices/STM32F4xx/Src/system_stm32f4xx.c ****       {
 248:CMSIS/Devices/STM32F4xx/Src/system_stm32f4xx.c ****         /* HSE used as PLL clock source */
 249:CMSIS/Devices/STM32F4xx/Src/system_stm32f4xx.c ****         pllvco = (HSE_VALUE / pllm) * ((RCC->PLLCFGR & RCC_PLLCFGR_PLLN) >> 6);
 250:CMSIS/Devices/STM32F4xx/Src/system_stm32f4xx.c ****       }
 251:CMSIS/Devices/STM32F4xx/Src/system_stm32f4xx.c ****       else
 252:CMSIS/Devices/STM32F4xx/Src/system_stm32f4xx.c ****       {
 253:CMSIS/Devices/STM32F4xx/Src/system_stm32f4xx.c ****         /* HSI used as PLL clock source */
 254:CMSIS/Devices/STM32F4xx/Src/system_stm32f4xx.c ****         pllvco = (HSI_VALUE / pllm) * ((RCC->PLLCFGR & RCC_PLLCFGR_PLLN) >> 6);
 255:CMSIS/Devices/STM32F4xx/Src/system_stm32f4xx.c ****       }
 256:CMSIS/Devices/STM32F4xx/Src/system_stm32f4xx.c **** 
ARM GAS  C:\Users\pashk\AppData\Local\Temp\ccm3Obgu.s 			page 7


 257:CMSIS/Devices/STM32F4xx/Src/system_stm32f4xx.c ****       pllp = (((RCC->PLLCFGR & RCC_PLLCFGR_PLLP) >>16) + 1 ) *2;
 258:CMSIS/Devices/STM32F4xx/Src/system_stm32f4xx.c ****       SystemCoreClock = pllvco/pllp;
 259:CMSIS/Devices/STM32F4xx/Src/system_stm32f4xx.c ****       break;
 260:CMSIS/Devices/STM32F4xx/Src/system_stm32f4xx.c ****     default:
 261:CMSIS/Devices/STM32F4xx/Src/system_stm32f4xx.c ****       SystemCoreClock = HSI_VALUE;
 262:CMSIS/Devices/STM32F4xx/Src/system_stm32f4xx.c ****       break;
 263:CMSIS/Devices/STM32F4xx/Src/system_stm32f4xx.c ****   }
 264:CMSIS/Devices/STM32F4xx/Src/system_stm32f4xx.c ****   /* Compute HCLK frequency --------------------------------------------------*/
 265:CMSIS/Devices/STM32F4xx/Src/system_stm32f4xx.c ****   /* Get HCLK prescaler */
 266:CMSIS/Devices/STM32F4xx/Src/system_stm32f4xx.c ****   tmp = AHBPrescTable[((RCC->CFGR & RCC_CFGR_HPRE) >> 4)];
  90              		.loc 1 266 3 view .LVU15
  91              		.loc 1 266 28 is_stmt 0 view .LVU16
  92 001a 1C4B     		ldr	r3, .L11
  93 001c 9B68     		ldr	r3, [r3, #8]
  94              		.loc 1 266 52 view .LVU17
  95 001e C3F30313 		ubfx	r3, r3, #4, #4
  96              		.loc 1 266 22 view .LVU18
  97 0022 1D4A     		ldr	r2, .L11+12
  98 0024 D15C     		ldrb	r1, [r2, r3]	@ zero_extendqisi2
  99              	.LVL4:
 267:CMSIS/Devices/STM32F4xx/Src/system_stm32f4xx.c ****   /* HCLK frequency */
 268:CMSIS/Devices/STM32F4xx/Src/system_stm32f4xx.c ****   SystemCoreClock >>= tmp;
 100              		.loc 1 268 3 is_stmt 1 view .LVU19
 101              		.loc 1 268 19 is_stmt 0 view .LVU20
 102 0026 1A4A     		ldr	r2, .L11+4
 103 0028 1368     		ldr	r3, [r2]
 104 002a CB40     		lsrs	r3, r3, r1
 105 002c 1360     		str	r3, [r2]
 269:CMSIS/Devices/STM32F4xx/Src/system_stm32f4xx.c **** }
 106              		.loc 1 269 1 view .LVU21
 107 002e 7047     		bx	lr
 108              	.LVL5:
 109              	.L5:
 236:CMSIS/Devices/STM32F4xx/Src/system_stm32f4xx.c ****       break;
 110              		.loc 1 236 7 is_stmt 1 view .LVU22
 236:CMSIS/Devices/STM32F4xx/Src/system_stm32f4xx.c ****       break;
 111              		.loc 1 236 23 is_stmt 0 view .LVU23
 112 0030 174B     		ldr	r3, .L11+4
 113              	.LVL6:
 236:CMSIS/Devices/STM32F4xx/Src/system_stm32f4xx.c ****       break;
 114              		.loc 1 236 23 view .LVU24
 115 0032 1A4A     		ldr	r2, .L11+16
 116 0034 1A60     		str	r2, [r3]
 237:CMSIS/Devices/STM32F4xx/Src/system_stm32f4xx.c ****     case 0x08:  /* PLL used as system clock source */
 117              		.loc 1 237 7 is_stmt 1 view .LVU25
 118 0036 F0E7     		b	.L8
 119              	.LVL7:
 120              	.L6:
 243:CMSIS/Devices/STM32F4xx/Src/system_stm32f4xx.c ****       pllm = RCC->PLLCFGR & RCC_PLLCFGR_PLLM;
 121              		.loc 1 243 7 view .LVU26
 243:CMSIS/Devices/STM32F4xx/Src/system_stm32f4xx.c ****       pllm = RCC->PLLCFGR & RCC_PLLCFGR_PLLM;
 122              		.loc 1 243 23 is_stmt 0 view .LVU27
 123 0038 144B     		ldr	r3, .L11
 124              	.LVL8:
 243:CMSIS/Devices/STM32F4xx/Src/system_stm32f4xx.c ****       pllm = RCC->PLLCFGR & RCC_PLLCFGR_PLLM;
 125              		.loc 1 243 23 view .LVU28
 126 003a 5968     		ldr	r1, [r3, #4]
ARM GAS  C:\Users\pashk\AppData\Local\Temp\ccm3Obgu.s 			page 8


 127              	.LVL9:
 244:CMSIS/Devices/STM32F4xx/Src/system_stm32f4xx.c ****       
 128              		.loc 1 244 7 is_stmt 1 view .LVU29
 244:CMSIS/Devices/STM32F4xx/Src/system_stm32f4xx.c ****       
 129              		.loc 1 244 17 is_stmt 0 view .LVU30
 130 003c 5A68     		ldr	r2, [r3, #4]
 244:CMSIS/Devices/STM32F4xx/Src/system_stm32f4xx.c ****       
 131              		.loc 1 244 12 view .LVU31
 132 003e 02F03F02 		and	r2, r2, #63
 133              	.LVL10:
 246:CMSIS/Devices/STM32F4xx/Src/system_stm32f4xx.c ****       {
 134              		.loc 1 246 7 is_stmt 1 view .LVU32
 246:CMSIS/Devices/STM32F4xx/Src/system_stm32f4xx.c ****       {
 135              		.loc 1 246 10 is_stmt 0 view .LVU33
 136 0042 11F4800F 		tst	r1, #4194304
 137 0046 13D0     		beq	.L9
 249:CMSIS/Devices/STM32F4xx/Src/system_stm32f4xx.c ****       }
 138              		.loc 1 249 9 is_stmt 1 view .LVU34
 249:CMSIS/Devices/STM32F4xx/Src/system_stm32f4xx.c ****       }
 139              		.loc 1 249 29 is_stmt 0 view .LVU35
 140 0048 144B     		ldr	r3, .L11+16
 141 004a B3FBF2F3 		udiv	r3, r3, r2
 249:CMSIS/Devices/STM32F4xx/Src/system_stm32f4xx.c ****       }
 142              		.loc 1 249 44 view .LVU36
 143 004e 0F4A     		ldr	r2, .L11
 144              	.LVL11:
 249:CMSIS/Devices/STM32F4xx/Src/system_stm32f4xx.c ****       }
 145              		.loc 1 249 44 view .LVU37
 146 0050 5268     		ldr	r2, [r2, #4]
 249:CMSIS/Devices/STM32F4xx/Src/system_stm32f4xx.c ****       }
 147              		.loc 1 249 74 view .LVU38
 148 0052 C2F38812 		ubfx	r2, r2, #6, #9
 249:CMSIS/Devices/STM32F4xx/Src/system_stm32f4xx.c ****       }
 149              		.loc 1 249 16 view .LVU39
 150 0056 02FB03F3 		mul	r3, r2, r3
 151              	.LVL12:
 152              	.L10:
 257:CMSIS/Devices/STM32F4xx/Src/system_stm32f4xx.c ****       SystemCoreClock = pllvco/pllp;
 153              		.loc 1 257 7 is_stmt 1 view .LVU40
 257:CMSIS/Devices/STM32F4xx/Src/system_stm32f4xx.c ****       SystemCoreClock = pllvco/pllp;
 154              		.loc 1 257 20 is_stmt 0 view .LVU41
 155 005a 0C4A     		ldr	r2, .L11
 156 005c 5268     		ldr	r2, [r2, #4]
 257:CMSIS/Devices/STM32F4xx/Src/system_stm32f4xx.c ****       SystemCoreClock = pllvco/pllp;
 157              		.loc 1 257 50 view .LVU42
 158 005e C2F30142 		ubfx	r2, r2, #16, #2
 257:CMSIS/Devices/STM32F4xx/Src/system_stm32f4xx.c ****       SystemCoreClock = pllvco/pllp;
 159              		.loc 1 257 56 view .LVU43
 160 0062 0132     		adds	r2, r2, #1
 257:CMSIS/Devices/STM32F4xx/Src/system_stm32f4xx.c ****       SystemCoreClock = pllvco/pllp;
 161              		.loc 1 257 12 view .LVU44
 162 0064 5200     		lsls	r2, r2, #1
 163              	.LVL13:
 258:CMSIS/Devices/STM32F4xx/Src/system_stm32f4xx.c ****       break;
 164              		.loc 1 258 7 is_stmt 1 view .LVU45
 258:CMSIS/Devices/STM32F4xx/Src/system_stm32f4xx.c ****       break;
 165              		.loc 1 258 31 is_stmt 0 view .LVU46
ARM GAS  C:\Users\pashk\AppData\Local\Temp\ccm3Obgu.s 			page 9


 166 0066 B3FBF2F3 		udiv	r3, r3, r2
 167              	.LVL14:
 258:CMSIS/Devices/STM32F4xx/Src/system_stm32f4xx.c ****       break;
 168              		.loc 1 258 23 view .LVU47
 169 006a 094A     		ldr	r2, .L11+4
 170              	.LVL15:
 258:CMSIS/Devices/STM32F4xx/Src/system_stm32f4xx.c ****       break;
 171              		.loc 1 258 23 view .LVU48
 172 006c 1360     		str	r3, [r2]
 259:CMSIS/Devices/STM32F4xx/Src/system_stm32f4xx.c ****     default:
 173              		.loc 1 259 7 is_stmt 1 view .LVU49
 174 006e D4E7     		b	.L8
 175              	.LVL16:
 176              	.L9:
 254:CMSIS/Devices/STM32F4xx/Src/system_stm32f4xx.c ****       }
 177              		.loc 1 254 9 view .LVU50
 254:CMSIS/Devices/STM32F4xx/Src/system_stm32f4xx.c ****       }
 178              		.loc 1 254 29 is_stmt 0 view .LVU51
 179 0070 084B     		ldr	r3, .L11+8
 180 0072 B3FBF2F3 		udiv	r3, r3, r2
 254:CMSIS/Devices/STM32F4xx/Src/system_stm32f4xx.c ****       }
 181              		.loc 1 254 44 view .LVU52
 182 0076 054A     		ldr	r2, .L11
 183              	.LVL17:
 254:CMSIS/Devices/STM32F4xx/Src/system_stm32f4xx.c ****       }
 184              		.loc 1 254 44 view .LVU53
 185 0078 5268     		ldr	r2, [r2, #4]
 254:CMSIS/Devices/STM32F4xx/Src/system_stm32f4xx.c ****       }
 186              		.loc 1 254 74 view .LVU54
 187 007a C2F38812 		ubfx	r2, r2, #6, #9
 254:CMSIS/Devices/STM32F4xx/Src/system_stm32f4xx.c ****       }
 188              		.loc 1 254 16 view .LVU55
 189 007e 02FB03F3 		mul	r3, r2, r3
 190              	.LVL18:
 254:CMSIS/Devices/STM32F4xx/Src/system_stm32f4xx.c ****       }
 191              		.loc 1 254 16 view .LVU56
 192 0082 EAE7     		b	.L10
 193              	.LVL19:
 194              	.L7:
 261:CMSIS/Devices/STM32F4xx/Src/system_stm32f4xx.c ****       break;
 195              		.loc 1 261 7 is_stmt 1 view .LVU57
 261:CMSIS/Devices/STM32F4xx/Src/system_stm32f4xx.c ****       break;
 196              		.loc 1 261 23 is_stmt 0 view .LVU58
 197 0084 024B     		ldr	r3, .L11+4
 198              	.LVL20:
 261:CMSIS/Devices/STM32F4xx/Src/system_stm32f4xx.c ****       break;
 199              		.loc 1 261 23 view .LVU59
 200 0086 034A     		ldr	r2, .L11+8
 201 0088 1A60     		str	r2, [r3]
 262:CMSIS/Devices/STM32F4xx/Src/system_stm32f4xx.c ****   }
 202              		.loc 1 262 7 is_stmt 1 view .LVU60
 203 008a C6E7     		b	.L8
 204              	.L12:
 205              		.align	2
 206              	.L11:
 207 008c 00380240 		.word	1073887232
 208 0090 00000000 		.word	SystemCoreClock
ARM GAS  C:\Users\pashk\AppData\Local\Temp\ccm3Obgu.s 			page 10


 209 0094 0024F400 		.word	16000000
 210 0098 00000000 		.word	AHBPrescTable
 211 009c 40787D01 		.word	25000000
 212              		.cfi_endproc
 213              	.LFE131:
 215              		.global	APBPrescTable
 216              		.section	.rodata.APBPrescTable,"a"
 217              		.align	2
 220              	APBPrescTable:
 221 0000 00000000 		.ascii	"\000\000\000\000\001\002\003\004"
 221      01020304 
 222              		.global	AHBPrescTable
 223              		.section	.rodata.AHBPrescTable,"a"
 224              		.align	2
 227              	AHBPrescTable:
 228 0000 00000000 		.ascii	"\000\000\000\000\000\000\000\000\001\002\003\004\006"
 228      00000000 
 228      01020304 
 228      06
 229 000d 070809   		.ascii	"\007\010\011"
 230              		.global	SystemCoreClock
 231              		.section	.data.SystemCoreClock,"aw"
 232              		.align	2
 235              	SystemCoreClock:
 236 0000 0024F400 		.word	16000000
 237              		.text
 238              	.Letext0:
 239              		.file 2 "C:/Users/pashk/Desktop/\302\240/tools/Make/xpack-arm-none-eabi-gcc-13.2.1-1.1-win32-x64/x
 240              		.file 3 "C:/Users/pashk/Desktop/\302\240/tools/Make/xpack-arm-none-eabi-gcc-13.2.1-1.1-win32-x64/x
 241              		.file 4 "CMSIS/Include/core_cm4.h"
 242              		.file 5 "CMSIS/Devices/STM32F4xx/Inc/system_stm32f4xx.h"
 243              		.file 6 "CMSIS/Devices/STM32F4xx/Inc/STM32F411xE/stm32f411xe.h"
ARM GAS  C:\Users\pashk\AppData\Local\Temp\ccm3Obgu.s 			page 11


DEFINED SYMBOLS
                            *ABS*:00000000 system_stm32f4xx.c
C:\Users\pashk\AppData\Local\Temp\ccm3Obgu.s:21     .text.SystemInit:00000000 $t
C:\Users\pashk\AppData\Local\Temp\ccm3Obgu.s:27     .text.SystemInit:00000000 SystemInit
C:\Users\pashk\AppData\Local\Temp\ccm3Obgu.s:46     .text.SystemInit:00000010 $d
C:\Users\pashk\AppData\Local\Temp\ccm3Obgu.s:51     .text.SystemCoreClockUpdate:00000000 $t
C:\Users\pashk\AppData\Local\Temp\ccm3Obgu.s:57     .text.SystemCoreClockUpdate:00000000 SystemCoreClockUpdate
C:\Users\pashk\AppData\Local\Temp\ccm3Obgu.s:207    .text.SystemCoreClockUpdate:0000008c $d
C:\Users\pashk\AppData\Local\Temp\ccm3Obgu.s:235    .data.SystemCoreClock:00000000 SystemCoreClock
C:\Users\pashk\AppData\Local\Temp\ccm3Obgu.s:227    .rodata.AHBPrescTable:00000000 AHBPrescTable
C:\Users\pashk\AppData\Local\Temp\ccm3Obgu.s:220    .rodata.APBPrescTable:00000000 APBPrescTable
C:\Users\pashk\AppData\Local\Temp\ccm3Obgu.s:217    .rodata.APBPrescTable:00000000 $d
C:\Users\pashk\AppData\Local\Temp\ccm3Obgu.s:224    .rodata.AHBPrescTable:00000000 $d
C:\Users\pashk\AppData\Local\Temp\ccm3Obgu.s:232    .data.SystemCoreClock:00000000 $d

NO UNDEFINED SYMBOLS
